CMD:./cbp traces/compress/compress_6_trace.gz
5000000 instrs 
10000000 instrs 
15000000 instrs 
20000000 instrs 
25000000 instrs 
30000000 instrs 
EOF
WINDOW_SIZE = 1024
FETCH_WIDTH = 16
FETCH_NUM_BRANCH = 16
FETCH_STOP_AT_INDIRECT = 1
FETCH_STOP_AT_TAKEN = 1
FETCH_MODEL_ICACHE = 1
PERFECT_BRANCH_PRED = 0
PERFECT_INDIRECT_PRED = 1
PIPELINE_FILL_LATENCY = 10
NUM_LDST_LANES = 8
NUM_ALU_LANES = 16
MEMORY HIERARCHY CONFIGURATION---------------------
STRIDE Prefetcher = 1
PERFECT_CACHE = 0
WRITE_ALLOCATE = 1
Within-pipeline factors:
	AGEN latency = 1 cycle
	Store Queue (SQ): SQ size = window size, oracle memory disambiguation, store-load forwarding = 1 cycle after store's or load's agen.
	* Note: A store searches the L1$ at commit. The store is released
	* from the SQ and window, whether it hits or misses. Store misses
	* are buffered until the block is allocated and the store is
	* performed in the L1$. While buffered, conflicting loads get
	* the store's data as they would from the SQ.
I$: 128 KB, 8-way set-assoc., 64B block size
L1$: 128 KB, 8-way set-assoc., 64B block size, 3-cycle search latency
L2$: 4 MB, 8-way set-assoc., 64B block size, 12-cycle search latency
L3$: 32 MB, 16-way set-assoc., 128B block size, 50-cycle search latency
Main Memory: 150-cycle fixed search time
---------------------------STORE QUEUE MEASUREMENTS (Full Simulation i.e. Counts Not Reset When Warmup Ends)---------------------------
Number of loads: 7021069
Number of loads that miss in SQ: 5605181 (79.83%)
Number of PFs issued to the memory system 803728
---------------------------------------------------------------------------------------------------------------------------------------
------------------------MEMORY HIERARCHY MEASUREMENTS (Full Simulation i.e. Counts Not Reset When Warmup Ends)-------------------------
I$:
	accesses   = 37202753
	misses     = 5940
	miss ratio = 0.02%
	pf accesses   = 0
	pf misses     = 0
	pf miss ratio = -nan%
L1$:
	accesses   = 12033296
	misses     = 324493
	miss ratio = 2.70%
	pf accesses   = 803728
	pf misses     = 57850
	pf miss ratio = 7.20%
L2$:
	accesses   = 330433
	misses     = 121762
	miss ratio = 36.85%
	pf accesses   = 57850
	pf misses     = 2057
	pf miss ratio = 3.56%
L3$:
	accesses   = 121762
	misses     = 61148
	miss ratio = 50.22%
	pf accesses   = 2057
	pf misses     = 577
	pf miss ratio = 28.05%
---------------------------------------------------------------------------------------------------------------------------------------
----------------------------------------------Prefetcher (Full Simulation i.e. No Warmup)----------------------------------------------
Num Trainings :7021069
Num Prefetches generated :851497
Num Prefetches issued :2181380
Num Prefetches filtered by PF queue :357180
Num untimely prefetches dropped from PF queue :47769
Num prefetches not issued LDST contention :1377652
Num prefetches not issued stride 0 :2047687
---------------------------------------------------------------------------------------------------------------------------------------

-------------------------------ILP LIMIT STUDY (Full Simulation i.e. Counts Not Reset When Warmup Ends)--------------------------------
instructions = 33826271
cycles       = 7262576
CycWP        = 1976298
IPC          = 4.6576

---------------------------------------------------------------------------------------------------------------------------------------
Top 10 highest count indices:
Index: 0xFFFFDFE325BC, Count: 33654
Index: 0xFFFFDFE32454, Count: 13738
Index: 0xFFFFDFE325AC, Count: 11286
Index: 0xFFFFDFE32484, Count: 6409
Index: 0xFFFFDFE325DC, Count: 5087
Index: 0xFFFFDFE32804, Count: 3637
Index: 0xFFFFDFE3282C, Count: 1639
Index: 0xFFFFDFE32494, Count: 1566
Index: 0xFFFFDFE32948, Count: 1423
Index: 0xFFFFDFE31DE0, Count: 1250

-----------------------------------------------BRANCH PREDICTION MEASUREMENTS (Full Simulation i.e. Counts Not Reset When Warmup Ends)----------------------------------------------
Type                   NumBr     MispBr        mr     mpki
CondDirect          3887104      94634   2.4346%   2.7976
JumpDirect           520768          0   0.0000%   0.0000
JumpIndirect           8441          0   0.0000%   0.0000
JumpReturn           153318          0   0.0000%   0.0000
Not control        32633122          0   0.0000%   0.0000
------------------------------------------------------------------------------------------------------------------------------------------------------------------------------------

------------------------------------------------------DIRECT CONDITIONAL BRANCH PREDICTION MEASUREMENTS (Last 10M instructions)-----------------------------------------------------
       Instr       Cycles      IPC      NumBr     MispBr BrPerCyc MispBrPerCyc        MR     MPKI      CycWP   CycWPAvg   CycWPPKI
    10826271      2283814   4.7404    1226366      47112   0.5370       0.0206   3.8416%   4.3516     766855    16.2773    70.8328
------------------------------------------------------------------------------------------------------------------------------------------------------------------------------------

------------------------------------------------------DIRECT CONDITIONAL BRANCH PREDICTION MEASUREMENTS (Last 25M instructions)-----------------------------------------------------
       Instr       Cycles      IPC      NumBr     MispBr BrPerCyc MispBrPerCyc        MR     MPKI      CycWP   CycWPAvg   CycWPPKI
    25826271      5120378   5.0438    2996844      78837   0.5853       0.0154   2.6307%   3.0526    1518890    19.2662    58.8118
-------------------------------------------------------------------------------------------------------------------------------------------------------------------------------------

---------------------------------------------------------DIRECT CONDITIONAL BRANCH PREDICTION MEASUREMENTS (50 Perc instructions)---------------------------------------------------
       Instr       Cycles      IPC      NumBr     MispBr BrPerCyc MispBrPerCyc        MR     MPKI      CycWP   CycWPAvg   CycWPPKI
    17826271      3431734   5.1945    2060235      55912   0.6003       0.0163   2.7139%   3.1365     992667    17.7541    55.6856
------------------------------------------------------------------------------------------------------------------------------------------------------------------------------------

-------------------------------------DIRECT CONDITIONAL BRANCH PREDICTION MEASUREMENTS (Full Simulation i.e. Counts Not Reset When Warmup Ends)-------------------------------------
       Instr       Cycles      IPC      NumBr     MispBr BrPerCyc MispBrPerCyc        MR     MPKI      CycWP   CycWPAvg   CycWPPKI
    33826271      7262576   4.6576    3887104      94634   0.5352       0.0130   2.4346%   2.7976    1976298    20.8836    58.4249
------------------------------------------------------------------------------------------------------------------------------------------------------------------------------------
 Read 33826271 instrs 

ExecTime = 95.09595012664795
