CMD:./cbp traces/compress/compress_4_trace.gz
5000000 instrs 
10000000 instrs 
15000000 instrs 
20000000 instrs 
25000000 instrs 
30000000 instrs 
EOF
WINDOW_SIZE = 1024
FETCH_WIDTH = 16
FETCH_NUM_BRANCH = 16
FETCH_STOP_AT_INDIRECT = 1
FETCH_STOP_AT_TAKEN = 1
FETCH_MODEL_ICACHE = 1
PERFECT_BRANCH_PRED = 0
PERFECT_INDIRECT_PRED = 1
PIPELINE_FILL_LATENCY = 10
NUM_LDST_LANES = 8
NUM_ALU_LANES = 16
MEMORY HIERARCHY CONFIGURATION---------------------
STRIDE Prefetcher = 1
PERFECT_CACHE = 0
WRITE_ALLOCATE = 1
Within-pipeline factors:
	AGEN latency = 1 cycle
	Store Queue (SQ): SQ size = window size, oracle memory disambiguation, store-load forwarding = 1 cycle after store's or load's agen.
	* Note: A store searches the L1$ at commit. The store is released
	* from the SQ and window, whether it hits or misses. Store misses
	* are buffered until the block is allocated and the store is
	* performed in the L1$. While buffered, conflicting loads get
	* the store's data as they would from the SQ.
I$: 128 KB, 8-way set-assoc., 64B block size
L1$: 128 KB, 8-way set-assoc., 64B block size, 3-cycle search latency
L2$: 4 MB, 8-way set-assoc., 64B block size, 12-cycle search latency
L3$: 32 MB, 16-way set-assoc., 128B block size, 50-cycle search latency
Main Memory: 150-cycle fixed search time
---------------------------STORE QUEUE MEASUREMENTS (Full Simulation i.e. Counts Not Reset When Warmup Ends)---------------------------
Number of loads: 6605227
Number of loads that miss in SQ: 5254767 (79.55%)
Number of PFs issued to the memory system 775058
---------------------------------------------------------------------------------------------------------------------------------------
------------------------MEMORY HIERARCHY MEASUREMENTS (Full Simulation i.e. Counts Not Reset When Warmup Ends)-------------------------
I$:
	accesses   = 34368227
	misses     = 5585
	miss ratio = 0.02%
	pf accesses   = 0
	pf misses     = 0
	pf miss ratio = -nan%
L1$:
	accesses   = 11236884
	misses     = 328698
	miss ratio = 2.93%
	pf accesses   = 775058
	pf misses     = 54467
	pf miss ratio = 7.03%
L2$:
	accesses   = 334283
	misses     = 122548
	miss ratio = 36.66%
	pf accesses   = 54467
	pf misses     = 1682
	pf miss ratio = 3.09%
L3$:
	accesses   = 122548
	misses     = 61254
	miss ratio = 49.98%
	pf accesses   = 1682
	pf misses     = 430
	pf miss ratio = 25.56%
---------------------------------------------------------------------------------------------------------------------------------------
----------------------------------------------Prefetcher (Full Simulation i.e. No Warmup)----------------------------------------------
Num Trainings :6605227
Num Prefetches generated :822422
Num Prefetches issued :2145606
Num Prefetches filtered by PF queue :353242
Num untimely prefetches dropped from PF queue :47364
Num prefetches not issued LDST contention :1370548
Num prefetches not issued stride 0 :1793013
---------------------------------------------------------------------------------------------------------------------------------------

-------------------------------ILP LIMIT STUDY (Full Simulation i.e. Counts Not Reset When Warmup Ends)--------------------------------
instructions = 31160801
cycles       = 6583891
CycWP        = 1468604
IPC          = 4.7329

---------------------------------------------------------------------------------------------------------------------------------------
Top 10 highest count indices:
Index: 0xFFFFDFE325BC, Count: 11565
Index: 0xFFFFDFE32454, Count: 10846
Index: 0xFFFFDFE32484, Count: 6327
Index: 0xFFFFDFE325DC, Count: 5009
Index: 0xFFFFDFE32804, Count: 2719
Index: 0xFFFFDFE3282C, Count: 1703
Index: 0xFFFFDFE325AC, Count: 1596
Index: 0xFFFFDFE32494, Count: 1334
Index: 0xFFFFDFE31DE0, Count: 1153
Index: 0xFFFFDFDA6EC8, Count: 942

-----------------------------------------------BRANCH PREDICTION MEASUREMENTS (Full Simulation i.e. Counts Not Reset When Warmup Ends)----------------------------------------------
Type                   NumBr     MispBr        mr     mpki
CondDirect          3496423      57134   1.6341%   1.8335
JumpDirect           489322          0   0.0000%   0.0000
JumpIndirect           8416          0   0.0000%   0.0000
JumpReturn           152903          0   0.0000%   0.0000
Not control        30221163          0   0.0000%   0.0000
------------------------------------------------------------------------------------------------------------------------------------------------------------------------------------

------------------------------------------------------DIRECT CONDITIONAL BRANCH PREDICTION MEASUREMENTS (Last 10M instructions)-----------------------------------------------------
       Instr       Cycles      IPC      NumBr     MispBr BrPerCyc MispBrPerCyc        MR     MPKI      CycWP   CycWPAvg   CycWPPKI
    10160801      2041113   4.9781    1112582      23061   0.5451       0.0113   2.0727%   2.2696     513189    22.2535    50.5067
------------------------------------------------------------------------------------------------------------------------------------------------------------------------------------

------------------------------------------------------DIRECT CONDITIONAL BRANCH PREDICTION MEASUREMENTS (Last 25M instructions)-----------------------------------------------------
       Instr       Cycles      IPC      NumBr     MispBr BrPerCyc MispBrPerCyc        MR     MPKI      CycWP   CycWPAvg   CycWPPKI
    25160801      4851813   5.1859    2833991      47162   0.5841       0.0097   1.6642%   1.8744    1132984    24.0232    45.0297
-------------------------------------------------------------------------------------------------------------------------------------------------------------------------------------

---------------------------------------------------------DIRECT CONDITIONAL BRANCH PREDICTION MEASUREMENTS (50 Perc instructions)---------------------------------------------------
       Instr       Cycles      IPC      NumBr     MispBr BrPerCyc MispBrPerCyc        MR     MPKI      CycWP   CycWPAvg   CycWPPKI
    16160801      3016812   5.3569    1816226      27553   0.6020       0.0091   1.5170%   1.7049     659790    23.9462    40.8266
------------------------------------------------------------------------------------------------------------------------------------------------------------------------------------

-------------------------------------DIRECT CONDITIONAL BRANCH PREDICTION MEASUREMENTS (Full Simulation i.e. Counts Not Reset When Warmup Ends)-------------------------------------
       Instr       Cycles      IPC      NumBr     MispBr BrPerCyc MispBrPerCyc        MR     MPKI      CycWP   CycWPAvg   CycWPPKI
    31160801      6583891   4.7329    3496423      57134   0.5311       0.0087   1.6341%   1.8335    1468604    25.7046    47.1299
------------------------------------------------------------------------------------------------------------------------------------------------------------------------------------
 Read 31160801 instrs 

ExecTime = 157.16293120384216
