CMD:./cbp traces/int/int_27_trace.gz
5000000 instrs 
10000000 instrs 
15000000 instrs 
20000000 instrs 
25000000 instrs 
30000000 instrs 
35000000 instrs 
40000000 instrs 
EOF
WINDOW_SIZE = 1024
FETCH_WIDTH = 16
FETCH_NUM_BRANCH = 16
FETCH_STOP_AT_INDIRECT = 1
FETCH_STOP_AT_TAKEN = 1
FETCH_MODEL_ICACHE = 1
PERFECT_BRANCH_PRED = 0
PERFECT_INDIRECT_PRED = 1
PIPELINE_FILL_LATENCY = 10
NUM_LDST_LANES = 8
NUM_ALU_LANES = 16
MEMORY HIERARCHY CONFIGURATION---------------------
STRIDE Prefetcher = 1
PERFECT_CACHE = 0
WRITE_ALLOCATE = 1
Within-pipeline factors:
	AGEN latency = 1 cycle
	Store Queue (SQ): SQ size = window size, oracle memory disambiguation, store-load forwarding = 1 cycle after store's or load's agen.
	* Note: A store searches the L1$ at commit. The store is released
	* from the SQ and window, whether it hits or misses. Store misses
	* are buffered until the block is allocated and the store is
	* performed in the L1$. While buffered, conflicting loads get
	* the store's data as they would from the SQ.
I$: 128 KB, 8-way set-assoc., 64B block size
L1$: 128 KB, 8-way set-assoc., 64B block size, 3-cycle search latency
L2$: 4 MB, 8-way set-assoc., 64B block size, 12-cycle search latency
L3$: 32 MB, 16-way set-assoc., 128B block size, 50-cycle search latency
Main Memory: 150-cycle fixed search time
---------------------------STORE QUEUE MEASUREMENTS (Full Simulation i.e. Counts Not Reset When Warmup Ends)---------------------------
Number of loads: 9652920
Number of loads that miss in SQ: 9075347 (94.02%)
Number of PFs issued to the memory system 1527606
---------------------------------------------------------------------------------------------------------------------------------------
------------------------MEMORY HIERARCHY MEASUREMENTS (Full Simulation i.e. Counts Not Reset When Warmup Ends)-------------------------
I$:
	accesses   = 51163476
	misses     = 21070
	miss ratio = 0.04%
	pf accesses   = 0
	pf misses     = 0
	pf miss ratio = -nan%
L1$:
	accesses   = 11836860
	misses     = 21419
	miss ratio = 0.18%
	pf accesses   = 1527606
	pf misses     = 1437
	pf miss ratio = 0.09%
L2$:
	accesses   = 42489
	misses     = 19331
	miss ratio = 45.50%
	pf accesses   = 1437
	pf misses     = 1227
	pf miss ratio = 85.39%
L3$:
	accesses   = 19331
	misses     = 10577
	miss ratio = 54.72%
	pf accesses   = 1227
	pf misses     = 605
	pf miss ratio = 49.31%
---------------------------------------------------------------------------------------------------------------------------------------
----------------------------------------------Prefetcher (Full Simulation i.e. No Warmup)----------------------------------------------
Num Trainings :9652920
Num Prefetches generated :1560213
Num Prefetches issued :6530698
Num Prefetches filtered by PF queue :666860
Num untimely prefetches dropped from PF queue :32607
Num prefetches not issued LDST contention :5003092
Num prefetches not issued stride 0 :1413832
---------------------------------------------------------------------------------------------------------------------------------------

-------------------------------ILP LIMIT STUDY (Full Simulation i.e. Counts Not Reset When Warmup Ends)--------------------------------
instructions = 40000052
cycles       = 6377210
CycWP        = 1151350
IPC          = 6.2723

---------------------------------------------------------------------------------------------------------------------------------------
Top 10 highest count indices:
Index: 0x2B6C74, Count: 5881
Index: 0x2F92D8, Count: 1379
Index: 0x2F92C8, Count: 1085
Index: 0x2E085C, Count: 667
Index: 0x2FCC20, Count: 580
Index: 0x2B6CF0, Count: 520
Index: 0x2FDB48, Count: 453
Index: 0x2D497C, Count: 445
Index: 0x2FD954, Count: 435
Index: 0x2F9498, Count: 393

-----------------------------------------------BRANCH PREDICTION MEASUREMENTS (Full Simulation i.e. Counts Not Reset When Warmup Ends)----------------------------------------------
Type                   NumBr     MispBr        mr     mpki
CondDirect          1891315      35156   1.8588%   0.8789
JumpDirect           393232          0   0.0000%   0.0000
JumpIndirect         141031          0   0.0000%   0.0000
JumpReturn           174320          0   0.0000%   0.0000
Not control        48563578          0   0.0000%   0.0000
------------------------------------------------------------------------------------------------------------------------------------------------------------------------------------

------------------------------------------------------DIRECT CONDITIONAL BRANCH PREDICTION MEASUREMENTS (Last 10M instructions)-----------------------------------------------------
       Instr       Cycles      IPC      NumBr     MispBr BrPerCyc MispBrPerCyc        MR     MPKI      CycWP   CycWPAvg   CycWPPKI
    10000052      1427700   7.0043     471493       6248   0.3302       0.0044   1.3252%   0.6248     199090    31.8646    19.9089
------------------------------------------------------------------------------------------------------------------------------------------------------------------------------------

------------------------------------------------------DIRECT CONDITIONAL BRANCH PREDICTION MEASUREMENTS (Last 25M instructions)-----------------------------------------------------
       Instr       Cycles      IPC      NumBr     MispBr BrPerCyc MispBrPerCyc        MR     MPKI      CycWP   CycWPAvg   CycWPPKI
    25000052      3730755   6.7011    1187061      19604   0.3182       0.0053   1.6515%   0.7842     654497    33.3859    26.1798
-------------------------------------------------------------------------------------------------------------------------------------------------------------------------------------

---------------------------------------------------------DIRECT CONDITIONAL BRANCH PREDICTION MEASUREMENTS (50 Perc instructions)---------------------------------------------------
       Instr       Cycles      IPC      NumBr     MispBr BrPerCyc MispBrPerCyc        MR     MPKI      CycWP   CycWPAvg   CycWPPKI
    20000052      2955908   6.7661     940632      14979   0.3182       0.0051   1.5924%   0.7489     510209    34.0616    25.5104
------------------------------------------------------------------------------------------------------------------------------------------------------------------------------------

-------------------------------------DIRECT CONDITIONAL BRANCH PREDICTION MEASUREMENTS (Full Simulation i.e. Counts Not Reset When Warmup Ends)-------------------------------------
       Instr       Cycles      IPC      NumBr     MispBr BrPerCyc MispBrPerCyc        MR     MPKI      CycWP   CycWPAvg   CycWPPKI
    40000052      6377210   6.2723    1891315      35156   0.2966       0.0055   1.8588%   0.8789    1151350    32.7497    28.7837
------------------------------------------------------------------------------------------------------------------------------------------------------------------------------------
 Read 40000052 instrs 

ExecTime = 221.5831422805786
