CMD:./cbp traces/int/int_21_trace.gz
5000000 instrs 
10000000 instrs 
15000000 instrs 
20000000 instrs 
25000000 instrs 
30000000 instrs 
35000000 instrs 
40000000 instrs 
EOF
WINDOW_SIZE = 1024
FETCH_WIDTH = 16
FETCH_NUM_BRANCH = 16
FETCH_STOP_AT_INDIRECT = 1
FETCH_STOP_AT_TAKEN = 1
FETCH_MODEL_ICACHE = 1
PERFECT_BRANCH_PRED = 0
PERFECT_INDIRECT_PRED = 1
PIPELINE_FILL_LATENCY = 10
NUM_LDST_LANES = 8
NUM_ALU_LANES = 16
MEMORY HIERARCHY CONFIGURATION---------------------
STRIDE Prefetcher = 1
PERFECT_CACHE = 0
WRITE_ALLOCATE = 1
Within-pipeline factors:
	AGEN latency = 1 cycle
	Store Queue (SQ): SQ size = window size, oracle memory disambiguation, store-load forwarding = 1 cycle after store's or load's agen.
	* Note: A store searches the L1$ at commit. The store is released
	* from the SQ and window, whether it hits or misses. Store misses
	* are buffered until the block is allocated and the store is
	* performed in the L1$. While buffered, conflicting loads get
	* the store's data as they would from the SQ.
I$: 128 KB, 8-way set-assoc., 64B block size
L1$: 128 KB, 8-way set-assoc., 64B block size, 3-cycle search latency
L2$: 4 MB, 8-way set-assoc., 64B block size, 12-cycle search latency
L3$: 32 MB, 16-way set-assoc., 128B block size, 50-cycle search latency
Main Memory: 150-cycle fixed search time
---------------------------STORE QUEUE MEASUREMENTS (Full Simulation i.e. Counts Not Reset When Warmup Ends)---------------------------
Number of loads: 13297026
Number of loads that miss in SQ: 12639342 (95.05%)
Number of PFs issued to the memory system 3399422
---------------------------------------------------------------------------------------------------------------------------------------
------------------------MEMORY HIERARCHY MEASUREMENTS (Full Simulation i.e. Counts Not Reset When Warmup Ends)-------------------------
I$:
	accesses   = 41916369
	misses     = 88
	miss ratio = 0.00%
	pf accesses   = 0
	pf misses     = 0
	pf miss ratio = -nan%
L1$:
	accesses   = 15499272
	misses     = 1395326
	miss ratio = 9.00%
	pf accesses   = 3399422
	pf misses     = 682913
	pf miss ratio = 20.09%
L2$:
	accesses   = 1395414
	misses     = 58705
	miss ratio = 4.21%
	pf accesses   = 682913
	pf misses     = 619187
	pf miss ratio = 90.67%
L3$:
	accesses   = 58705
	misses     = 21718
	miss ratio = 37.00%
	pf accesses   = 619187
	pf misses     = 310168
	pf miss ratio = 50.09%
---------------------------------------------------------------------------------------------------------------------------------------
----------------------------------------------Prefetcher (Full Simulation i.e. No Warmup)----------------------------------------------
Num Trainings :13297026
Num Prefetches generated :3406891
Num Prefetches issued :4071840
Num Prefetches filtered by PF queue :40513
Num untimely prefetches dropped from PF queue :7469
Num prefetches not issued LDST contention :672418
Num prefetches not issued stride 0 :2538221
---------------------------------------------------------------------------------------------------------------------------------------

-------------------------------ILP LIMIT STUDY (Full Simulation i.e. Counts Not Reset When Warmup Ends)--------------------------------
instructions = 40000052
cycles       = 46523908
CycWP        = 41649953
IPC          = 0.8598

---------------------------------------------------------------------------------------------------------------------------------------
Top 10 highest count indices:
Index: 0x2A3328, Count: 189417
Index: 0x2A32D0, Count: 162241
Index: 0x29FC2C, Count: 128278
Index: 0x2A32D4, Count: 65075
Index: 0x2A332C, Count: 55175
Index: 0x2A32EC, Count: 51686
Index: 0x2A3344, Count: 46193
Index: 0x2A2BD4, Count: 38703
Index: 0x2A2B7C, Count: 20634
Index: 0x2A3318, Count: 18891

-----------------------------------------------BRANCH PREDICTION MEASUREMENTS (Full Simulation i.e. Counts Not Reset When Warmup Ends)----------------------------------------------
Type                   NumBr     MispBr        mr     mpki
CondDirect          9059172     972073  10.7303%  24.3018
JumpDirect          1640026          0   0.0000%   0.0000
JumpIndirect              2          0   0.0000%   0.0000
JumpReturn            29284          0   0.0000%   0.0000
Not control        31187885          0   0.0000%   0.0000
------------------------------------------------------------------------------------------------------------------------------------------------------------------------------------

------------------------------------------------------DIRECT CONDITIONAL BRANCH PREDICTION MEASUREMENTS (Last 10M instructions)-----------------------------------------------------
       Instr       Cycles      IPC      NumBr     MispBr BrPerCyc MispBrPerCyc        MR     MPKI      CycWP   CycWPAvg   CycWPPKI
    10000052     10582488   0.9450    2236186     257807   0.2113       0.0244  11.5289%  25.7806    9319104    36.1476   931.9056
------------------------------------------------------------------------------------------------------------------------------------------------------------------------------------

------------------------------------------------------DIRECT CONDITIONAL BRANCH PREDICTION MEASUREMENTS (Last 25M instructions)-----------------------------------------------------
       Instr       Cycles      IPC      NumBr     MispBr BrPerCyc MispBrPerCyc        MR     MPKI      CycWP   CycWPAvg   CycWPPKI
    25000052     28583389   0.8746    5643767     617103   0.1974       0.0216  10.9342%  24.6841   25519659    41.3540  1020.7842
-------------------------------------------------------------------------------------------------------------------------------------------------------------------------------------

---------------------------------------------------------DIRECT CONDITIONAL BRANCH PREDICTION MEASUREMENTS (50 Perc instructions)---------------------------------------------------
       Instr       Cycles      IPC      NumBr     MispBr BrPerCyc MispBrPerCyc        MR     MPKI      CycWP   CycWPAvg   CycWPPKI
    20000052     22934233   0.8721    4504449     501496   0.1964       0.0219  11.1333%  25.0747   20466429    40.8108  1023.3188
------------------------------------------------------------------------------------------------------------------------------------------------------------------------------------

-------------------------------------DIRECT CONDITIONAL BRANCH PREDICTION MEASUREMENTS (Full Simulation i.e. Counts Not Reset When Warmup Ends)-------------------------------------
       Instr       Cycles      IPC      NumBr     MispBr BrPerCyc MispBrPerCyc        MR     MPKI      CycWP   CycWPAvg   CycWPPKI
    40000052     46523908   0.8598    9059172     972073   0.1947       0.0209  10.7303%  24.3018   41649953    42.8465  1041.2475
------------------------------------------------------------------------------------------------------------------------------------------------------------------------------------
 Read 40000052 instrs 

ExecTime = 205.34749937057495
