CMD:./cbp traces/int/int_35_trace.gz
5000000 instrs 
10000000 instrs 
15000000 instrs 
20000000 instrs 
25000000 instrs 
30000000 instrs 
35000000 instrs 
40000000 instrs 
EOF
WINDOW_SIZE = 1024
FETCH_WIDTH = 16
FETCH_NUM_BRANCH = 16
FETCH_STOP_AT_INDIRECT = 1
FETCH_STOP_AT_TAKEN = 1
FETCH_MODEL_ICACHE = 1
PERFECT_BRANCH_PRED = 0
PERFECT_INDIRECT_PRED = 1
PIPELINE_FILL_LATENCY = 10
NUM_LDST_LANES = 8
NUM_ALU_LANES = 16
MEMORY HIERARCHY CONFIGURATION---------------------
STRIDE Prefetcher = 1
PERFECT_CACHE = 0
WRITE_ALLOCATE = 1
Within-pipeline factors:
	AGEN latency = 1 cycle
	Store Queue (SQ): SQ size = window size, oracle memory disambiguation, store-load forwarding = 1 cycle after store's or load's agen.
	* Note: A store searches the L1$ at commit. The store is released
	* from the SQ and window, whether it hits or misses. Store misses
	* are buffered until the block is allocated and the store is
	* performed in the L1$. While buffered, conflicting loads get
	* the store's data as they would from the SQ.
I$: 128 KB, 8-way set-assoc., 64B block size
L1$: 128 KB, 8-way set-assoc., 64B block size, 3-cycle search latency
L2$: 4 MB, 8-way set-assoc., 64B block size, 12-cycle search latency
L3$: 32 MB, 16-way set-assoc., 128B block size, 50-cycle search latency
Main Memory: 150-cycle fixed search time
---------------------------STORE QUEUE MEASUREMENTS (Full Simulation i.e. Counts Not Reset When Warmup Ends)---------------------------
Number of loads: 8263981
Number of loads that miss in SQ: 7960938 (96.33%)
Number of PFs issued to the memory system 3834718
---------------------------------------------------------------------------------------------------------------------------------------
------------------------MEMORY HIERARCHY MEASUREMENTS (Full Simulation i.e. Counts Not Reset When Warmup Ends)-------------------------
I$:
	accesses   = 40643058
	misses     = 528
	miss ratio = 0.00%
	pf accesses   = 0
	pf misses     = 0
	pf miss ratio = -nan%
L1$:
	accesses   = 9591525
	misses     = 78457
	miss ratio = 0.82%
	pf accesses   = 3834718
	pf misses     = 8574
	pf miss ratio = 0.22%
L2$:
	accesses   = 78985
	misses     = 29995
	miss ratio = 37.98%
	pf accesses   = 8574
	pf misses     = 2054
	pf miss ratio = 23.96%
L3$:
	accesses   = 29995
	misses     = 22850
	miss ratio = 76.18%
	pf accesses   = 2054
	pf misses     = 1192
	pf miss ratio = 58.03%
---------------------------------------------------------------------------------------------------------------------------------------
----------------------------------------------Prefetcher (Full Simulation i.e. No Warmup)----------------------------------------------
Num Trainings :8263981
Num Prefetches generated :3836825
Num Prefetches issued :4178459
Num Prefetches filtered by PF queue :31854
Num untimely prefetches dropped from PF queue :2107
Num prefetches not issued LDST contention :343741
Num prefetches not issued stride 0 :2501848
---------------------------------------------------------------------------------------------------------------------------------------

-------------------------------ILP LIMIT STUDY (Full Simulation i.e. Counts Not Reset When Warmup Ends)--------------------------------
instructions = 40000048
cycles       = 11492319
CycWP        = 5298092
IPC          = 3.4806

---------------------------------------------------------------------------------------------------------------------------------------
Top 10 highest count indices:
Index: 0x2A55AC, Count: 13889
Index: 0x2A2450, Count: 10543
Index: 0x2A57A4, Count: 8346
Index: 0x2A5CE8, Count: 6857
Index: 0x2A2240, Count: 6308
Index: 0x2A2434, Count: 6073
Index: 0x2A5D10, Count: 4726
Index: 0x2A5574, Count: 3746
Index: 0x2A5720, Count: 3330
Index: 0x2A5D74, Count: 2616

-----------------------------------------------BRANCH PREDICTION MEASUREMENTS (Full Simulation i.e. Counts Not Reset When Warmup Ends)----------------------------------------------
Type                   NumBr     MispBr        mr     mpki
CondDirect          5671843      98866   1.7431%   2.4716
JumpDirect           240094          0   0.0000%   0.0000
JumpIndirect          25987          0   0.0000%   0.0000
JumpReturn            15519          0   0.0000%   0.0000
Not control        34689615          0   0.0000%   0.0000
------------------------------------------------------------------------------------------------------------------------------------------------------------------------------------

------------------------------------------------------DIRECT CONDITIONAL BRANCH PREDICTION MEASUREMENTS (Last 10M instructions)-----------------------------------------------------
       Instr       Cycles      IPC      NumBr     MispBr BrPerCyc MispBrPerCyc        MR     MPKI      CycWP   CycWPAvg   CycWPPKI
    10000048      2829913   3.5337    1414996      25766   0.5000       0.0091   1.8209%   2.5766    1243280    48.2527   124.3274
------------------------------------------------------------------------------------------------------------------------------------------------------------------------------------

------------------------------------------------------DIRECT CONDITIONAL BRANCH PREDICTION MEASUREMENTS (Last 25M instructions)-----------------------------------------------------
       Instr       Cycles      IPC      NumBr     MispBr BrPerCyc MispBrPerCyc        MR     MPKI      CycWP   CycWPAvg   CycWPPKI
    25000048      6763866   3.6961    3539874      57581   0.5234       0.0085   1.6266%   2.3032    3017364    52.4021   120.6943
-------------------------------------------------------------------------------------------------------------------------------------------------------------------------------------

---------------------------------------------------------DIRECT CONDITIONAL BRANCH PREDICTION MEASUREMENTS (50 Perc instructions)---------------------------------------------------
       Instr       Cycles      IPC      NumBr     MispBr BrPerCyc MispBrPerCyc        MR     MPKI      CycWP   CycWPAvg   CycWPPKI
    20000048      5539933   3.6102    2842811      46768   0.5131       0.0084   1.6451%   2.3384    2488554    53.2106   124.4274
------------------------------------------------------------------------------------------------------------------------------------------------------------------------------------

-------------------------------------DIRECT CONDITIONAL BRANCH PREDICTION MEASUREMENTS (Full Simulation i.e. Counts Not Reset When Warmup Ends)-------------------------------------
       Instr       Cycles      IPC      NumBr     MispBr BrPerCyc MispBrPerCyc        MR     MPKI      CycWP   CycWPAvg   CycWPPKI
    40000048     11492319   3.4806    5671843      98866   0.4935       0.0086   1.7431%   2.4716    5298092    53.5886   132.4521
------------------------------------------------------------------------------------------------------------------------------------------------------------------------------------
 Read 40000048 instrs 

ExecTime = 193.18923497200012
