CMD:./cbp traces/int/int_7_trace.gz
5000000 instrs 
10000000 instrs 
15000000 instrs 
20000000 instrs 
25000000 instrs 
30000000 instrs 
35000000 instrs 
40000000 instrs 
EOF
WINDOW_SIZE = 1024
FETCH_WIDTH = 16
FETCH_NUM_BRANCH = 16
FETCH_STOP_AT_INDIRECT = 1
FETCH_STOP_AT_TAKEN = 1
FETCH_MODEL_ICACHE = 1
PERFECT_BRANCH_PRED = 0
PERFECT_INDIRECT_PRED = 1
PIPELINE_FILL_LATENCY = 10
NUM_LDST_LANES = 8
NUM_ALU_LANES = 16
MEMORY HIERARCHY CONFIGURATION---------------------
STRIDE Prefetcher = 1
PERFECT_CACHE = 0
WRITE_ALLOCATE = 1
Within-pipeline factors:
	AGEN latency = 1 cycle
	Store Queue (SQ): SQ size = window size, oracle memory disambiguation, store-load forwarding = 1 cycle after store's or load's agen.
	* Note: A store searches the L1$ at commit. The store is released
	* from the SQ and window, whether it hits or misses. Store misses
	* are buffered until the block is allocated and the store is
	* performed in the L1$. While buffered, conflicting loads get
	* the store's data as they would from the SQ.
I$: 128 KB, 8-way set-assoc., 64B block size
L1$: 128 KB, 8-way set-assoc., 64B block size, 3-cycle search latency
L2$: 4 MB, 8-way set-assoc., 64B block size, 12-cycle search latency
L3$: 32 MB, 16-way set-assoc., 128B block size, 50-cycle search latency
Main Memory: 150-cycle fixed search time
---------------------------STORE QUEUE MEASUREMENTS (Full Simulation i.e. Counts Not Reset When Warmup Ends)---------------------------
Number of loads: 11765054
Number of loads that miss in SQ: 9349360 (79.47%)
Number of PFs issued to the memory system 1080327
---------------------------------------------------------------------------------------------------------------------------------------
------------------------MEMORY HIERARCHY MEASUREMENTS (Full Simulation i.e. Counts Not Reset When Warmup Ends)-------------------------
I$:
	accesses   = 45778173
	misses     = 173851
	miss ratio = 0.38%
	pf accesses   = 0
	pf misses     = 0
	pf miss ratio = -nan%
L1$:
	accesses   = 17953537
	misses     = 95073
	miss ratio = 0.53%
	pf accesses   = 1080327
	pf misses     = 16906
	pf miss ratio = 1.56%
L2$:
	accesses   = 268924
	misses     = 32076
	miss ratio = 11.93%
	pf accesses   = 16906
	pf misses     = 2428
	pf miss ratio = 14.36%
L3$:
	accesses   = 32076
	misses     = 18418
	miss ratio = 57.42%
	pf accesses   = 2428
	pf misses     = 1316
	pf miss ratio = 54.20%
---------------------------------------------------------------------------------------------------------------------------------------
----------------------------------------------Prefetcher (Full Simulation i.e. No Warmup)----------------------------------------------
Num Trainings :11765054
Num Prefetches generated :1082712
Num Prefetches issued :1707176
Num Prefetches filtered by PF queue :30411
Num untimely prefetches dropped from PF queue :2385
Num prefetches not issued LDST contention :626849
Num prefetches not issued stride 0 :2663696
---------------------------------------------------------------------------------------------------------------------------------------

-------------------------------ILP LIMIT STUDY (Full Simulation i.e. Counts Not Reset When Warmup Ends)--------------------------------
instructions = 40000048
cycles       = 14802358
CycWP        = 5381613
IPC          = 2.7023

---------------------------------------------------------------------------------------------------------------------------------------
Top 10 highest count indices:
Index: 0xFFFFF336E460, Count: 4636
Index: 0xFFFFF33693D0, Count: 2207
Index: 0xFFFFF33B813C, Count: 1890
Index: 0xFFFFF33FDC2C, Count: 1763
Index: 0xFFFFF33B88C0, Count: 1706
Index: 0xFFFFF336930C, Count: 1574
Index: 0xFFFFF3242DE8, Count: 1541
Index: 0xFFFFF336E448, Count: 1255
Index: 0xFFFFF33B8128, Count: 1215
Index: 0xFFFFF3044D60, Count: 1210

-----------------------------------------------BRANCH PREDICTION MEASUREMENTS (Full Simulation i.e. Counts Not Reset When Warmup Ends)----------------------------------------------
Type                   NumBr     MispBr        mr     mpki
CondDirect          5944145     233431   3.9271%   5.8358
JumpDirect          1306666          0   0.0000%   0.0000
JumpIndirect         187434          0   0.0000%   0.0000
JumpReturn           730341          0   0.0000%   0.0000
Not control        37609587          0   0.0000%   0.0000
------------------------------------------------------------------------------------------------------------------------------------------------------------------------------------

------------------------------------------------------DIRECT CONDITIONAL BRANCH PREDICTION MEASUREMENTS (Last 10M instructions)-----------------------------------------------------
       Instr       Cycles      IPC      NumBr     MispBr BrPerCyc MispBrPerCyc        MR     MPKI      CycWP   CycWPAvg   CycWPPKI
    10000048      3261421   3.0662    1519822      55783   0.4660       0.0171   3.6704%   5.5783    1194336    21.4104   119.4330
------------------------------------------------------------------------------------------------------------------------------------------------------------------------------------

------------------------------------------------------DIRECT CONDITIONAL BRANCH PREDICTION MEASUREMENTS (Last 25M instructions)-----------------------------------------------------
       Instr       Cycles      IPC      NumBr     MispBr BrPerCyc MispBrPerCyc        MR     MPKI      CycWP   CycWPAvg   CycWPPKI
    25000048      7745292   3.2278    3838854     140184   0.4956       0.0181   3.6517%   5.6073    3148706    22.4612   125.9480
-------------------------------------------------------------------------------------------------------------------------------------------------------------------------------------

---------------------------------------------------------DIRECT CONDITIONAL BRANCH PREDICTION MEASUREMENTS (50 Perc instructions)---------------------------------------------------
       Instr       Cycles      IPC      NumBr     MispBr BrPerCyc MispBrPerCyc        MR     MPKI      CycWP   CycWPAvg   CycWPPKI
    20000048      6359615   3.1449    3000751     113897   0.4718       0.0179   3.7956%   5.6948    2512217    22.0569   125.6105
------------------------------------------------------------------------------------------------------------------------------------------------------------------------------------

-------------------------------------DIRECT CONDITIONAL BRANCH PREDICTION MEASUREMENTS (Full Simulation i.e. Counts Not Reset When Warmup Ends)-------------------------------------
       Instr       Cycles      IPC      NumBr     MispBr BrPerCyc MispBrPerCyc        MR     MPKI      CycWP   CycWPAvg   CycWPPKI
    40000048     14802358   2.7023    5944145     233431   0.4016       0.0158   3.9271%   5.8358    5381613    23.0544   134.5402
------------------------------------------------------------------------------------------------------------------------------------------------------------------------------------
 Read 40000048 instrs 

ExecTime = 225.80968594551086
