CMD:./cbp traces/int/int_9_trace.gz
5000000 instrs 
10000000 instrs 
15000000 instrs 
20000000 instrs 
25000000 instrs 
30000000 instrs 
35000000 instrs 
40000000 instrs 
EOF
WINDOW_SIZE = 1024
FETCH_WIDTH = 16
FETCH_NUM_BRANCH = 16
FETCH_STOP_AT_INDIRECT = 1
FETCH_STOP_AT_TAKEN = 1
FETCH_MODEL_ICACHE = 1
PERFECT_BRANCH_PRED = 0
PERFECT_INDIRECT_PRED = 1
PIPELINE_FILL_LATENCY = 10
NUM_LDST_LANES = 8
NUM_ALU_LANES = 16
MEMORY HIERARCHY CONFIGURATION---------------------
STRIDE Prefetcher = 1
PERFECT_CACHE = 0
WRITE_ALLOCATE = 1
Within-pipeline factors:
	AGEN latency = 1 cycle
	Store Queue (SQ): SQ size = window size, oracle memory disambiguation, store-load forwarding = 1 cycle after store's or load's agen.
	* Note: A store searches the L1$ at commit. The store is released
	* from the SQ and window, whether it hits or misses. Store misses
	* are buffered until the block is allocated and the store is
	* performed in the L1$. While buffered, conflicting loads get
	* the store's data as they would from the SQ.
I$: 128 KB, 8-way set-assoc., 64B block size
L1$: 128 KB, 8-way set-assoc., 64B block size, 3-cycle search latency
L2$: 4 MB, 8-way set-assoc., 64B block size, 12-cycle search latency
L3$: 32 MB, 16-way set-assoc., 128B block size, 50-cycle search latency
Main Memory: 150-cycle fixed search time
---------------------------STORE QUEUE MEASUREMENTS (Full Simulation i.e. Counts Not Reset When Warmup Ends)---------------------------
Number of loads: 10787748
Number of loads that miss in SQ: 8252603 (76.50%)
Number of PFs issued to the memory system 535581
---------------------------------------------------------------------------------------------------------------------------------------
------------------------MEMORY HIERARCHY MEASUREMENTS (Full Simulation i.e. Counts Not Reset When Warmup Ends)-------------------------
I$:
	accesses   = 45680976
	misses     = 157341
	miss ratio = 0.34%
	pf accesses   = 0
	pf misses     = 0
	pf miss ratio = -nan%
L1$:
	accesses   = 16916514
	misses     = 67252
	miss ratio = 0.40%
	pf accesses   = 535581
	pf misses     = 4867
	pf miss ratio = 0.91%
L2$:
	accesses   = 224593
	misses     = 26794
	miss ratio = 11.93%
	pf accesses   = 4867
	pf misses     = 851
	pf miss ratio = 17.49%
L3$:
	accesses   = 26794
	misses     = 15867
	miss ratio = 59.22%
	pf accesses   = 851
	pf misses     = 418
	pf miss ratio = 49.12%
---------------------------------------------------------------------------------------------------------------------------------------
----------------------------------------------Prefetcher (Full Simulation i.e. No Warmup)----------------------------------------------
Num Trainings :10787748
Num Prefetches generated :536435
Num Prefetches issued :853102
Num Prefetches filtered by PF queue :27931
Num untimely prefetches dropped from PF queue :854
Num prefetches not issued LDST contention :317521
Num prefetches not issued stride 0 :1987567
---------------------------------------------------------------------------------------------------------------------------------------

-------------------------------ILP LIMIT STUDY (Full Simulation i.e. Counts Not Reset When Warmup Ends)--------------------------------
instructions = 40000050
cycles       = 14351209
CycWP        = 4543760
IPC          = 2.7872

---------------------------------------------------------------------------------------------------------------------------------------
Top 10 highest count indices:
Index: 0xFFFFF2E3FCA8, Count: 6505
Index: 0xFFFFF10A7694, Count: 1905
Index: 0xFFFFF2E3FCB4, Count: 1753
Index: 0xFFFFF2E4350C, Count: 1667
Index: 0xFFFFF3242DE8, Count: 1543
Index: 0xFFFFF37E68C8, Count: 1448
Index: 0xFFFFF2FA62A8, Count: 1128
Index: 0xFFFFF3575D20, Count: 1063
Index: 0xFFFFF2CF99C0, Count: 1040
Index: 0xFFFFF0FBAE64, Count: 890

-----------------------------------------------BRANCH PREDICTION MEASUREMENTS (Full Simulation i.e. Counts Not Reset When Warmup Ends)----------------------------------------------
Type                   NumBr     MispBr        mr     mpki
CondDirect          5800876     194781   3.3578%   4.8695
JumpDirect          1734899          0   0.0000%   0.0000
JumpIndirect         175952          0   0.0000%   0.0000
JumpReturn           943614          0   0.0000%   0.0000
Not control        37025635          0   0.0000%   0.0000
------------------------------------------------------------------------------------------------------------------------------------------------------------------------------------

------------------------------------------------------DIRECT CONDITIONAL BRANCH PREDICTION MEASUREMENTS (Last 10M instructions)-----------------------------------------------------
       Instr       Cycles      IPC      NumBr     MispBr BrPerCyc MispBrPerCyc        MR     MPKI      CycWP   CycWPAvg   CycWPPKI
    10000050      3041703   3.2876    1449043      49010   0.4764       0.0161   3.3822%   4.9010    1131626    23.0897   113.1620
------------------------------------------------------------------------------------------------------------------------------------------------------------------------------------

------------------------------------------------------DIRECT CONDITIONAL BRANCH PREDICTION MEASUREMENTS (Last 25M instructions)-----------------------------------------------------
       Instr       Cycles      IPC      NumBr     MispBr BrPerCyc MispBrPerCyc        MR     MPKI      CycWP   CycWPAvg   CycWPPKI
    25000050      7421442   3.3686    3630112     115492   0.4891       0.0156   3.1815%   4.6197    2614141    22.6348   104.5654
-------------------------------------------------------------------------------------------------------------------------------------------------------------------------------------

---------------------------------------------------------DIRECT CONDITIONAL BRANCH PREDICTION MEASUREMENTS (50 Perc instructions)---------------------------------------------------
       Instr       Cycles      IPC      NumBr     MispBr BrPerCyc MispBrPerCyc        MR     MPKI      CycWP   CycWPAvg   CycWPPKI
    20000050      6033454   3.3149    2893544      93110   0.4796       0.0154   3.2179%   4.6555    2112812    22.6916   105.6403
------------------------------------------------------------------------------------------------------------------------------------------------------------------------------------

-------------------------------------DIRECT CONDITIONAL BRANCH PREDICTION MEASUREMENTS (Full Simulation i.e. Counts Not Reset When Warmup Ends)-------------------------------------
       Instr       Cycles      IPC      NumBr     MispBr BrPerCyc MispBrPerCyc        MR     MPKI      CycWP   CycWPAvg   CycWPPKI
    40000050     14351209   2.7872    5800876     194781   0.4042       0.0136   3.3578%   4.8695    4543760    23.3275   113.5939
------------------------------------------------------------------------------------------------------------------------------------------------------------------------------------
 Read 40000050 instrs 

ExecTime = 225.57603406906128
