CMD:./cbp traces/int/int_25_trace.gz
5000000 instrs 
10000000 instrs 
15000000 instrs 
20000000 instrs 
25000000 instrs 
30000000 instrs 
35000000 instrs 
40000000 instrs 
EOF
WINDOW_SIZE = 1024
FETCH_WIDTH = 16
FETCH_NUM_BRANCH = 16
FETCH_STOP_AT_INDIRECT = 1
FETCH_STOP_AT_TAKEN = 1
FETCH_MODEL_ICACHE = 1
PERFECT_BRANCH_PRED = 0
PERFECT_INDIRECT_PRED = 1
PIPELINE_FILL_LATENCY = 10
NUM_LDST_LANES = 8
NUM_ALU_LANES = 16
MEMORY HIERARCHY CONFIGURATION---------------------
STRIDE Prefetcher = 1
PERFECT_CACHE = 0
WRITE_ALLOCATE = 1
Within-pipeline factors:
	AGEN latency = 1 cycle
	Store Queue (SQ): SQ size = window size, oracle memory disambiguation, store-load forwarding = 1 cycle after store's or load's agen.
	* Note: A store searches the L1$ at commit. The store is released
	* from the SQ and window, whether it hits or misses. Store misses
	* are buffered until the block is allocated and the store is
	* performed in the L1$. While buffered, conflicting loads get
	* the store's data as they would from the SQ.
I$: 128 KB, 8-way set-assoc., 64B block size
L1$: 128 KB, 8-way set-assoc., 64B block size, 3-cycle search latency
L2$: 4 MB, 8-way set-assoc., 64B block size, 12-cycle search latency
L3$: 32 MB, 16-way set-assoc., 128B block size, 50-cycle search latency
Main Memory: 150-cycle fixed search time
---------------------------STORE QUEUE MEASUREMENTS (Full Simulation i.e. Counts Not Reset When Warmup Ends)---------------------------
Number of loads: 9671499
Number of loads that miss in SQ: 8589558 (88.81%)
Number of PFs issued to the memory system 1495100
---------------------------------------------------------------------------------------------------------------------------------------
------------------------MEMORY HIERARCHY MEASUREMENTS (Full Simulation i.e. Counts Not Reset When Warmup Ends)-------------------------
I$:
	accesses   = 48790204
	misses     = 1579
	miss ratio = 0.00%
	pf accesses   = 0
	pf misses     = 0
	pf miss ratio = -nan%
L1$:
	accesses   = 11923431
	misses     = 38368
	miss ratio = 0.32%
	pf accesses   = 1495100
	pf misses     = 19144
	pf miss ratio = 1.28%
L2$:
	accesses   = 39947
	misses     = 38390
	miss ratio = 96.10%
	pf accesses   = 19144
	pf misses     = 18490
	pf miss ratio = 96.58%
L3$:
	accesses   = 38390
	misses     = 20395
	miss ratio = 53.13%
	pf accesses   = 18490
	pf misses     = 9639
	pf miss ratio = 52.13%
---------------------------------------------------------------------------------------------------------------------------------------
----------------------------------------------Prefetcher (Full Simulation i.e. No Warmup)----------------------------------------------
Num Trainings :9671499
Num Prefetches generated :1513546
Num Prefetches issued :3837432
Num Prefetches filtered by PF queue :302802
Num untimely prefetches dropped from PF queue :18446
Num prefetches not issued LDST contention :2342332
Num prefetches not issued stride 0 :2959381
---------------------------------------------------------------------------------------------------------------------------------------

-------------------------------ILP LIMIT STUDY (Full Simulation i.e. Counts Not Reset When Warmup Ends)--------------------------------
instructions = 40000052
cycles       = 8089981
CycWP        = 2477404
IPC          = 4.9444

---------------------------------------------------------------------------------------------------------------------------------------
Top 10 highest count indices:
Index: 0x2F87F4, Count: 25846
Index: 0x2F86C8, Count: 10451
Index: 0x2F867C, Count: 8178
Index: 0x2F86EC, Count: 7696
Index: 0x2F86B0, Count: 5229
Index: 0x2B6C74, Count: 3425
Index: 0x2F92D8, Count: 1081
Index: 0x2F86A4, Count: 900
Index: 0x2F92D0, Count: 845
Index: 0x2F9984, Count: 704

-----------------------------------------------BRANCH PREDICTION MEASUREMENTS (Full Simulation i.e. Counts Not Reset When Warmup Ends)----------------------------------------------
Type                   NumBr     MispBr        mr     mpki
CondDirect          2766410      75514   2.7297%   1.8878
JumpDirect           478999          0   0.0000%   0.0000
JumpIndirect         150759          0   0.0000%   0.0000
JumpReturn           168705          0   0.0000%   0.0000
Not control        45225331          0   0.0000%   0.0000
------------------------------------------------------------------------------------------------------------------------------------------------------------------------------------

------------------------------------------------------DIRECT CONDITIONAL BRANCH PREDICTION MEASUREMENTS (Last 10M instructions)-----------------------------------------------------
       Instr       Cycles      IPC      NumBr     MispBr BrPerCyc MispBrPerCyc        MR     MPKI      CycWP   CycWPAvg   CycWPPKI
    10000052      2358375   4.2402     735784      33000   0.3120       0.0140   4.4850%   3.3000    1009089    30.5785   100.9084
------------------------------------------------------------------------------------------------------------------------------------------------------------------------------------

------------------------------------------------------DIRECT CONDITIONAL BRANCH PREDICTION MEASUREMENTS (Last 25M instructions)-----------------------------------------------------
       Instr       Cycles      IPC      NumBr     MispBr BrPerCyc MispBrPerCyc        MR     MPKI      CycWP   CycWPAvg   CycWPPKI
    25000052      5452968   4.5847    1844223      69787   0.3382       0.0128   3.7841%   2.7915    2076729    29.7581    83.0690
-------------------------------------------------------------------------------------------------------------------------------------------------------------------------------------

---------------------------------------------------------DIRECT CONDITIONAL BRANCH PREDICTION MEASUREMENTS (50 Perc instructions)---------------------------------------------------
       Instr       Cycles      IPC      NumBr     MispBr BrPerCyc MispBrPerCyc        MR     MPKI      CycWP   CycWPAvg   CycWPPKI
    20000052      4644487   4.3062    1541724      68466   0.3319       0.0147   4.4409%   3.4233    2006938    29.3129   100.3466
------------------------------------------------------------------------------------------------------------------------------------------------------------------------------------

-------------------------------------DIRECT CONDITIONAL BRANCH PREDICTION MEASUREMENTS (Full Simulation i.e. Counts Not Reset When Warmup Ends)-------------------------------------
       Instr       Cycles      IPC      NumBr     MispBr BrPerCyc MispBrPerCyc        MR     MPKI      CycWP   CycWPAvg   CycWPPKI
    40000052      8089981   4.9444    2766410      75514   0.3420       0.0093   2.7297%   1.8878    2477404    32.8072    61.9350
------------------------------------------------------------------------------------------------------------------------------------------------------------------------------------
 Read 40000052 instrs 

ExecTime = 228.2800498008728
