CMD:./cbp traces/int/int_30_trace.gz
5000000 instrs 
10000000 instrs 
15000000 instrs 
20000000 instrs 
25000000 instrs 
30000000 instrs 
35000000 instrs 
40000000 instrs 
EOF
WINDOW_SIZE = 1024
FETCH_WIDTH = 16
FETCH_NUM_BRANCH = 16
FETCH_STOP_AT_INDIRECT = 1
FETCH_STOP_AT_TAKEN = 1
FETCH_MODEL_ICACHE = 1
PERFECT_BRANCH_PRED = 0
PERFECT_INDIRECT_PRED = 1
PIPELINE_FILL_LATENCY = 10
NUM_LDST_LANES = 8
NUM_ALU_LANES = 16
MEMORY HIERARCHY CONFIGURATION---------------------
STRIDE Prefetcher = 1
PERFECT_CACHE = 0
WRITE_ALLOCATE = 1
Within-pipeline factors:
	AGEN latency = 1 cycle
	Store Queue (SQ): SQ size = window size, oracle memory disambiguation, store-load forwarding = 1 cycle after store's or load's agen.
	* Note: A store searches the L1$ at commit. The store is released
	* from the SQ and window, whether it hits or misses. Store misses
	* are buffered until the block is allocated and the store is
	* performed in the L1$. While buffered, conflicting loads get
	* the store's data as they would from the SQ.
I$: 128 KB, 8-way set-assoc., 64B block size
L1$: 128 KB, 8-way set-assoc., 64B block size, 3-cycle search latency
L2$: 4 MB, 8-way set-assoc., 64B block size, 12-cycle search latency
L3$: 32 MB, 16-way set-assoc., 128B block size, 50-cycle search latency
Main Memory: 150-cycle fixed search time
---------------------------STORE QUEUE MEASUREMENTS (Full Simulation i.e. Counts Not Reset When Warmup Ends)---------------------------
Number of loads: 12907977
Number of loads that miss in SQ: 11542923 (89.42%)
Number of PFs issued to the memory system 465638
---------------------------------------------------------------------------------------------------------------------------------------
------------------------MEMORY HIERARCHY MEASUREMENTS (Full Simulation i.e. Counts Not Reset When Warmup Ends)-------------------------
I$:
	accesses   = 44517645
	misses     = 426
	miss ratio = 0.00%
	pf accesses   = 0
	pf misses     = 0
	pf miss ratio = -nan%
L1$:
	accesses   = 17454480
	misses     = 29022
	miss ratio = 0.17%
	pf accesses   = 465638
	pf misses     = 3205
	pf miss ratio = 0.69%
L2$:
	accesses   = 29448
	misses     = 3682
	miss ratio = 12.50%
	pf accesses   = 3205
	pf misses     = 664
	pf miss ratio = 20.72%
L3$:
	accesses   = 3682
	misses     = 2412
	miss ratio = 65.51%
	pf accesses   = 664
	pf misses     = 332
	pf miss ratio = 50.00%
---------------------------------------------------------------------------------------------------------------------------------------
----------------------------------------------Prefetcher (Full Simulation i.e. No Warmup)----------------------------------------------
Num Trainings :12907977
Num Prefetches generated :484174
Num Prefetches issued :1158952
Num Prefetches filtered by PF queue :73648
Num untimely prefetches dropped from PF queue :18536
Num prefetches not issued LDST contention :693314
Num prefetches not issued stride 0 :3057515
---------------------------------------------------------------------------------------------------------------------------------------

-------------------------------ILP LIMIT STUDY (Full Simulation i.e. Counts Not Reset When Warmup Ends)--------------------------------
instructions = 40000052
cycles       = 16364048
CycWP        = 12475380
IPC          = 2.4444

---------------------------------------------------------------------------------------------------------------------------------------
Top 10 highest count indices:
Index: 0x399A78, Count: 27989
Index: 0x39E99C, Count: 24556
Index: 0x399AF0, Count: 18047
Index: 0x39ED18, Count: 12461
Index: 0x39EA24, Count: 12216
Index: 0x392BF0, Count: 12104
Index: 0x39DD00, Count: 11130
Index: 0x399B28, Count: 10566
Index: 0x39DF9C, Count: 9984
Index: 0x39E7E4, Count: 9513

-----------------------------------------------BRANCH PREDICTION MEASUREMENTS (Full Simulation i.e. Counts Not Reset When Warmup Ends)----------------------------------------------
Type                   NumBr     MispBr        mr     mpki
CondDirect          4219863     521884  12.3673%  13.0471
JumpDirect           650994          0   0.0000%   0.0000
JumpIndirect            557          0   0.0000%   0.0000
JumpReturn           275846          0   0.0000%   0.0000
Not control        39370385          0   0.0000%   0.0000
------------------------------------------------------------------------------------------------------------------------------------------------------------------------------------

------------------------------------------------------DIRECT CONDITIONAL BRANCH PREDICTION MEASUREMENTS (Last 10M instructions)-----------------------------------------------------
       Instr       Cycles      IPC      NumBr     MispBr BrPerCyc MispBrPerCyc        MR     MPKI      CycWP   CycWPAvg   CycWPPKI
    10000052      3931684   2.5435    1054703     125167   0.2683       0.0318  11.8675%  12.5166    2974806    23.7667   297.4791
------------------------------------------------------------------------------------------------------------------------------------------------------------------------------------

------------------------------------------------------DIRECT CONDITIONAL BRANCH PREDICTION MEASUREMENTS (Last 25M instructions)-----------------------------------------------------
       Instr       Cycles      IPC      NumBr     MispBr BrPerCyc MispBrPerCyc        MR     MPKI      CycWP   CycWPAvg   CycWPPKI
    25000052      9965220   2.5087    2627322     318491   0.2636       0.0320  12.1223%  12.7396    7572509    23.7762   302.8997
-------------------------------------------------------------------------------------------------------------------------------------------------------------------------------------

---------------------------------------------------------DIRECT CONDITIONAL BRANCH PREDICTION MEASUREMENTS (50 Perc instructions)---------------------------------------------------
       Instr       Cycles      IPC      NumBr     MispBr BrPerCyc MispBrPerCyc        MR     MPKI      CycWP   CycWPAvg   CycWPPKI
    20000052      7952578   2.5149    2099953     253640   0.2641       0.0319  12.0784%  12.6820    6037876    23.8049   301.8930
------------------------------------------------------------------------------------------------------------------------------------------------------------------------------------

-------------------------------------DIRECT CONDITIONAL BRANCH PREDICTION MEASUREMENTS (Full Simulation i.e. Counts Not Reset When Warmup Ends)-------------------------------------
       Instr       Cycles      IPC      NumBr     MispBr BrPerCyc MispBrPerCyc        MR     MPKI      CycWP   CycWPAvg   CycWPPKI
    40000052     16364048   2.4444    4219863     521884   0.2579       0.0319  12.3673%  13.0471   12475380    23.9045   311.8841
------------------------------------------------------------------------------------------------------------------------------------------------------------------------------------
 Read 40000052 instrs 

ExecTime = 155.2397494316101
