CMD:./cbp traces/int/int_2_trace.gz
5000000 instrs 
10000000 instrs 
15000000 instrs 
20000000 instrs 
25000000 instrs 
30000000 instrs 
EOF
WINDOW_SIZE = 1024
FETCH_WIDTH = 16
FETCH_NUM_BRANCH = 16
FETCH_STOP_AT_INDIRECT = 1
FETCH_STOP_AT_TAKEN = 1
FETCH_MODEL_ICACHE = 1
PERFECT_BRANCH_PRED = 0
PERFECT_INDIRECT_PRED = 1
PIPELINE_FILL_LATENCY = 10
NUM_LDST_LANES = 8
NUM_ALU_LANES = 16
MEMORY HIERARCHY CONFIGURATION---------------------
STRIDE Prefetcher = 1
PERFECT_CACHE = 0
WRITE_ALLOCATE = 1
Within-pipeline factors:
	AGEN latency = 1 cycle
	Store Queue (SQ): SQ size = window size, oracle memory disambiguation, store-load forwarding = 1 cycle after store's or load's agen.
	* Note: A store searches the L1$ at commit. The store is released
	* from the SQ and window, whether it hits or misses. Store misses
	* are buffered until the block is allocated and the store is
	* performed in the L1$. While buffered, conflicting loads get
	* the store's data as they would from the SQ.
I$: 128 KB, 8-way set-assoc., 64B block size
L1$: 128 KB, 8-way set-assoc., 64B block size, 3-cycle search latency
L2$: 4 MB, 8-way set-assoc., 64B block size, 12-cycle search latency
L3$: 32 MB, 16-way set-assoc., 128B block size, 50-cycle search latency
Main Memory: 150-cycle fixed search time
---------------------------STORE QUEUE MEASUREMENTS (Full Simulation i.e. Counts Not Reset When Warmup Ends)---------------------------
Number of loads: 9503272
Number of loads that miss in SQ: 8067381 (84.89%)
Number of PFs issued to the memory system 1003615
---------------------------------------------------------------------------------------------------------------------------------------
------------------------MEMORY HIERARCHY MEASUREMENTS (Full Simulation i.e. Counts Not Reset When Warmup Ends)-------------------------
I$:
	accesses   = 32433835
	misses     = 44
	miss ratio = 0.00%
	pf accesses   = 0
	pf misses     = 0
	pf miss ratio = -nan%
L1$:
	accesses   = 16844908
	misses     = 331834
	miss ratio = 1.97%
	pf accesses   = 1003615
	pf misses     = 3027
	pf miss ratio = 0.30%
L2$:
	accesses   = 331878
	misses     = 66438
	miss ratio = 20.02%
	pf accesses   = 3027
	pf misses     = 1173
	pf miss ratio = 38.75%
L3$:
	accesses   = 66438
	misses     = 40702
	miss ratio = 61.26%
	pf accesses   = 1173
	pf misses     = 425
	pf miss ratio = 36.23%
---------------------------------------------------------------------------------------------------------------------------------------
----------------------------------------------Prefetcher (Full Simulation i.e. No Warmup)----------------------------------------------
Num Trainings :9503272
Num Prefetches generated :1007011
Num Prefetches issued :1639762
Num Prefetches filtered by PF queue :53030
Num untimely prefetches dropped from PF queue :3396
Num prefetches not issued LDST contention :636147
Num prefetches not issued stride 0 :3015234
---------------------------------------------------------------------------------------------------------------------------------------

-------------------------------ILP LIMIT STUDY (Full Simulation i.e. Counts Not Reset When Warmup Ends)--------------------------------
instructions = 30000052
cycles       = 17851154
CycWP        = 13923890
IPC          = 1.6806

---------------------------------------------------------------------------------------------------------------------------------------
Top 10 highest count indices:
Index: 0xFFFFF0D8F184, Count: 76559
Index: 0xFFFFF0D8F1D0, Count: 54267
Index: 0xFFFFF0D8F2CC, Count: 39539
Index: 0xFFFFF0D8F240, Count: 18052
Index: 0xFFFFF0D8F288, Count: 17147
Index: 0xFFFFF0D8EEFC, Count: 14549
Index: 0xFFFFF0D8F220, Count: 13294
Index: 0xFFFFF0D8F0AC, Count: 10137
Index: 0xFFFFF0D8EF70, Count: 8783
Index: 0xFFFFF0D8F458, Count: 5068

-----------------------------------------------BRANCH PREDICTION MEASUREMENTS (Full Simulation i.e. Counts Not Reset When Warmup Ends)----------------------------------------------
Type                   NumBr     MispBr        mr     mpki
CondDirect          5366311     266984   4.9752%   8.8995
JumpDirect          1267823          0   0.0000%   0.0000
JumpIndirect          61994          0   0.0000%   0.0000
JumpReturn            78302          0   0.0000%   0.0000
Not control        25659405          0   0.0000%   0.0000
------------------------------------------------------------------------------------------------------------------------------------------------------------------------------------

------------------------------------------------------DIRECT CONDITIONAL BRANCH PREDICTION MEASUREMENTS (Last 10M instructions)-----------------------------------------------------
       Instr       Cycles      IPC      NumBr     MispBr BrPerCyc MispBrPerCyc        MR     MPKI      CycWP   CycWPAvg   CycWPPKI
    10000052      5551054   1.8015    1788847      88566   0.3223       0.0160   4.9510%   8.8566    4262597    48.1290   426.2575
------------------------------------------------------------------------------------------------------------------------------------------------------------------------------------

------------------------------------------------------DIRECT CONDITIONAL BRANCH PREDICTION MEASUREMENTS (Last 25M instructions)-----------------------------------------------------
       Instr       Cycles      IPC      NumBr     MispBr BrPerCyc MispBrPerCyc        MR     MPKI      CycWP   CycWPAvg   CycWPPKI
    25000052     14205754   1.7599    4472148     221036   0.3148       0.0156   4.9425%   8.8414   10956957    49.5709   438.2774
-------------------------------------------------------------------------------------------------------------------------------------------------------------------------------------

---------------------------------------------------------DIRECT CONDITIONAL BRANCH PREDICTION MEASUREMENTS (50 Perc instructions)---------------------------------------------------
       Instr       Cycles      IPC      NumBr     MispBr BrPerCyc MispBrPerCyc        MR     MPKI      CycWP   CycWPAvg   CycWPPKI
    15000052      8333886   1.7999    2681980     132335   0.3218       0.0159   4.9342%   8.8223    6401307    48.3720   426.7523
------------------------------------------------------------------------------------------------------------------------------------------------------------------------------------

-------------------------------------DIRECT CONDITIONAL BRANCH PREDICTION MEASUREMENTS (Full Simulation i.e. Counts Not Reset When Warmup Ends)-------------------------------------
       Instr       Cycles      IPC      NumBr     MispBr BrPerCyc MispBrPerCyc        MR     MPKI      CycWP   CycWPAvg   CycWPPKI
    30000052     17851154   1.6806    5366311     266984   0.3006       0.0150   4.9752%   8.8995   13923890    52.1525   464.1289
------------------------------------------------------------------------------------------------------------------------------------------------------------------------------------
 Read 30000052 instrs 

ExecTime = 162.8938443660736
