CMD:./cbp traces/int/int_29_trace.gz
5000000 instrs 
10000000 instrs 
15000000 instrs 
20000000 instrs 
25000000 instrs 
30000000 instrs 
35000000 instrs 
40000000 instrs 
EOF
WINDOW_SIZE = 1024
FETCH_WIDTH = 16
FETCH_NUM_BRANCH = 16
FETCH_STOP_AT_INDIRECT = 1
FETCH_STOP_AT_TAKEN = 1
FETCH_MODEL_ICACHE = 1
PERFECT_BRANCH_PRED = 0
PERFECT_INDIRECT_PRED = 1
PIPELINE_FILL_LATENCY = 10
NUM_LDST_LANES = 8
NUM_ALU_LANES = 16
MEMORY HIERARCHY CONFIGURATION---------------------
STRIDE Prefetcher = 1
PERFECT_CACHE = 0
WRITE_ALLOCATE = 1
Within-pipeline factors:
	AGEN latency = 1 cycle
	Store Queue (SQ): SQ size = window size, oracle memory disambiguation, store-load forwarding = 1 cycle after store's or load's agen.
	* Note: A store searches the L1$ at commit. The store is released
	* from the SQ and window, whether it hits or misses. Store misses
	* are buffered until the block is allocated and the store is
	* performed in the L1$. While buffered, conflicting loads get
	* the store's data as they would from the SQ.
I$: 128 KB, 8-way set-assoc., 64B block size
L1$: 128 KB, 8-way set-assoc., 64B block size, 3-cycle search latency
L2$: 4 MB, 8-way set-assoc., 64B block size, 12-cycle search latency
L3$: 32 MB, 16-way set-assoc., 128B block size, 50-cycle search latency
Main Memory: 150-cycle fixed search time
---------------------------STORE QUEUE MEASUREMENTS (Full Simulation i.e. Counts Not Reset When Warmup Ends)---------------------------
Number of loads: 13087178
Number of loads that miss in SQ: 11571039 (88.42%)
Number of PFs issued to the memory system 431163
---------------------------------------------------------------------------------------------------------------------------------------
------------------------MEMORY HIERARCHY MEASUREMENTS (Full Simulation i.e. Counts Not Reset When Warmup Ends)-------------------------
I$:
	accesses   = 44549358
	misses     = 421
	miss ratio = 0.00%
	pf accesses   = 0
	pf misses     = 0
	pf miss ratio = -nan%
L1$:
	accesses   = 17697944
	misses     = 28684
	miss ratio = 0.16%
	pf accesses   = 431163
	pf misses     = 3632
	pf miss ratio = 0.84%
L2$:
	accesses   = 29105
	misses     = 3721
	miss ratio = 12.78%
	pf accesses   = 3632
	pf misses     = 1792
	pf miss ratio = 49.34%
L3$:
	accesses   = 3721
	misses     = 2438
	miss ratio = 65.52%
	pf accesses   = 1792
	pf misses     = 895
	pf miss ratio = 49.94%
---------------------------------------------------------------------------------------------------------------------------------------
----------------------------------------------Prefetcher (Full Simulation i.e. No Warmup)----------------------------------------------
Num Trainings :13087178
Num Prefetches generated :446594
Num Prefetches issued :1120264
Num Prefetches filtered by PF queue :58520
Num untimely prefetches dropped from PF queue :15431
Num prefetches not issued LDST contention :689101
Num prefetches not issued stride 0 :3148308
---------------------------------------------------------------------------------------------------------------------------------------

-------------------------------ILP LIMIT STUDY (Full Simulation i.e. Counts Not Reset When Warmup Ends)--------------------------------
instructions = 40000052
cycles       = 15997480
CycWP        = 12154097
IPC          = 2.5004

---------------------------------------------------------------------------------------------------------------------------------------
Top 10 highest count indices:
Index: 0x399A78, Count: 27490
Index: 0x39E99C, Count: 23570
Index: 0x399AF0, Count: 16682
Index: 0x39DF9C, Count: 12920
Index: 0x39DD00, Count: 11452
Index: 0x39EA24, Count: 11399
Index: 0x39ED18, Count: 11257
Index: 0x399B28, Count: 9754
Index: 0x392BF0, Count: 9717
Index: 0x39E7E4, Count: 9329

-----------------------------------------------BRANCH PREDICTION MEASUREMENTS (Full Simulation i.e. Counts Not Reset When Warmup Ends)----------------------------------------------
Type                   NumBr     MispBr        mr     mpki
CondDirect          4048870     501079  12.3758%  12.5270
JumpDirect           635406          0   0.0000%   0.0000
JumpIndirect            463          0   0.0000%   0.0000
JumpReturn           277612          0   0.0000%   0.0000
Not control        39587007          0   0.0000%   0.0000
------------------------------------------------------------------------------------------------------------------------------------------------------------------------------------

------------------------------------------------------DIRECT CONDITIONAL BRANCH PREDICTION MEASUREMENTS (Last 10M instructions)-----------------------------------------------------
       Instr       Cycles      IPC      NumBr     MispBr BrPerCyc MispBrPerCyc        MR     MPKI      CycWP   CycWPAvg   CycWPPKI
    10000052      3876979   2.5793    1009075     121914   0.2603       0.0314  12.0818%  12.1913    2932025    24.0499   293.2010
------------------------------------------------------------------------------------------------------------------------------------------------------------------------------------

------------------------------------------------------DIRECT CONDITIONAL BRANCH PREDICTION MEASUREMENTS (Last 25M instructions)-----------------------------------------------------
       Instr       Cycles      IPC      NumBr     MispBr BrPerCyc MispBrPerCyc        MR     MPKI      CycWP   CycWPAvg   CycWPPKI
    25000052      9696419   2.5783    2528434     305106   0.2608       0.0315  12.0670%  12.2042    7333950    24.0374   293.3574
-------------------------------------------------------------------------------------------------------------------------------------------------------------------------------------

---------------------------------------------------------DIRECT CONDITIONAL BRANCH PREDICTION MEASUREMENTS (50 Perc instructions)---------------------------------------------------
       Instr       Cycles      IPC      NumBr     MispBr BrPerCyc MispBrPerCyc        MR     MPKI      CycWP   CycWPAvg   CycWPPKI
    20000052      7748585   2.5811    2031315     244003   0.2622       0.0315  12.0121%  12.2001    5859812    24.0153   292.9898
------------------------------------------------------------------------------------------------------------------------------------------------------------------------------------

-------------------------------------DIRECT CONDITIONAL BRANCH PREDICTION MEASUREMENTS (Full Simulation i.e. Counts Not Reset When Warmup Ends)-------------------------------------
       Instr       Cycles      IPC      NumBr     MispBr BrPerCyc MispBrPerCyc        MR     MPKI      CycWP   CycWPAvg   CycWPPKI
    40000052     15997480   2.5004    4048870     501079   0.2531       0.0313  12.3758%  12.5270   12154097    24.2558   303.8520
------------------------------------------------------------------------------------------------------------------------------------------------------------------------------------
 Read 40000052 instrs 

ExecTime = 168.17873668670654
