CMD:./cbp traces/int/int_2_trace.gz
5000000 instrs 
10000000 instrs 
15000000 instrs 
20000000 instrs 
25000000 instrs 
30000000 instrs 
EOF
WINDOW_SIZE = 1024
FETCH_WIDTH = 16
FETCH_NUM_BRANCH = 16
FETCH_STOP_AT_INDIRECT = 1
FETCH_STOP_AT_TAKEN = 1
FETCH_MODEL_ICACHE = 1
PERFECT_BRANCH_PRED = 0
PERFECT_INDIRECT_PRED = 1
PIPELINE_FILL_LATENCY = 10
NUM_LDST_LANES = 8
NUM_ALU_LANES = 16
MEMORY HIERARCHY CONFIGURATION---------------------
STRIDE Prefetcher = 1
PERFECT_CACHE = 0
WRITE_ALLOCATE = 1
Within-pipeline factors:
	AGEN latency = 1 cycle
	Store Queue (SQ): SQ size = window size, oracle memory disambiguation, store-load forwarding = 1 cycle after store's or load's agen.
	* Note: A store searches the L1$ at commit. The store is released
	* from the SQ and window, whether it hits or misses. Store misses
	* are buffered until the block is allocated and the store is
	* performed in the L1$. While buffered, conflicting loads get
	* the store's data as they would from the SQ.
I$: 128 KB, 8-way set-assoc., 64B block size
L1$: 128 KB, 8-way set-assoc., 64B block size, 3-cycle search latency
L2$: 4 MB, 8-way set-assoc., 64B block size, 12-cycle search latency
L3$: 32 MB, 16-way set-assoc., 128B block size, 50-cycle search latency
Main Memory: 150-cycle fixed search time
---------------------------STORE QUEUE MEASUREMENTS (Full Simulation i.e. Counts Not Reset When Warmup Ends)---------------------------
Number of loads: 9503272
Number of loads that miss in SQ: 7998559 (84.17%)
Number of PFs issued to the memory system 1003500
---------------------------------------------------------------------------------------------------------------------------------------
------------------------MEMORY HIERARCHY MEASUREMENTS (Full Simulation i.e. Counts Not Reset When Warmup Ends)-------------------------
I$:
	accesses   = 32433835
	misses     = 44
	miss ratio = 0.00%
	pf accesses   = 0
	pf misses     = 0
	pf miss ratio = -nan%
L1$:
	accesses   = 16844908
	misses     = 331838
	miss ratio = 1.97%
	pf accesses   = 1003500
	pf misses     = 3036
	pf miss ratio = 0.30%
L2$:
	accesses   = 331882
	misses     = 66437
	miss ratio = 20.02%
	pf accesses   = 3036
	pf misses     = 1177
	pf miss ratio = 38.77%
L3$:
	accesses   = 66437
	misses     = 40703
	miss ratio = 61.27%
	pf accesses   = 1177
	pf misses     = 425
	pf miss ratio = 36.11%
---------------------------------------------------------------------------------------------------------------------------------------
----------------------------------------------Prefetcher (Full Simulation i.e. No Warmup)----------------------------------------------
Num Trainings :9503272
Num Prefetches generated :1006958
Num Prefetches issued :1656208
Num Prefetches filtered by PF queue :53083
Num untimely prefetches dropped from PF queue :3458
Num prefetches not issued LDST contention :652708
Num prefetches not issued stride 0 :3015234
---------------------------------------------------------------------------------------------------------------------------------------

-------------------------------ILP LIMIT STUDY (Full Simulation i.e. Counts Not Reset When Warmup Ends)--------------------------------
instructions = 30000052
cycles       = 16603779
CycWP        = 12570312
IPC          = 1.8068

---------------------------------------------------------------------------------------------------------------------------------------
Top 10 highest count indices:
Index: 0xFFFFF0D8F184, Count: 49085
Index: 0xFFFFF0D8F2CC, Count: 39492
Index: 0xFFFFF0D8F240, Count: 17989
Index: 0xFFFFF0D8F288, Count: 17188
Index: 0xFFFFF0D8EEFC, Count: 14539
Index: 0xFFFFF0D8F220, Count: 13290
Index: 0xFFFFF0D8F1D0, Count: 12888
Index: 0xFFFFF0D8F0AC, Count: 10179
Index: 0xFFFFF0D8EF70, Count: 8792
Index: 0xFFFFF0D8F458, Count: 5093

-----------------------------------------------BRANCH PREDICTION MEASUREMENTS (Full Simulation i.e. Counts Not Reset When Warmup Ends)----------------------------------------------
Type                   NumBr     MispBr        mr     mpki
CondDirect          5366311     198038   3.6904%   6.6013
JumpDirect          1267823          0   0.0000%   0.0000
JumpIndirect          61994          0   0.0000%   0.0000
JumpReturn            78302          0   0.0000%   0.0000
Not control        25659405          0   0.0000%   0.0000
------------------------------------------------------------------------------------------------------------------------------------------------------------------------------------

------------------------------------------------------DIRECT CONDITIONAL BRANCH PREDICTION MEASUREMENTS (Last 10M instructions)-----------------------------------------------------
       Instr       Cycles      IPC      NumBr     MispBr BrPerCyc MispBrPerCyc        MR     MPKI      CycWP   CycWPAvg   CycWPPKI
    10000052      5134367   1.9477    1788847      65753   0.3484       0.0128   3.6757%   6.5753    3811349    57.9646   381.1329
------------------------------------------------------------------------------------------------------------------------------------------------------------------------------------

------------------------------------------------------DIRECT CONDITIONAL BRANCH PREDICTION MEASUREMENTS (Last 25M instructions)-----------------------------------------------------
       Instr       Cycles      IPC      NumBr     MispBr BrPerCyc MispBrPerCyc        MR     MPKI      CycWP   CycWPAvg   CycWPPKI
    25000052     13159834   1.8997    4472148     163957   0.3398       0.0125   3.6662%   6.5583    9826859    59.9356   393.0735
-------------------------------------------------------------------------------------------------------------------------------------------------------------------------------------

---------------------------------------------------------DIRECT CONDITIONAL BRANCH PREDICTION MEASUREMENTS (50 Perc instructions)---------------------------------------------------
       Instr       Cycles      IPC      NumBr     MispBr BrPerCyc MispBrPerCyc        MR     MPKI      CycWP   CycWPAvg   CycWPPKI
    15000052      7702058   1.9475    2681980      98014   0.3482       0.0127   3.6545%   6.5342    5720300    58.3621   381.3520
------------------------------------------------------------------------------------------------------------------------------------------------------------------------------------

-------------------------------------DIRECT CONDITIONAL BRANCH PREDICTION MEASUREMENTS (Full Simulation i.e. Counts Not Reset When Warmup Ends)-------------------------------------
       Instr       Cycles      IPC      NumBr     MispBr BrPerCyc MispBrPerCyc        MR     MPKI      CycWP   CycWPAvg   CycWPPKI
    30000052     16603779   1.8068    5366311     198038   0.3232       0.0119   3.6904%   6.6013   12570312    63.4742   419.0097
------------------------------------------------------------------------------------------------------------------------------------------------------------------------------------
 Read 30000052 instrs 

ExecTime = 166.10320901870728
