CMD:./cbp traces/int/int_17_trace.gz
5000000 instrs 
10000000 instrs 
15000000 instrs 
20000000 instrs 
25000000 instrs 
30000000 instrs 
35000000 instrs 
EOF
WINDOW_SIZE = 1024
FETCH_WIDTH = 16
FETCH_NUM_BRANCH = 16
FETCH_STOP_AT_INDIRECT = 1
FETCH_STOP_AT_TAKEN = 1
FETCH_MODEL_ICACHE = 1
PERFECT_BRANCH_PRED = 0
PERFECT_INDIRECT_PRED = 1
PIPELINE_FILL_LATENCY = 10
NUM_LDST_LANES = 8
NUM_ALU_LANES = 16
MEMORY HIERARCHY CONFIGURATION---------------------
STRIDE Prefetcher = 1
PERFECT_CACHE = 0
WRITE_ALLOCATE = 1
Within-pipeline factors:
	AGEN latency = 1 cycle
	Store Queue (SQ): SQ size = window size, oracle memory disambiguation, store-load forwarding = 1 cycle after store's or load's agen.
	* Note: A store searches the L1$ at commit. The store is released
	* from the SQ and window, whether it hits or misses. Store misses
	* are buffered until the block is allocated and the store is
	* performed in the L1$. While buffered, conflicting loads get
	* the store's data as they would from the SQ.
I$: 128 KB, 8-way set-assoc., 64B block size
L1$: 128 KB, 8-way set-assoc., 64B block size, 3-cycle search latency
L2$: 4 MB, 8-way set-assoc., 64B block size, 12-cycle search latency
L3$: 32 MB, 16-way set-assoc., 128B block size, 50-cycle search latency
Main Memory: 150-cycle fixed search time
---------------------------STORE QUEUE MEASUREMENTS (Full Simulation i.e. Counts Not Reset When Warmup Ends)---------------------------
Number of loads: 11797080
Number of loads that miss in SQ: 9130564 (77.40%)
Number of PFs issued to the memory system 953430
---------------------------------------------------------------------------------------------------------------------------------------
------------------------MEMORY HIERARCHY MEASUREMENTS (Full Simulation i.e. Counts Not Reset When Warmup Ends)-------------------------
I$:
	accesses   = 45627854
	misses     = 125741
	miss ratio = 0.28%
	pf accesses   = 0
	pf misses     = 0
	pf miss ratio = -nan%
L1$:
	accesses   = 17932099
	misses     = 106785
	miss ratio = 0.60%
	pf accesses   = 953430
	pf misses     = 35047
	pf miss ratio = 3.68%
L2$:
	accesses   = 232526
	misses     = 47824
	miss ratio = 20.57%
	pf accesses   = 35047
	pf misses     = 6153
	pf miss ratio = 17.56%
L3$:
	accesses   = 47824
	misses     = 28792
	miss ratio = 60.20%
	pf accesses   = 6153
	pf misses     = 2912
	pf miss ratio = 47.33%
---------------------------------------------------------------------------------------------------------------------------------------
----------------------------------------------Prefetcher (Full Simulation i.e. No Warmup)----------------------------------------------
Num Trainings :11797080
Num Prefetches generated :956715
Num Prefetches issued :1837371
Num Prefetches filtered by PF queue :45084
Num untimely prefetches dropped from PF queue :3285
Num prefetches not issued LDST contention :883941
Num prefetches not issued stride 0 :2608149
---------------------------------------------------------------------------------------------------------------------------------------

-------------------------------ILP LIMIT STUDY (Full Simulation i.e. Counts Not Reset When Warmup Ends)--------------------------------
instructions = 39999987
cycles       = 16641837
CycWP        = 5876956
IPC          = 2.4036

---------------------------------------------------------------------------------------------------------------------------------------
Top 10 highest count indices:
Index: 0x4980C8, Count: 1711
Index: 0x467580, Count: 1473
Index: 0x465C84, Count: 1454
Index: 0x498024, Count: 1414
Index: 0xA46DCC, Count: 695
Index: 0x59CCC8, Count: 682
Index: 0x491D24, Count: 670
Index: 0x4672EC, Count: 649
Index: 0xA490C4, Count: 639
Index: 0x46758C, Count: 615

-----------------------------------------------BRANCH PREDICTION MEASUREMENTS (Full Simulation i.e. Counts Not Reset When Warmup Ends)----------------------------------------------
Type                   NumBr     MispBr        mr     mpki
CondDirect          6659971     256347   3.8491%   6.4087
JumpDirect          1207033          0   0.0000%   0.0000
JumpIndirect         260448          0   0.0000%   0.0000
JumpReturn           562896          0   0.0000%   0.0000
Not control        36937506          0   0.0000%   0.0000
------------------------------------------------------------------------------------------------------------------------------------------------------------------------------------

------------------------------------------------------DIRECT CONDITIONAL BRANCH PREDICTION MEASUREMENTS (Last 10M instructions)-----------------------------------------------------
       Instr       Cycles      IPC      NumBr     MispBr BrPerCyc MispBrPerCyc        MR     MPKI      CycWP   CycWPAvg   CycWPPKI
    10999987      3654594   3.0099    1815966      65021   0.4969       0.0178   3.5805%   5.9110    1437440    22.1073   130.6765
------------------------------------------------------------------------------------------------------------------------------------------------------------------------------------

------------------------------------------------------DIRECT CONDITIONAL BRANCH PREDICTION MEASUREMENTS (Last 25M instructions)-----------------------------------------------------
       Instr       Cycles      IPC      NumBr     MispBr BrPerCyc MispBrPerCyc        MR     MPKI      CycWP   CycWPAvg   CycWPPKI
    25999987      8671819   2.9982    4264239     152250   0.4917       0.0176   3.5704%   5.8558    3423816    22.4881   131.6853
-------------------------------------------------------------------------------------------------------------------------------------------------------------------------------------

---------------------------------------------------------DIRECT CONDITIONAL BRANCH PREDICTION MEASUREMENTS (50 Perc instructions)---------------------------------------------------
       Instr       Cycles      IPC      NumBr     MispBr BrPerCyc MispBrPerCyc        MR     MPKI      CycWP   CycWPAvg   CycWPPKI
    20999987      6702544   3.1331    3432362     120130   0.5121       0.0179   3.4999%   5.7205    2641658    21.9900   125.7933
------------------------------------------------------------------------------------------------------------------------------------------------------------------------------------

-------------------------------------DIRECT CONDITIONAL BRANCH PREDICTION MEASUREMENTS (Full Simulation i.e. Counts Not Reset When Warmup Ends)-------------------------------------
       Instr       Cycles      IPC      NumBr     MispBr BrPerCyc MispBrPerCyc        MR     MPKI      CycWP   CycWPAvg   CycWPPKI
    39999987     16641837   2.4036    6659971     256347   0.4002       0.0154   3.8491%   6.4087    5876956    22.9258   146.9239
------------------------------------------------------------------------------------------------------------------------------------------------------------------------------------
 Read 39999987 instrs 

ExecTime = 218.59193062782288
