CMD:./cbp traces/int/int_5_trace.gz
5000000 instrs 
10000000 instrs 
15000000 instrs 
20000000 instrs 
25000000 instrs 
30000000 instrs 
EOF
WINDOW_SIZE = 1024
FETCH_WIDTH = 16
FETCH_NUM_BRANCH = 16
FETCH_STOP_AT_INDIRECT = 1
FETCH_STOP_AT_TAKEN = 1
FETCH_MODEL_ICACHE = 1
PERFECT_BRANCH_PRED = 0
PERFECT_INDIRECT_PRED = 1
PIPELINE_FILL_LATENCY = 10
NUM_LDST_LANES = 8
NUM_ALU_LANES = 16
MEMORY HIERARCHY CONFIGURATION---------------------
STRIDE Prefetcher = 1
PERFECT_CACHE = 0
WRITE_ALLOCATE = 1
Within-pipeline factors:
	AGEN latency = 1 cycle
	Store Queue (SQ): SQ size = window size, oracle memory disambiguation, store-load forwarding = 1 cycle after store's or load's agen.
	* Note: A store searches the L1$ at commit. The store is released
	* from the SQ and window, whether it hits or misses. Store misses
	* are buffered until the block is allocated and the store is
	* performed in the L1$. While buffered, conflicting loads get
	* the store's data as they would from the SQ.
I$: 128 KB, 8-way set-assoc., 64B block size
L1$: 128 KB, 8-way set-assoc., 64B block size, 3-cycle search latency
L2$: 4 MB, 8-way set-assoc., 64B block size, 12-cycle search latency
L3$: 32 MB, 16-way set-assoc., 128B block size, 50-cycle search latency
Main Memory: 150-cycle fixed search time
---------------------------STORE QUEUE MEASUREMENTS (Full Simulation i.e. Counts Not Reset When Warmup Ends)---------------------------
Number of loads: 6523325
Number of loads that miss in SQ: 5720663 (87.70%)
Number of PFs issued to the memory system 2526113
---------------------------------------------------------------------------------------------------------------------------------------
------------------------MEMORY HIERARCHY MEASUREMENTS (Full Simulation i.e. Counts Not Reset When Warmup Ends)-------------------------
I$:
	accesses   = 44930739
	misses     = 156
	miss ratio = 0.00%
	pf accesses   = 0
	pf misses     = 0
	pf miss ratio = -nan%
L1$:
	accesses   = 9808653
	misses     = 130606
	miss ratio = 1.33%
	pf accesses   = 2526113
	pf misses     = 41123
	pf miss ratio = 1.63%
L2$:
	accesses   = 130762
	misses     = 83849
	miss ratio = 64.12%
	pf accesses   = 41123
	pf misses     = 2518
	pf miss ratio = 6.12%
L3$:
	accesses   = 83849
	misses     = 42192
	miss ratio = 50.32%
	pf accesses   = 2518
	pf misses     = 1242
	pf miss ratio = 49.32%
---------------------------------------------------------------------------------------------------------------------------------------
----------------------------------------------Prefetcher (Full Simulation i.e. No Warmup)----------------------------------------------
Num Trainings :6523325
Num Prefetches generated :2537894
Num Prefetches issued :8024228
Num Prefetches filtered by PF queue :468291
Num untimely prefetches dropped from PF queue :11781
Num prefetches not issued LDST contention :5498115
Num prefetches not issued stride 0 :945399
---------------------------------------------------------------------------------------------------------------------------------------

-------------------------------ILP LIMIT STUDY (Full Simulation i.e. Counts Not Reset When Warmup Ends)--------------------------------
instructions = 30000052
cycles       = 6717450
CycWP        = 3164981
IPC          = 4.4660

---------------------------------------------------------------------------------------------------------------------------------------
Top 10 highest count indices:
Index: 0xFFFFF1F29D18, Count: 41505
Index: 0xFFFFF1F29CA4, Count: 16299
Index: 0xFFFFF1F29BA0, Count: 10329
Index: 0xFFFFF1F44784, Count: 7650
Index: 0xFFFFF1F29CE8, Count: 2750
Index: 0xFFFFF1F44670, Count: 2669
Index: 0xFFFFF1F29B50, Count: 2538
Index: 0xFFFFF1F4489C, Count: 1978
Index: 0xFFFFF1F28B40, Count: 918
Index: 0xFFFFF1F28A98, Count: 679

-----------------------------------------------BRANCH PREDICTION MEASUREMENTS (Full Simulation i.e. Counts Not Reset When Warmup Ends)----------------------------------------------
Type                   NumBr     MispBr        mr     mpki
CondDirect          2565027      89586   3.4926%   2.9862
JumpDirect           491610          0   0.0000%   0.0000
JumpIndirect          58053          0   0.0000%   0.0000
JumpReturn            80796          0   0.0000%   0.0000
Not control        41735253          0   0.0000%   0.0000
------------------------------------------------------------------------------------------------------------------------------------------------------------------------------------

------------------------------------------------------DIRECT CONDITIONAL BRANCH PREDICTION MEASUREMENTS (Last 10M instructions)-----------------------------------------------------
       Instr       Cycles      IPC      NumBr     MispBr BrPerCyc MispBrPerCyc        MR     MPKI      CycWP   CycWPAvg   CycWPPKI
    10000052      2227811   4.4887     857915      29788   0.3851       0.0134   3.4721%   2.9788    1054266    35.3923   105.4261
------------------------------------------------------------------------------------------------------------------------------------------------------------------------------------

------------------------------------------------------DIRECT CONDITIONAL BRANCH PREDICTION MEASUREMENTS (Last 25M instructions)-----------------------------------------------------
       Instr       Cycles      IPC      NumBr     MispBr BrPerCyc MispBrPerCyc        MR     MPKI      CycWP   CycWPAvg   CycWPPKI
    25000052      5537294   4.5149    2126343      73907   0.3840       0.0133   3.4758%   2.9563    2604878    35.2453   104.1949
-------------------------------------------------------------------------------------------------------------------------------------------------------------------------------------

---------------------------------------------------------DIRECT CONDITIONAL BRANCH PREDICTION MEASUREMENTS (50 Perc instructions)---------------------------------------------------
       Instr       Cycles      IPC      NumBr     MispBr BrPerCyc MispBrPerCyc        MR     MPKI      CycWP   CycWPAvg   CycWPPKI
    15000052      3356176   4.4694    1297750      44515   0.3867       0.0133   3.4302%   2.9677    1593982    35.8078   106.2651
------------------------------------------------------------------------------------------------------------------------------------------------------------------------------------

-------------------------------------DIRECT CONDITIONAL BRANCH PREDICTION MEASUREMENTS (Full Simulation i.e. Counts Not Reset When Warmup Ends)-------------------------------------
       Instr       Cycles      IPC      NumBr     MispBr BrPerCyc MispBrPerCyc        MR     MPKI      CycWP   CycWPAvg   CycWPPKI
    30000052      6717450   4.4660    2565027      89586   0.3818       0.0133   3.4926%   2.9862    3164981    35.3290   105.4992
------------------------------------------------------------------------------------------------------------------------------------------------------------------------------------
 Read 30000052 instrs 

ExecTime = 209.57089018821716
