CMD:./cbp traces/int/int_29_trace.gz
5000000 instrs 
10000000 instrs 
15000000 instrs 
20000000 instrs 
25000000 instrs 
30000000 instrs 
35000000 instrs 
40000000 instrs 
EOF
WINDOW_SIZE = 1024
FETCH_WIDTH = 16
FETCH_NUM_BRANCH = 16
FETCH_STOP_AT_INDIRECT = 1
FETCH_STOP_AT_TAKEN = 1
FETCH_MODEL_ICACHE = 1
PERFECT_BRANCH_PRED = 0
PERFECT_INDIRECT_PRED = 1
PIPELINE_FILL_LATENCY = 10
NUM_LDST_LANES = 8
NUM_ALU_LANES = 16
MEMORY HIERARCHY CONFIGURATION---------------------
STRIDE Prefetcher = 1
PERFECT_CACHE = 0
WRITE_ALLOCATE = 1
Within-pipeline factors:
	AGEN latency = 1 cycle
	Store Queue (SQ): SQ size = window size, oracle memory disambiguation, store-load forwarding = 1 cycle after store's or load's agen.
	* Note: A store searches the L1$ at commit. The store is released
	* from the SQ and window, whether it hits or misses. Store misses
	* are buffered until the block is allocated and the store is
	* performed in the L1$. While buffered, conflicting loads get
	* the store's data as they would from the SQ.
I$: 128 KB, 8-way set-assoc., 64B block size
L1$: 128 KB, 8-way set-assoc., 64B block size, 3-cycle search latency
L2$: 4 MB, 8-way set-assoc., 64B block size, 12-cycle search latency
L3$: 32 MB, 16-way set-assoc., 128B block size, 50-cycle search latency
Main Memory: 150-cycle fixed search time
---------------------------STORE QUEUE MEASUREMENTS (Full Simulation i.e. Counts Not Reset When Warmup Ends)---------------------------
Number of loads: 13087178
Number of loads that miss in SQ: 11623897 (88.82%)
Number of PFs issued to the memory system 429448
---------------------------------------------------------------------------------------------------------------------------------------
------------------------MEMORY HIERARCHY MEASUREMENTS (Full Simulation i.e. Counts Not Reset When Warmup Ends)-------------------------
I$:
	accesses   = 44549358
	misses     = 421
	miss ratio = 0.00%
	pf accesses   = 0
	pf misses     = 0
	pf miss ratio = -nan%
L1$:
	accesses   = 17697944
	misses     = 28690
	miss ratio = 0.16%
	pf accesses   = 429448
	pf misses     = 3625
	pf miss ratio = 0.84%
L2$:
	accesses   = 29111
	misses     = 3721
	miss ratio = 12.78%
	pf accesses   = 3625
	pf misses     = 1791
	pf miss ratio = 49.41%
L3$:
	accesses   = 3721
	misses     = 2438
	miss ratio = 65.52%
	pf accesses   = 1791
	pf misses     = 895
	pf miss ratio = 49.97%
---------------------------------------------------------------------------------------------------------------------------------------
----------------------------------------------Prefetcher (Full Simulation i.e. No Warmup)----------------------------------------------
Num Trainings :13087178
Num Prefetches generated :445929
Num Prefetches issued :1115033
Num Prefetches filtered by PF queue :59185
Num untimely prefetches dropped from PF queue :16481
Num prefetches not issued LDST contention :685585
Num prefetches not issued stride 0 :3148308
---------------------------------------------------------------------------------------------------------------------------------------

-------------------------------ILP LIMIT STUDY (Full Simulation i.e. Counts Not Reset When Warmup Ends)--------------------------------
instructions = 40000052
cycles       = 16417944
CycWP        = 12585104
IPC          = 2.4364

---------------------------------------------------------------------------------------------------------------------------------------
Top 10 highest count indices:
Index: 0x399A78, Count: 44359
Index: 0x39E99C, Count: 23774
Index: 0x399AF0, Count: 16683
Index: 0x392BF0, Count: 12944
Index: 0x39DF9C, Count: 12837
Index: 0x39DD00, Count: 11653
Index: 0x39EA24, Count: 11491
Index: 0x39ED18, Count: 11180
Index: 0x392BF8, Count: 10241
Index: 0x399B28, Count: 9775

-----------------------------------------------BRANCH PREDICTION MEASUREMENTS (Full Simulation i.e. Counts Not Reset When Warmup Ends)----------------------------------------------
Type                   NumBr     MispBr        mr     mpki
CondDirect          4048870     526403  13.0012%  13.1601
JumpDirect           635406          0   0.0000%   0.0000
JumpIndirect            463          0   0.0000%   0.0000
JumpReturn           277612          0   0.0000%   0.0000
Not control        39587007          0   0.0000%   0.0000
------------------------------------------------------------------------------------------------------------------------------------------------------------------------------------

------------------------------------------------------DIRECT CONDITIONAL BRANCH PREDICTION MEASUREMENTS (Last 10M instructions)-----------------------------------------------------
       Instr       Cycles      IPC      NumBr     MispBr BrPerCyc MispBrPerCyc        MR     MPKI      CycWP   CycWPAvg   CycWPPKI
    10000052      3979007   2.5132    1009075     128059   0.2536       0.0322  12.6907%  12.8058    3036366    23.7107   303.6350
------------------------------------------------------------------------------------------------------------------------------------------------------------------------------------

------------------------------------------------------DIRECT CONDITIONAL BRANCH PREDICTION MEASUREMENTS (Last 25M instructions)-----------------------------------------------------
       Instr       Cycles      IPC      NumBr     MispBr BrPerCyc MispBrPerCyc        MR     MPKI      CycWP   CycWPAvg   CycWPPKI
    25000052      9956179   2.5110    2528434     320595   0.2540       0.0322  12.6796%  12.8238    7599368    23.7040   303.9741
-------------------------------------------------------------------------------------------------------------------------------------------------------------------------------------

---------------------------------------------------------DIRECT CONDITIONAL BRANCH PREDICTION MEASUREMENTS (50 Perc instructions)---------------------------------------------------
       Instr       Cycles      IPC      NumBr     MispBr BrPerCyc MispBrPerCyc        MR     MPKI      CycWP   CycWPAvg   CycWPPKI
    20000052      7960910   2.5123    2031315     256718   0.2552       0.0322  12.6380%  12.8359    6076401    23.6696   303.8193
------------------------------------------------------------------------------------------------------------------------------------------------------------------------------------

-------------------------------------DIRECT CONDITIONAL BRANCH PREDICTION MEASUREMENTS (Full Simulation i.e. Counts Not Reset When Warmup Ends)-------------------------------------
       Instr       Cycles      IPC      NumBr     MispBr BrPerCyc MispBrPerCyc        MR     MPKI      CycWP   CycWPAvg   CycWPPKI
    40000052     16417944   2.4364    4048870     526403   0.2466       0.0321  13.0012%  13.1601   12585104    23.9077   314.6272
------------------------------------------------------------------------------------------------------------------------------------------------------------------------------------
 Read 40000052 instrs 

ExecTime = 207.08243417739868
