CMD:./cbp traces/int/int_20_trace.gz
5000000 instrs 
10000000 instrs 
15000000 instrs 
20000000 instrs 
25000000 instrs 
30000000 instrs 
35000000 instrs 
40000000 instrs 
45000000 instrs 
50000000 instrs 
55000000 instrs 
60000000 instrs 
EOF
WINDOW_SIZE = 1024
FETCH_WIDTH = 16
FETCH_NUM_BRANCH = 16
FETCH_STOP_AT_INDIRECT = 1
FETCH_STOP_AT_TAKEN = 1
FETCH_MODEL_ICACHE = 1
PERFECT_BRANCH_PRED = 0
PERFECT_INDIRECT_PRED = 1
PIPELINE_FILL_LATENCY = 10
NUM_LDST_LANES = 8
NUM_ALU_LANES = 16
MEMORY HIERARCHY CONFIGURATION---------------------
STRIDE Prefetcher = 1
PERFECT_CACHE = 0
WRITE_ALLOCATE = 1
Within-pipeline factors:
	AGEN latency = 1 cycle
	Store Queue (SQ): SQ size = window size, oracle memory disambiguation, store-load forwarding = 1 cycle after store's or load's agen.
	* Note: A store searches the L1$ at commit. The store is released
	* from the SQ and window, whether it hits or misses. Store misses
	* are buffered until the block is allocated and the store is
	* performed in the L1$. While buffered, conflicting loads get
	* the store's data as they would from the SQ.
I$: 128 KB, 8-way set-assoc., 64B block size
L1$: 128 KB, 8-way set-assoc., 64B block size, 3-cycle search latency
L2$: 4 MB, 8-way set-assoc., 64B block size, 12-cycle search latency
L3$: 32 MB, 16-way set-assoc., 128B block size, 50-cycle search latency
Main Memory: 150-cycle fixed search time
---------------------------STORE QUEUE MEASUREMENTS (Full Simulation i.e. Counts Not Reset When Warmup Ends)---------------------------
Number of loads: 18126583
Number of loads that miss in SQ: 12888134 (71.10%)
Number of PFs issued to the memory system 1575287
---------------------------------------------------------------------------------------------------------------------------------------
------------------------MEMORY HIERARCHY MEASUREMENTS (Full Simulation i.e. Counts Not Reset When Warmup Ends)-------------------------
I$:
	accesses   = 68678744
	misses     = 47310
	miss ratio = 0.07%
	pf accesses   = 0
	pf misses     = 0
	pf miss ratio = -nan%
L1$:
	accesses   = 27658271
	misses     = 342342
	miss ratio = 1.24%
	pf accesses   = 1575287
	pf misses     = 122405
	pf miss ratio = 7.77%
L2$:
	accesses   = 389652
	misses     = 56989
	miss ratio = 14.63%
	pf accesses   = 122405
	pf misses     = 10622
	pf miss ratio = 8.68%
L3$:
	accesses   = 56989
	misses     = 34647
	miss ratio = 60.80%
	pf accesses   = 10622
	pf misses     = 5229
	pf miss ratio = 49.23%
---------------------------------------------------------------------------------------------------------------------------------------
----------------------------------------------Prefetcher (Full Simulation i.e. No Warmup)----------------------------------------------
Num Trainings :18126583
Num Prefetches generated :1581686
Num Prefetches issued :3630269
Num Prefetches filtered by PF queue :97923
Num untimely prefetches dropped from PF queue :6399
Num prefetches not issued LDST contention :2054982
Num prefetches not issued stride 0 :4348694
---------------------------------------------------------------------------------------------------------------------------------------

-------------------------------ILP LIMIT STUDY (Full Simulation i.e. Counts Not Reset When Warmup Ends)--------------------------------
instructions = 60000051
cycles       = 17349547
CycWP        = 5314999
IPC          = 3.4583

---------------------------------------------------------------------------------------------------------------------------------------
Top 10 highest count indices:
Index: 0x546EC4, Count: 2690
Index: 0x546C40, Count: 2360
Index: 0x59CBDC, Count: 1302
Index: 0x4980C8, Count: 1206
Index: 0x467580, Count: 1052
Index: 0x464C78, Count: 858
Index: 0x5317E4, Count: 781
Index: 0x59B6A4, Count: 758
Index: 0x498024, Count: 681
Index: 0x5D1AD4, Count: 612

-----------------------------------------------BRANCH PREDICTION MEASUREMENTS (Full Simulation i.e. Counts Not Reset When Warmup Ends)----------------------------------------------
Type                   NumBr     MispBr        mr     mpki
CondDirect          9561405     168370   1.7609%   2.8062
JumpDirect          1957277          0   0.0000%   0.0000
JumpIndirect         445245          0   0.0000%   0.0000
JumpReturn           908136          0   0.0000%   0.0000
Not control        55806681          0   0.0000%   0.0000
------------------------------------------------------------------------------------------------------------------------------------------------------------------------------------

------------------------------------------------------DIRECT CONDITIONAL BRANCH PREDICTION MEASUREMENTS (Last 10M instructions)-----------------------------------------------------
       Instr       Cycles      IPC      NumBr     MispBr BrPerCyc MispBrPerCyc        MR     MPKI      CycWP   CycWPAvg   CycWPPKI
    10000051      2582457   3.8723    1668734      29509   0.6462       0.0114   1.7683%   2.9509     828826    28.0872    82.8822
------------------------------------------------------------------------------------------------------------------------------------------------------------------------------------

------------------------------------------------------DIRECT CONDITIONAL BRANCH PREDICTION MEASUREMENTS (Last 25M instructions)-----------------------------------------------------
       Instr       Cycles      IPC      NumBr     MispBr BrPerCyc MispBrPerCyc        MR     MPKI      CycWP   CycWPAvg   CycWPPKI
    25000051      5920060   4.2229    4043110      65636   0.6830       0.0111   1.6234%   2.6254    1813918    27.6360    72.5566
-------------------------------------------------------------------------------------------------------------------------------------------------------------------------------------

---------------------------------------------------------DIRECT CONDITIONAL BRANCH PREDICTION MEASUREMENTS (50 Perc instructions)---------------------------------------------------
       Instr       Cycles      IPC      NumBr     MispBr BrPerCyc MispBrPerCyc        MR     MPKI      CycWP   CycWPAvg   CycWPPKI
    30000051      7211021   4.1603    4877083      81454   0.6763       0.0113   1.6701%   2.7151    2271909    27.8919    75.7302
------------------------------------------------------------------------------------------------------------------------------------------------------------------------------------

-------------------------------------DIRECT CONDITIONAL BRANCH PREDICTION MEASUREMENTS (Full Simulation i.e. Counts Not Reset When Warmup Ends)-------------------------------------
       Instr       Cycles      IPC      NumBr     MispBr BrPerCyc MispBrPerCyc        MR     MPKI      CycWP   CycWPAvg   CycWPPKI
    60000051     17349547   3.4583    9561405     168370   0.5511       0.0097   1.7609%   2.8062    5314999    31.5674    88.5832
------------------------------------------------------------------------------------------------------------------------------------------------------------------------------------
 Read 60000051 instrs 

ExecTime = 334.6665847301483
