CMD:./cbp traces/int/int_35_trace.gz
5000000 instrs 
10000000 instrs 
15000000 instrs 
20000000 instrs 
25000000 instrs 
30000000 instrs 
35000000 instrs 
40000000 instrs 
EOF
WINDOW_SIZE = 1024
FETCH_WIDTH = 16
FETCH_NUM_BRANCH = 16
FETCH_STOP_AT_INDIRECT = 1
FETCH_STOP_AT_TAKEN = 1
FETCH_MODEL_ICACHE = 1
PERFECT_BRANCH_PRED = 0
PERFECT_INDIRECT_PRED = 1
PIPELINE_FILL_LATENCY = 10
NUM_LDST_LANES = 8
NUM_ALU_LANES = 16
MEMORY HIERARCHY CONFIGURATION---------------------
STRIDE Prefetcher = 1
PERFECT_CACHE = 0
WRITE_ALLOCATE = 1
Within-pipeline factors:
	AGEN latency = 1 cycle
	Store Queue (SQ): SQ size = window size, oracle memory disambiguation, store-load forwarding = 1 cycle after store's or load's agen.
	* Note: A store searches the L1$ at commit. The store is released
	* from the SQ and window, whether it hits or misses. Store misses
	* are buffered until the block is allocated and the store is
	* performed in the L1$. While buffered, conflicting loads get
	* the store's data as they would from the SQ.
I$: 128 KB, 8-way set-assoc., 64B block size
L1$: 128 KB, 8-way set-assoc., 64B block size, 3-cycle search latency
L2$: 4 MB, 8-way set-assoc., 64B block size, 12-cycle search latency
L3$: 32 MB, 16-way set-assoc., 128B block size, 50-cycle search latency
Main Memory: 150-cycle fixed search time
---------------------------STORE QUEUE MEASUREMENTS (Full Simulation i.e. Counts Not Reset When Warmup Ends)---------------------------
Number of loads: 8263981
Number of loads that miss in SQ: 7961573 (96.34%)
Number of PFs issued to the memory system 3834699
---------------------------------------------------------------------------------------------------------------------------------------
------------------------MEMORY HIERARCHY MEASUREMENTS (Full Simulation i.e. Counts Not Reset When Warmup Ends)-------------------------
I$:
	accesses   = 40643058
	misses     = 528
	miss ratio = 0.00%
	pf accesses   = 0
	pf misses     = 0
	pf miss ratio = -nan%
L1$:
	accesses   = 9591525
	misses     = 78455
	miss ratio = 0.82%
	pf accesses   = 3834699
	pf misses     = 8576
	pf miss ratio = 0.22%
L2$:
	accesses   = 78983
	misses     = 29994
	miss ratio = 37.98%
	pf accesses   = 8576
	pf misses     = 2055
	pf miss ratio = 23.96%
L3$:
	accesses   = 29994
	misses     = 22847
	miss ratio = 76.17%
	pf accesses   = 2055
	pf misses     = 1195
	pf miss ratio = 58.15%
---------------------------------------------------------------------------------------------------------------------------------------
----------------------------------------------Prefetcher (Full Simulation i.e. No Warmup)----------------------------------------------
Num Trainings :8263981
Num Prefetches generated :3836784
Num Prefetches issued :4179602
Num Prefetches filtered by PF queue :31895
Num untimely prefetches dropped from PF queue :2085
Num prefetches not issued LDST contention :344903
Num prefetches not issued stride 0 :2501848
---------------------------------------------------------------------------------------------------------------------------------------

-------------------------------ILP LIMIT STUDY (Full Simulation i.e. Counts Not Reset When Warmup Ends)--------------------------------
instructions = 40000048
cycles       = 11499002
CycWP        = 5318628
IPC          = 3.4786

---------------------------------------------------------------------------------------------------------------------------------------
Top 10 highest count indices:
Index: 0x2A55AC, Count: 13863
Index: 0x2A2450, Count: 10702
Index: 0x2A57A4, Count: 8272
Index: 0x2A5CE8, Count: 6864
Index: 0x2A2240, Count: 6356
Index: 0x2A2434, Count: 6019
Index: 0x2A5D10, Count: 4739
Index: 0x2A5574, Count: 3692
Index: 0x2A5720, Count: 3339
Index: 0x2A5D74, Count: 2647

-----------------------------------------------BRANCH PREDICTION MEASUREMENTS (Full Simulation i.e. Counts Not Reset When Warmup Ends)----------------------------------------------
Type                   NumBr     MispBr        mr     mpki
CondDirect          5671843      98829   1.7424%   2.4707
JumpDirect           240094          0   0.0000%   0.0000
JumpIndirect          25987          0   0.0000%   0.0000
JumpReturn            15519          0   0.0000%   0.0000
Not control        34689615          0   0.0000%   0.0000
------------------------------------------------------------------------------------------------------------------------------------------------------------------------------------

------------------------------------------------------DIRECT CONDITIONAL BRANCH PREDICTION MEASUREMENTS (Last 10M instructions)-----------------------------------------------------
       Instr       Cycles      IPC      NumBr     MispBr BrPerCyc MispBrPerCyc        MR     MPKI      CycWP   CycWPAvg   CycWPPKI
    10000048      2832023   3.5311    1414996      25696   0.4996       0.0091   1.8160%   2.5696    1252559    48.7453   125.2553
------------------------------------------------------------------------------------------------------------------------------------------------------------------------------------

------------------------------------------------------DIRECT CONDITIONAL BRANCH PREDICTION MEASUREMENTS (Last 25M instructions)-----------------------------------------------------
       Instr       Cycles      IPC      NumBr     MispBr BrPerCyc MispBrPerCyc        MR     MPKI      CycWP   CycWPAvg   CycWPPKI
    25000048      6764676   3.6957    3539874      57469   0.5233       0.0085   1.6235%   2.2988    3018511    52.5242   120.7402
-------------------------------------------------------------------------------------------------------------------------------------------------------------------------------------

---------------------------------------------------------DIRECT CONDITIONAL BRANCH PREDICTION MEASUREMENTS (50 Perc instructions)---------------------------------------------------
       Instr       Cycles      IPC      NumBr     MispBr BrPerCyc MispBrPerCyc        MR     MPKI      CycWP   CycWPAvg   CycWPPKI
    20000048      5541243   3.6093    2842811      46752   0.5130       0.0084   1.6446%   2.3376    2493183    53.3278   124.6589
------------------------------------------------------------------------------------------------------------------------------------------------------------------------------------

-------------------------------------DIRECT CONDITIONAL BRANCH PREDICTION MEASUREMENTS (Full Simulation i.e. Counts Not Reset When Warmup Ends)-------------------------------------
       Instr       Cycles      IPC      NumBr     MispBr BrPerCyc MispBrPerCyc        MR     MPKI      CycWP   CycWPAvg   CycWPPKI
    40000048     11499002   3.4786    5671843      98829   0.4932       0.0086   1.7424%   2.4707    5318628    53.8165   132.9655
------------------------------------------------------------------------------------------------------------------------------------------------------------------------------------
 Read 40000048 instrs 

ExecTime = 194.3132622241974
