CMD:./cbp traces/web/web_2_trace.gz
5000000 instrs 
10000000 instrs 
15000000 instrs 
20000000 instrs 
25000000 instrs 
30000000 instrs 
35000000 instrs 
EOF
WINDOW_SIZE = 1024
FETCH_WIDTH = 16
FETCH_NUM_BRANCH = 16
FETCH_STOP_AT_INDIRECT = 1
FETCH_STOP_AT_TAKEN = 1
FETCH_MODEL_ICACHE = 1
PERFECT_BRANCH_PRED = 0
PERFECT_INDIRECT_PRED = 1
PIPELINE_FILL_LATENCY = 10
NUM_LDST_LANES = 8
NUM_ALU_LANES = 16
MEMORY HIERARCHY CONFIGURATION---------------------
STRIDE Prefetcher = 1
PERFECT_CACHE = 0
WRITE_ALLOCATE = 1
Within-pipeline factors:
	AGEN latency = 1 cycle
	Store Queue (SQ): SQ size = window size, oracle memory disambiguation, store-load forwarding = 1 cycle after store's or load's agen.
	* Note: A store searches the L1$ at commit. The store is released
	* from the SQ and window, whether it hits or misses. Store misses
	* are buffered until the block is allocated and the store is
	* performed in the L1$. While buffered, conflicting loads get
	* the store's data as they would from the SQ.
I$: 128 KB, 8-way set-assoc., 64B block size
L1$: 128 KB, 8-way set-assoc., 64B block size, 3-cycle search latency
L2$: 4 MB, 8-way set-assoc., 64B block size, 12-cycle search latency
L3$: 32 MB, 16-way set-assoc., 128B block size, 50-cycle search latency
Main Memory: 150-cycle fixed search time
---------------------------STORE QUEUE MEASUREMENTS (Full Simulation i.e. Counts Not Reset When Warmup Ends)---------------------------
Number of loads: 12408020
Number of loads that miss in SQ: 9962463 (80.29%)
Number of PFs issued to the memory system 670744
---------------------------------------------------------------------------------------------------------------------------------------
------------------------MEMORY HIERARCHY MEASUREMENTS (Full Simulation i.e. Counts Not Reset When Warmup Ends)-------------------------
I$:
	accesses   = 46197759
	misses     = 27077
	miss ratio = 0.06%
	pf accesses   = 0
	pf misses     = 0
	pf miss ratio = -nan%
L1$:
	accesses   = 18564185
	misses     = 144651
	miss ratio = 0.78%
	pf accesses   = 670744
	pf misses     = 13510
	pf miss ratio = 2.01%
L2$:
	accesses   = 171728
	misses     = 53684
	miss ratio = 31.26%
	pf accesses   = 13510
	pf misses     = 3810
	pf miss ratio = 28.20%
L3$:
	accesses   = 53684
	misses     = 28332
	miss ratio = 52.78%
	pf accesses   = 3810
	pf misses     = 1950
	pf miss ratio = 51.18%
---------------------------------------------------------------------------------------------------------------------------------------
----------------------------------------------Prefetcher (Full Simulation i.e. No Warmup)----------------------------------------------
Num Trainings :12408020
Num Prefetches generated :672554
Num Prefetches issued :1330667
Num Prefetches filtered by PF queue :23871
Num untimely prefetches dropped from PF queue :1810
Num prefetches not issued LDST contention :659923
Num prefetches not issued stride 0 :2971406
---------------------------------------------------------------------------------------------------------------------------------------

-------------------------------ILP LIMIT STUDY (Full Simulation i.e. Counts Not Reset When Warmup Ends)--------------------------------
instructions = 39999746
cycles       = 12179470
CycWP        = 4575151
IPC          = 3.2842

---------------------------------------------------------------------------------------------------------------------------------------
Top 10 highest count indices:
Index: 0xAAAAAB3B3908, Count: 6181
Index: 0xAAAAAB3B40B4, Count: 4572
Index: 0xAAAAAB3B425C, Count: 4567
Index: 0xAAAAAB3B38E8, Count: 3529
Index: 0xAAAAAB3B40A0, Count: 3075
Index: 0xAAAAAB3A1B9C, Count: 2263
Index: 0xAAAAAB3B4234, Count: 1914
Index: 0xAAAAAB3B4280, Count: 1353
Index: 0xAAAAAB3A24F0, Count: 1322
Index: 0xAAAAAB10A074, Count: 1315

-----------------------------------------------BRANCH PREDICTION MEASUREMENTS (Full Simulation i.e. Counts Not Reset When Warmup Ends)----------------------------------------------
Type                   NumBr     MispBr        mr     mpki
CondDirect          5842811     167356   2.8643%   4.1839
JumpDirect          1420173          0   0.0000%   0.0000
JumpIndirect         213848          0   0.0000%   0.0000
JumpReturn           999566          0   0.0000%   0.0000
Not control        37721361          0   0.0000%   0.0000
------------------------------------------------------------------------------------------------------------------------------------------------------------------------------------

------------------------------------------------------DIRECT CONDITIONAL BRANCH PREDICTION MEASUREMENTS (Last 10M instructions)-----------------------------------------------------
       Instr       Cycles      IPC      NumBr     MispBr BrPerCyc MispBrPerCyc        MR     MPKI      CycWP   CycWPAvg   CycWPPKI
    10999746      3374049   3.2601    1583408      59077   0.4693       0.0175   3.7310%   5.3708    1735441    29.3759   157.7710
------------------------------------------------------------------------------------------------------------------------------------------------------------------------------------

------------------------------------------------------DIRECT CONDITIONAL BRANCH PREDICTION MEASUREMENTS (Last 25M instructions)-----------------------------------------------------
       Instr       Cycles      IPC      NumBr     MispBr BrPerCyc MispBrPerCyc        MR     MPKI      CycWP   CycWPAvg   CycWPPKI
    25999746      6871326   3.7838    3826680     102101   0.5569       0.0149   2.6681%   3.9270    2944257    28.8367   113.2418
-------------------------------------------------------------------------------------------------------------------------------------------------------------------------------------

---------------------------------------------------------DIRECT CONDITIONAL BRANCH PREDICTION MEASUREMENTS (50 Perc instructions)---------------------------------------------------
       Instr       Cycles      IPC      NumBr     MispBr BrPerCyc MispBrPerCyc        MR     MPKI      CycWP   CycWPAvg   CycWPPKI
    20999746      5938207   3.5364    3176039      92989   0.5348       0.0157   2.9278%   4.4281    2688926    28.9166   128.0456
------------------------------------------------------------------------------------------------------------------------------------------------------------------------------------

-------------------------------------DIRECT CONDITIONAL BRANCH PREDICTION MEASUREMENTS (Full Simulation i.e. Counts Not Reset When Warmup Ends)-------------------------------------
       Instr       Cycles      IPC      NumBr     MispBr BrPerCyc MispBrPerCyc        MR     MPKI      CycWP   CycWPAvg   CycWPPKI
    39999746     12179470   3.2842    5842811     167356   0.4797       0.0137   2.8643%   4.1839    4575151    27.3378   114.3795
------------------------------------------------------------------------------------------------------------------------------------------------------------------------------------
 Read 39999746 instrs 

ExecTime = 221.74139070510864
