CMD:./cbp traces/web/web_13_trace.gz
5000000 instrs 
10000000 instrs 
15000000 instrs 
20000000 instrs 
25000000 instrs 
30000000 instrs 
35000000 instrs 
EOF
WINDOW_SIZE = 1024
FETCH_WIDTH = 16
FETCH_NUM_BRANCH = 16
FETCH_STOP_AT_INDIRECT = 1
FETCH_STOP_AT_TAKEN = 1
FETCH_MODEL_ICACHE = 1
PERFECT_BRANCH_PRED = 0
PERFECT_INDIRECT_PRED = 1
PIPELINE_FILL_LATENCY = 10
NUM_LDST_LANES = 8
NUM_ALU_LANES = 16
MEMORY HIERARCHY CONFIGURATION---------------------
STRIDE Prefetcher = 1
PERFECT_CACHE = 0
WRITE_ALLOCATE = 1
Within-pipeline factors:
	AGEN latency = 1 cycle
	Store Queue (SQ): SQ size = window size, oracle memory disambiguation, store-load forwarding = 1 cycle after store's or load's agen.
	* Note: A store searches the L1$ at commit. The store is released
	* from the SQ and window, whether it hits or misses. Store misses
	* are buffered until the block is allocated and the store is
	* performed in the L1$. While buffered, conflicting loads get
	* the store's data as they would from the SQ.
I$: 128 KB, 8-way set-assoc., 64B block size
L1$: 128 KB, 8-way set-assoc., 64B block size, 3-cycle search latency
L2$: 4 MB, 8-way set-assoc., 64B block size, 12-cycle search latency
L3$: 32 MB, 16-way set-assoc., 128B block size, 50-cycle search latency
Main Memory: 150-cycle fixed search time
---------------------------STORE QUEUE MEASUREMENTS (Full Simulation i.e. Counts Not Reset When Warmup Ends)---------------------------
Number of loads: 11782590
Number of loads that miss in SQ: 9503893 (80.66%)
Number of PFs issued to the memory system 1169778
---------------------------------------------------------------------------------------------------------------------------------------
------------------------MEMORY HIERARCHY MEASUREMENTS (Full Simulation i.e. Counts Not Reset When Warmup Ends)-------------------------
I$:
	accesses   = 49308530
	misses     = 122008
	miss ratio = 0.25%
	pf accesses   = 0
	pf misses     = 0
	pf miss ratio = -nan%
L1$:
	accesses   = 17776019
	misses     = 224047
	miss ratio = 1.26%
	pf accesses   = 1169778
	pf misses     = 45090
	pf miss ratio = 3.85%
L2$:
	accesses   = 346055
	misses     = 169331
	miss ratio = 48.93%
	pf accesses   = 45090
	pf misses     = 24009
	pf miss ratio = 53.25%
L3$:
	accesses   = 169331
	misses     = 87481
	miss ratio = 51.66%
	pf accesses   = 24009
	pf misses     = 11751
	pf miss ratio = 48.94%
---------------------------------------------------------------------------------------------------------------------------------------
----------------------------------------------Prefetcher (Full Simulation i.e. No Warmup)----------------------------------------------
Num Trainings :11782590
Num Prefetches generated :1194042
Num Prefetches issued :4287747
Num Prefetches filtered by PF queue :226988
Num untimely prefetches dropped from PF queue :24264
Num prefetches not issued LDST contention :3117969
Num prefetches not issued stride 0 :3098313
---------------------------------------------------------------------------------------------------------------------------------------

-------------------------------ILP LIMIT STUDY (Full Simulation i.e. Counts Not Reset When Warmup Ends)--------------------------------
instructions = 39999813
cycles       = 17207760
CycWP        = 4208480
IPC          = 2.3245

---------------------------------------------------------------------------------------------------------------------------------------
Top 10 highest count indices:
Index: 0xAAAAB1A14CF4, Count: 9614
Index: 0xAAAAB19FA8FC, Count: 4500
Index: 0xAAAAB1A14974, Count: 4292
Index: 0xAAAAB1A14D8C, Count: 2125
Index: 0xAAAAB19FA900, Count: 2013
Index: 0xAAAAB19FA8A0, Count: 1565
Index: 0xAAAAB19E1070, Count: 1565
Index: 0xAAAAB1A1D1A4, Count: 1361
Index: 0xAAAAAD383258, Count: 1179
Index: 0xAAAAB1A1497C, Count: 968

-----------------------------------------------BRANCH PREDICTION MEASUREMENTS (Full Simulation i.e. Counts Not Reset When Warmup Ends)----------------------------------------------
Type                   NumBr     MispBr        mr     mpki
CondDirect          4813533     136370   2.8331%   3.4093
JumpDirect           857410          0   0.0000%   0.0000
JumpIndirect         332686          0   0.0000%   0.0000
JumpReturn           495001          0   0.0000%   0.0000
Not control        42809900          0   0.0000%   0.0000
------------------------------------------------------------------------------------------------------------------------------------------------------------------------------------

------------------------------------------------------DIRECT CONDITIONAL BRANCH PREDICTION MEASUREMENTS (Last 10M instructions)-----------------------------------------------------
       Instr       Cycles      IPC      NumBr     MispBr BrPerCyc MispBrPerCyc        MR     MPKI      CycWP   CycWPAvg   CycWPPKI
    10999813      5116786   2.1498    1431829      37258   0.2798       0.0073   2.6021%   3.3871    1461314    39.2215   132.8490
------------------------------------------------------------------------------------------------------------------------------------------------------------------------------------

------------------------------------------------------DIRECT CONDITIONAL BRANCH PREDICTION MEASUREMENTS (Last 25M instructions)-----------------------------------------------------
       Instr       Cycles      IPC      NumBr     MispBr BrPerCyc MispBrPerCyc        MR     MPKI      CycWP   CycWPAvg   CycWPPKI
    25999813      8537057   3.0455    3410715      85865   0.3995       0.0101   2.5175%   3.3025    2636631    30.7067   101.4096
-------------------------------------------------------------------------------------------------------------------------------------------------------------------------------------

---------------------------------------------------------DIRECT CONDITIONAL BRANCH PREDICTION MEASUREMENTS (50 Perc instructions)---------------------------------------------------
       Instr       Cycles      IPC      NumBr     MispBr BrPerCyc MispBrPerCyc        MR     MPKI      CycWP   CycWPAvg   CycWPPKI
    20999813      7287279   2.8817    2687998      64325   0.3689       0.0088   2.3930%   3.0631    2116855    32.9087   100.8035
------------------------------------------------------------------------------------------------------------------------------------------------------------------------------------

-------------------------------------DIRECT CONDITIONAL BRANCH PREDICTION MEASUREMENTS (Full Simulation i.e. Counts Not Reset When Warmup Ends)-------------------------------------
       Instr       Cycles      IPC      NumBr     MispBr BrPerCyc MispBrPerCyc        MR     MPKI      CycWP   CycWPAvg   CycWPPKI
    39999813     17207760   2.3245    4813533     136370   0.2797       0.0079   2.8331%   3.4093    4208480    30.8607   105.2125
------------------------------------------------------------------------------------------------------------------------------------------------------------------------------------
 Read 39999813 instrs 

ExecTime = 228.6324644088745
