CMD:./cbp traces/infra/infra_6_trace.gz
5000000 instrs 
10000000 instrs 
15000000 instrs 
20000000 instrs 
25000000 instrs 
30000000 instrs 
35000000 instrs 
40000000 instrs 
45000000 instrs 
50000000 instrs 
55000000 instrs 
60000000 instrs 
EOF
WINDOW_SIZE = 1024
FETCH_WIDTH = 16
FETCH_NUM_BRANCH = 16
FETCH_STOP_AT_INDIRECT = 1
FETCH_STOP_AT_TAKEN = 1
FETCH_MODEL_ICACHE = 1
PERFECT_BRANCH_PRED = 0
PERFECT_INDIRECT_PRED = 1
PIPELINE_FILL_LATENCY = 10
NUM_LDST_LANES = 8
NUM_ALU_LANES = 16
MEMORY HIERARCHY CONFIGURATION---------------------
STRIDE Prefetcher = 1
PERFECT_CACHE = 0
WRITE_ALLOCATE = 1
Within-pipeline factors:
	AGEN latency = 1 cycle
	Store Queue (SQ): SQ size = window size, oracle memory disambiguation, store-load forwarding = 1 cycle after store's or load's agen.
	* Note: A store searches the L1$ at commit. The store is released
	* from the SQ and window, whether it hits or misses. Store misses
	* are buffered until the block is allocated and the store is
	* performed in the L1$. While buffered, conflicting loads get
	* the store's data as they would from the SQ.
I$: 128 KB, 8-way set-assoc., 64B block size
L1$: 128 KB, 8-way set-assoc., 64B block size, 3-cycle search latency
L2$: 4 MB, 8-way set-assoc., 64B block size, 12-cycle search latency
L3$: 32 MB, 16-way set-assoc., 128B block size, 50-cycle search latency
Main Memory: 150-cycle fixed search time
---------------------------STORE QUEUE MEASUREMENTS (Full Simulation i.e. Counts Not Reset When Warmup Ends)---------------------------
Number of loads: 17254842
Number of loads that miss in SQ: 12151871 (70.43%)
Number of PFs issued to the memory system 1856034
---------------------------------------------------------------------------------------------------------------------------------------
------------------------MEMORY HIERARCHY MEASUREMENTS (Full Simulation i.e. Counts Not Reset When Warmup Ends)-------------------------
I$:
	accesses   = 75302050
	misses     = 17636
	miss ratio = 0.02%
	pf accesses   = 0
	pf misses     = 0
	pf miss ratio = -nan%
L1$:
	accesses   = 29340899
	misses     = 530240
	miss ratio = 1.81%
	pf accesses   = 1856034
	pf misses     = 51857
	pf miss ratio = 2.79%
L2$:
	accesses   = 547876
	misses     = 258897
	miss ratio = 47.25%
	pf accesses   = 51857
	pf misses     = 41960
	pf miss ratio = 80.91%
L3$:
	accesses   = 258897
	misses     = 79575
	miss ratio = 30.74%
	pf accesses   = 41960
	pf misses     = 17293
	pf miss ratio = 41.21%
---------------------------------------------------------------------------------------------------------------------------------------
----------------------------------------------Prefetcher (Full Simulation i.e. No Warmup)----------------------------------------------
Num Trainings :17254842
Num Prefetches generated :1877019
Num Prefetches issued :3204318
Num Prefetches filtered by PF queue :268365
Num untimely prefetches dropped from PF queue :20985
Num prefetches not issued LDST contention :1348284
Num prefetches not issued stride 0 :5546092
---------------------------------------------------------------------------------------------------------------------------------------

-------------------------------ILP LIMIT STUDY (Full Simulation i.e. Counts Not Reset When Warmup Ends)--------------------------------
instructions = 64718349
cycles       = 15410602
CycWP        = 3207677
IPC          = 4.1996

---------------------------------------------------------------------------------------------------------------------------------------
Top 10 highest count indices:
Index: 0x4000006B001C, Count: 9128
Index: 0x4000006AFF94, Count: 7137
Index: 0x4000006AFE94, Count: 3711
Index: 0x40000012429C, Count: 3459
Index: 0x4000006B3724, Count: 2693
Index: 0x400000124280, Count: 2482
Index: 0x4000004920DC, Count: 2165
Index: 0x4000006BEEF8, Count: 1557
Index: 0x4000006B22F8, Count: 1443
Index: 0x417BA0, Count: 1340

-----------------------------------------------BRANCH PREDICTION MEASUREMENTS (Full Simulation i.e. Counts Not Reset When Warmup Ends)----------------------------------------------
Type                   NumBr     MispBr        mr     mpki
CondDirect          9187928      82697   0.9001%   1.2778
JumpDirect          2345056          0   0.0000%   0.0000
JumpIndirect         933841          0   0.0000%   0.0000
JumpReturn          1333400          0   0.0000%   0.0000
Not control        61501825          0   0.0000%   0.0000
------------------------------------------------------------------------------------------------------------------------------------------------------------------------------------

------------------------------------------------------DIRECT CONDITIONAL BRANCH PREDICTION MEASUREMENTS (Last 10M instructions)-----------------------------------------------------
       Instr       Cycles      IPC      NumBr     MispBr BrPerCyc MispBrPerCyc        MR     MPKI      CycWP   CycWPAvg   CycWPPKI
    10718349      3031743   3.5354    1869033      23154   0.6165       0.0076   1.2388%   2.1602    1017982    43.9657    94.9756
------------------------------------------------------------------------------------------------------------------------------------------------------------------------------------

------------------------------------------------------DIRECT CONDITIONAL BRANCH PREDICTION MEASUREMENTS (Last 25M instructions)-----------------------------------------------------
       Instr       Cycles      IPC      NumBr     MispBr BrPerCyc MispBrPerCyc        MR     MPKI      CycWP   CycWPAvg   CycWPPKI
    25718349      6609523   3.8911    4120305      35933   0.6234       0.0054   0.8721%   1.3972    1715167    47.7324    66.6904
-------------------------------------------------------------------------------------------------------------------------------------------------------------------------------------

---------------------------------------------------------DIRECT CONDITIONAL BRANCH PREDICTION MEASUREMENTS (50 Perc instructions)---------------------------------------------------
       Instr       Cycles      IPC      NumBr     MispBr BrPerCyc MispBrPerCyc        MR     MPKI      CycWP   CycWPAvg   CycWPPKI
    32718349      7753611   4.2198    5004718      39961   0.6455       0.0052   0.7985%   1.2214    1832017    45.8451    55.9936
------------------------------------------------------------------------------------------------------------------------------------------------------------------------------------

-------------------------------------DIRECT CONDITIONAL BRANCH PREDICTION MEASUREMENTS (Full Simulation i.e. Counts Not Reset When Warmup Ends)-------------------------------------
       Instr       Cycles      IPC      NumBr     MispBr BrPerCyc MispBrPerCyc        MR     MPKI      CycWP   CycWPAvg   CycWPPKI
    64718349     15410602   4.1996    9187928      82697   0.5962       0.0054   0.9001%   1.2778    3207677    38.7883    49.5636
------------------------------------------------------------------------------------------------------------------------------------------------------------------------------------
 Read 64718349 instrs 

ExecTime = 303.56694889068604
