CMD:./cbp traces/int/int_21_trace.gz
5000000 instrs 
10000000 instrs 
15000000 instrs 
20000000 instrs 
25000000 instrs 
30000000 instrs 
35000000 instrs 
40000000 instrs 
EOF
WINDOW_SIZE = 1024
FETCH_WIDTH = 16
FETCH_NUM_BRANCH = 16
FETCH_STOP_AT_INDIRECT = 1
FETCH_STOP_AT_TAKEN = 1
FETCH_MODEL_ICACHE = 1
PERFECT_BRANCH_PRED = 0
PERFECT_INDIRECT_PRED = 1
PIPELINE_FILL_LATENCY = 10
NUM_LDST_LANES = 8
NUM_ALU_LANES = 16
MEMORY HIERARCHY CONFIGURATION---------------------
STRIDE Prefetcher = 1
PERFECT_CACHE = 0
WRITE_ALLOCATE = 1
Within-pipeline factors:
	AGEN latency = 1 cycle
	Store Queue (SQ): SQ size = window size, oracle memory disambiguation, store-load forwarding = 1 cycle after store's or load's agen.
	* Note: A store searches the L1$ at commit. The store is released
	* from the SQ and window, whether it hits or misses. Store misses
	* are buffered until the block is allocated and the store is
	* performed in the L1$. While buffered, conflicting loads get
	* the store's data as they would from the SQ.
I$: 128 KB, 8-way set-assoc., 64B block size
L1$: 128 KB, 8-way set-assoc., 64B block size, 3-cycle search latency
L2$: 4 MB, 8-way set-assoc., 64B block size, 12-cycle search latency
L3$: 32 MB, 16-way set-assoc., 128B block size, 50-cycle search latency
Main Memory: 150-cycle fixed search time
---------------------------STORE QUEUE MEASUREMENTS (Full Simulation i.e. Counts Not Reset When Warmup Ends)---------------------------
Number of loads: 13297026
Number of loads that miss in SQ: 12639407 (95.05%)
Number of PFs issued to the memory system 3399526
---------------------------------------------------------------------------------------------------------------------------------------
------------------------MEMORY HIERARCHY MEASUREMENTS (Full Simulation i.e. Counts Not Reset When Warmup Ends)-------------------------
I$:
	accesses   = 41916369
	misses     = 88
	miss ratio = 0.00%
	pf accesses   = 0
	pf misses     = 0
	pf miss ratio = -nan%
L1$:
	accesses   = 15499272
	misses     = 1395335
	miss ratio = 9.00%
	pf accesses   = 3399526
	pf misses     = 682905
	pf miss ratio = 20.09%
L2$:
	accesses   = 1395423
	misses     = 58713
	miss ratio = 4.21%
	pf accesses   = 682905
	pf misses     = 619179
	pf miss ratio = 90.67%
L3$:
	accesses   = 58713
	misses     = 21734
	miss ratio = 37.02%
	pf accesses   = 619179
	pf misses     = 310152
	pf miss ratio = 50.09%
---------------------------------------------------------------------------------------------------------------------------------------
----------------------------------------------Prefetcher (Full Simulation i.e. No Warmup)----------------------------------------------
Num Trainings :13297026
Num Prefetches generated :3407003
Num Prefetches issued :4071672
Num Prefetches filtered by PF queue :40401
Num untimely prefetches dropped from PF queue :7477
Num prefetches not issued LDST contention :672146
Num prefetches not issued stride 0 :2538221
---------------------------------------------------------------------------------------------------------------------------------------

-------------------------------ILP LIMIT STUDY (Full Simulation i.e. Counts Not Reset When Warmup Ends)--------------------------------
instructions = 40000052
cycles       = 46430302
CycWP        = 41551685
IPC          = 0.8615

---------------------------------------------------------------------------------------------------------------------------------------
Top 10 highest count indices:
Index: 0x2A3328, Count: 189436
Index: 0x2A32D0, Count: 162318
Index: 0x29FC2C, Count: 128230
Index: 0x2A32D4, Count: 64989
Index: 0x2A332C, Count: 55172
Index: 0x2A32EC, Count: 51722
Index: 0x2A3344, Count: 46200
Index: 0x2A2BD4, Count: 38718
Index: 0x2A2B7C, Count: 20623
Index: 0x2A3318, Count: 18920

-----------------------------------------------BRANCH PREDICTION MEASUREMENTS (Full Simulation i.e. Counts Not Reset When Warmup Ends)----------------------------------------------
Type                   NumBr     MispBr        mr     mpki
CondDirect          9059172     966053  10.6638%  24.1513
JumpDirect          1640026          0   0.0000%   0.0000
JumpIndirect              2          0   0.0000%   0.0000
JumpReturn            29284          0   0.0000%   0.0000
Not control        31187885          0   0.0000%   0.0000
------------------------------------------------------------------------------------------------------------------------------------------------------------------------------------

------------------------------------------------------DIRECT CONDITIONAL BRANCH PREDICTION MEASUREMENTS (Last 10M instructions)-----------------------------------------------------
       Instr       Cycles      IPC      NumBr     MispBr BrPerCyc MispBrPerCyc        MR     MPKI      CycWP   CycWPAvg   CycWPPKI
    10000052     10580371   0.9452    2236186     257780   0.2114       0.0244  11.5277%  25.7779    9318721    36.1499   931.8673
------------------------------------------------------------------------------------------------------------------------------------------------------------------------------------

------------------------------------------------------DIRECT CONDITIONAL BRANCH PREDICTION MEASUREMENTS (Last 25M instructions)-----------------------------------------------------
       Instr       Cycles      IPC      NumBr     MispBr BrPerCyc MispBrPerCyc        MR     MPKI      CycWP   CycWPAvg   CycWPPKI
    25000052     28489783   0.8775    5643767     611083   0.1981       0.0214  10.8276%  24.4433   25421391    41.6006  1016.8535
-------------------------------------------------------------------------------------------------------------------------------------------------------------------------------------

---------------------------------------------------------DIRECT CONDITIONAL BRANCH PREDICTION MEASUREMENTS (50 Perc instructions)---------------------------------------------------
       Instr       Cycles      IPC      NumBr     MispBr BrPerCyc MispBrPerCyc        MR     MPKI      CycWP   CycWPAvg   CycWPPKI
    20000052     22840627   0.8756    4504449     495476   0.1972       0.0217  10.9997%  24.7737   20368161    41.1083  1018.4054
------------------------------------------------------------------------------------------------------------------------------------------------------------------------------------

-------------------------------------DIRECT CONDITIONAL BRANCH PREDICTION MEASUREMENTS (Full Simulation i.e. Counts Not Reset When Warmup Ends)-------------------------------------
       Instr       Cycles      IPC      NumBr     MispBr BrPerCyc MispBrPerCyc        MR     MPKI      CycWP   CycWPAvg   CycWPPKI
    40000052     46430302   0.8615    9059172     966053   0.1951       0.0208  10.6638%  24.1513   41551685    43.0118  1038.7908
------------------------------------------------------------------------------------------------------------------------------------------------------------------------------------
 Read 40000052 instrs 

ExecTime = 209.192706823349
