CMD:./cbp traces/int/int_9_trace.gz
5000000 instrs 
10000000 instrs 
15000000 instrs 
20000000 instrs 
25000000 instrs 
30000000 instrs 
35000000 instrs 
40000000 instrs 
EOF
WINDOW_SIZE = 1024
FETCH_WIDTH = 16
FETCH_NUM_BRANCH = 16
FETCH_STOP_AT_INDIRECT = 1
FETCH_STOP_AT_TAKEN = 1
FETCH_MODEL_ICACHE = 1
PERFECT_BRANCH_PRED = 0
PERFECT_INDIRECT_PRED = 1
PIPELINE_FILL_LATENCY = 10
NUM_LDST_LANES = 8
NUM_ALU_LANES = 16
MEMORY HIERARCHY CONFIGURATION---------------------
STRIDE Prefetcher = 1
PERFECT_CACHE = 0
WRITE_ALLOCATE = 1
Within-pipeline factors:
	AGEN latency = 1 cycle
	Store Queue (SQ): SQ size = window size, oracle memory disambiguation, store-load forwarding = 1 cycle after store's or load's agen.
	* Note: A store searches the L1$ at commit. The store is released
	* from the SQ and window, whether it hits or misses. Store misses
	* are buffered until the block is allocated and the store is
	* performed in the L1$. While buffered, conflicting loads get
	* the store's data as they would from the SQ.
I$: 128 KB, 8-way set-assoc., 64B block size
L1$: 128 KB, 8-way set-assoc., 64B block size, 3-cycle search latency
L2$: 4 MB, 8-way set-assoc., 64B block size, 12-cycle search latency
L3$: 32 MB, 16-way set-assoc., 128B block size, 50-cycle search latency
Main Memory: 150-cycle fixed search time
---------------------------STORE QUEUE MEASUREMENTS (Full Simulation i.e. Counts Not Reset When Warmup Ends)---------------------------
Number of loads: 10787748
Number of loads that miss in SQ: 8251249 (76.49%)
Number of PFs issued to the memory system 535623
---------------------------------------------------------------------------------------------------------------------------------------
------------------------MEMORY HIERARCHY MEASUREMENTS (Full Simulation i.e. Counts Not Reset When Warmup Ends)-------------------------
I$:
	accesses   = 45680976
	misses     = 157341
	miss ratio = 0.34%
	pf accesses   = 0
	pf misses     = 0
	pf miss ratio = -nan%
L1$:
	accesses   = 16916514
	misses     = 67252
	miss ratio = 0.40%
	pf accesses   = 535623
	pf misses     = 4867
	pf miss ratio = 0.91%
L2$:
	accesses   = 224593
	misses     = 26794
	miss ratio = 11.93%
	pf accesses   = 4867
	pf misses     = 851
	pf miss ratio = 17.49%
L3$:
	accesses   = 26794
	misses     = 15867
	miss ratio = 59.22%
	pf accesses   = 851
	pf misses     = 418
	pf miss ratio = 49.12%
---------------------------------------------------------------------------------------------------------------------------------------
----------------------------------------------Prefetcher (Full Simulation i.e. No Warmup)----------------------------------------------
Num Trainings :10787748
Num Prefetches generated :536439
Num Prefetches issued :851537
Num Prefetches filtered by PF queue :27927
Num untimely prefetches dropped from PF queue :816
Num prefetches not issued LDST contention :315914
Num prefetches not issued stride 0 :1987567
---------------------------------------------------------------------------------------------------------------------------------------

-------------------------------ILP LIMIT STUDY (Full Simulation i.e. Counts Not Reset When Warmup Ends)--------------------------------
instructions = 40000050
cycles       = 14334585
CycWP        = 4526430
IPC          = 2.7905

---------------------------------------------------------------------------------------------------------------------------------------
Top 10 highest count indices:
Index: 0xFFFFF2E3FCA8, Count: 6434
Index: 0xFFFFF10A7694, Count: 1864
Index: 0xFFFFF2E3FCB4, Count: 1717
Index: 0xFFFFF2E4350C, Count: 1644
Index: 0xFFFFF3242DE8, Count: 1541
Index: 0xFFFFF37E68C8, Count: 1470
Index: 0xFFFFF2FA62A8, Count: 1140
Index: 0xFFFFF3575D20, Count: 1097
Index: 0xFFFFF2CF99C0, Count: 1032
Index: 0xFFFFF0FBAE64, Count: 889

-----------------------------------------------BRANCH PREDICTION MEASUREMENTS (Full Simulation i.e. Counts Not Reset When Warmup Ends)----------------------------------------------
Type                   NumBr     MispBr        mr     mpki
CondDirect          5800876     194103   3.3461%   4.8526
JumpDirect          1734899          0   0.0000%   0.0000
JumpIndirect         175952          0   0.0000%   0.0000
JumpReturn           943614          0   0.0000%   0.0000
Not control        37025635          0   0.0000%   0.0000
------------------------------------------------------------------------------------------------------------------------------------------------------------------------------------

------------------------------------------------------DIRECT CONDITIONAL BRANCH PREDICTION MEASUREMENTS (Last 10M instructions)-----------------------------------------------------
       Instr       Cycles      IPC      NumBr     MispBr BrPerCyc MispBrPerCyc        MR     MPKI      CycWP   CycWPAvg   CycWPPKI
    10000050      3023619   3.3073    1449043      48218   0.4792       0.0159   3.3276%   4.8218    1112736    23.0772   111.2730
------------------------------------------------------------------------------------------------------------------------------------------------------------------------------------

------------------------------------------------------DIRECT CONDITIONAL BRANCH PREDICTION MEASUREMENTS (Last 25M instructions)-----------------------------------------------------
       Instr       Cycles      IPC      NumBr     MispBr BrPerCyc MispBrPerCyc        MR     MPKI      CycWP   CycWPAvg   CycWPPKI
    25000050      7404818   3.3762    3630112     114814   0.4902       0.0155   3.1628%   4.5926    2596811    22.6175   103.8722
-------------------------------------------------------------------------------------------------------------------------------------------------------------------------------------

---------------------------------------------------------DIRECT CONDITIONAL BRANCH PREDICTION MEASUREMENTS (50 Perc instructions)---------------------------------------------------
       Instr       Cycles      IPC      NumBr     MispBr BrPerCyc MispBrPerCyc        MR     MPKI      CycWP   CycWPAvg   CycWPPKI
    20000050      6015981   3.3245    2893544      92373   0.4810       0.0154   3.1924%   4.6186    2094636    22.6758   104.7315
------------------------------------------------------------------------------------------------------------------------------------------------------------------------------------

-------------------------------------DIRECT CONDITIONAL BRANCH PREDICTION MEASUREMENTS (Full Simulation i.e. Counts Not Reset When Warmup Ends)-------------------------------------
       Instr       Cycles      IPC      NumBr     MispBr BrPerCyc MispBrPerCyc        MR     MPKI      CycWP   CycWPAvg   CycWPPKI
    40000050     14334585   2.7905    5800876     194103   0.4047       0.0135   3.3461%   4.8526    4526430    23.3197   113.1606
------------------------------------------------------------------------------------------------------------------------------------------------------------------------------------
 Read 40000050 instrs 

ExecTime = 218.34819078445435
