CMD:./cbp traces/int/int_18_trace.gz
5000000 instrs 
10000000 instrs 
15000000 instrs 
20000000 instrs 
25000000 instrs 
30000000 instrs 
35000000 instrs 
EOF
WINDOW_SIZE = 1024
FETCH_WIDTH = 16
FETCH_NUM_BRANCH = 16
FETCH_STOP_AT_INDIRECT = 1
FETCH_STOP_AT_TAKEN = 1
FETCH_MODEL_ICACHE = 1
PERFECT_BRANCH_PRED = 0
PERFECT_INDIRECT_PRED = 1
PIPELINE_FILL_LATENCY = 10
NUM_LDST_LANES = 8
NUM_ALU_LANES = 16
MEMORY HIERARCHY CONFIGURATION---------------------
STRIDE Prefetcher = 1
PERFECT_CACHE = 0
WRITE_ALLOCATE = 1
Within-pipeline factors:
	AGEN latency = 1 cycle
	Store Queue (SQ): SQ size = window size, oracle memory disambiguation, store-load forwarding = 1 cycle after store's or load's agen.
	* Note: A store searches the L1$ at commit. The store is released
	* from the SQ and window, whether it hits or misses. Store misses
	* are buffered until the block is allocated and the store is
	* performed in the L1$. While buffered, conflicting loads get
	* the store's data as they would from the SQ.
I$: 128 KB, 8-way set-assoc., 64B block size
L1$: 128 KB, 8-way set-assoc., 64B block size, 3-cycle search latency
L2$: 4 MB, 8-way set-assoc., 64B block size, 12-cycle search latency
L3$: 32 MB, 16-way set-assoc., 128B block size, 50-cycle search latency
Main Memory: 150-cycle fixed search time
---------------------------STORE QUEUE MEASUREMENTS (Full Simulation i.e. Counts Not Reset When Warmup Ends)---------------------------
Number of loads: 14249040
Number of loads that miss in SQ: 13415396 (94.15%)
Number of PFs issued to the memory system 10346977
---------------------------------------------------------------------------------------------------------------------------------------
------------------------MEMORY HIERARCHY MEASUREMENTS (Full Simulation i.e. Counts Not Reset When Warmup Ends)-------------------------
I$:
	accesses   = 41040961
	misses     = 612
	miss ratio = 0.00%
	pf accesses   = 0
	pf misses     = 0
	pf miss ratio = -nan%
L1$:
	accesses   = 15445011
	misses     = 259144
	miss ratio = 1.68%
	pf accesses   = 10346977
	pf misses     = 746492
	pf miss ratio = 7.21%
L2$:
	accesses   = 259756
	misses     = 70002
	miss ratio = 26.95%
	pf accesses   = 746492
	pf misses     = 222822
	pf miss ratio = 29.85%
L3$:
	accesses   = 70002
	misses     = 15571
	miss ratio = 22.24%
	pf accesses   = 222822
	pf misses     = 35272
	pf miss ratio = 15.83%
---------------------------------------------------------------------------------------------------------------------------------------
----------------------------------------------Prefetcher (Full Simulation i.e. No Warmup)----------------------------------------------
Num Trainings :14249040
Num Prefetches generated :10351147
Num Prefetches issued :12035636
Num Prefetches filtered by PF queue :133162
Num untimely prefetches dropped from PF queue :4170
Num prefetches not issued LDST contention :1688659
Num prefetches not issued stride 0 :1111401
---------------------------------------------------------------------------------------------------------------------------------------

-------------------------------ILP LIMIT STUDY (Full Simulation i.e. Counts Not Reset When Warmup Ends)--------------------------------
instructions = 39999864
cycles       = 10832445
CycWP        = 1528290
IPC          = 3.6926

---------------------------------------------------------------------------------------------------------------------------------------
Top 10 highest count indices:
Index: 0xBF306C, Count: 5783
Index: 0xBF2664, Count: 3164
Index: 0xBF3050, Count: 2682
Index: 0x498030, Count: 2481
Index: 0xBF3EA4, Count: 2048
Index: 0xBF3E90, Count: 1407
Index: 0xBF3058, Count: 1392
Index: 0xBF264C, Count: 1350
Index: 0x4980C8, Count: 1117
Index: 0xBF3E8C, Count: 855

-----------------------------------------------BRANCH PREDICTION MEASUREMENTS (Full Simulation i.e. Counts Not Reset When Warmup Ends)----------------------------------------------
Type                   NumBr     MispBr        mr     mpki
CondDirect          9457814      34927   0.3693%   0.8732
JumpDirect           248177          0   0.0000%   0.0000
JumpIndirect            790          0   0.0000%   0.0000
JumpReturn           136312          0   0.0000%   0.0000
Not control        31197868          0   0.0000%   0.0000
------------------------------------------------------------------------------------------------------------------------------------------------------------------------------------

------------------------------------------------------DIRECT CONDITIONAL BRANCH PREDICTION MEASUREMENTS (Last 10M instructions)-----------------------------------------------------
       Instr       Cycles      IPC      NumBr     MispBr BrPerCyc MispBrPerCyc        MR     MPKI      CycWP   CycWPAvg   CycWPPKI
    10999864      2931412   3.7524    2658320       8980   0.9068       0.0031   0.3378%   0.8164     401338    44.6924    36.4857
------------------------------------------------------------------------------------------------------------------------------------------------------------------------------------

------------------------------------------------------DIRECT CONDITIONAL BRANCH PREDICTION MEASUREMENTS (Last 25M instructions)-----------------------------------------------------
       Instr       Cycles      IPC      NumBr     MispBr BrPerCyc MispBrPerCyc        MR     MPKI      CycWP   CycWPAvg   CycWPPKI
    25999864      6338603   4.1018    6178823      20148   0.9748       0.0032   0.3261%   0.7749     781691    38.7974    30.0652
-------------------------------------------------------------------------------------------------------------------------------------------------------------------------------------

---------------------------------------------------------DIRECT CONDITIONAL BRANCH PREDICTION MEASUREMENTS (50 Perc instructions)---------------------------------------------------
       Instr       Cycles      IPC      NumBr     MispBr BrPerCyc MispBrPerCyc        MR     MPKI      CycWP   CycWPAvg   CycWPPKI
    20999864      5180709   4.0535    4985263      15680   0.9623       0.0030   0.3145%   0.7467     617019    39.3507    29.3820
------------------------------------------------------------------------------------------------------------------------------------------------------------------------------------

-------------------------------------DIRECT CONDITIONAL BRANCH PREDICTION MEASUREMENTS (Full Simulation i.e. Counts Not Reset When Warmup Ends)-------------------------------------
       Instr       Cycles      IPC      NumBr     MispBr BrPerCyc MispBrPerCyc        MR     MPKI      CycWP   CycWPAvg   CycWPPKI
    39999864     10832445   3.6926    9457814      34927   0.8731       0.0032   0.3693%   0.8732    1528290    43.7567    38.2074
------------------------------------------------------------------------------------------------------------------------------------------------------------------------------------
 Read 39999864 instrs 

ExecTime = 264.74842643737793
