CMD:./cbp traces/int/int_35_trace.gz
5000000 instrs 
10000000 instrs 
15000000 instrs 
20000000 instrs 
25000000 instrs 
30000000 instrs 
35000000 instrs 
40000000 instrs 
EOF
WINDOW_SIZE = 1024
FETCH_WIDTH = 16
FETCH_NUM_BRANCH = 16
FETCH_STOP_AT_INDIRECT = 1
FETCH_STOP_AT_TAKEN = 1
FETCH_MODEL_ICACHE = 1
PERFECT_BRANCH_PRED = 0
PERFECT_INDIRECT_PRED = 1
PIPELINE_FILL_LATENCY = 10
NUM_LDST_LANES = 8
NUM_ALU_LANES = 16
MEMORY HIERARCHY CONFIGURATION---------------------
STRIDE Prefetcher = 1
PERFECT_CACHE = 0
WRITE_ALLOCATE = 1
Within-pipeline factors:
	AGEN latency = 1 cycle
	Store Queue (SQ): SQ size = window size, oracle memory disambiguation, store-load forwarding = 1 cycle after store's or load's agen.
	* Note: A store searches the L1$ at commit. The store is released
	* from the SQ and window, whether it hits or misses. Store misses
	* are buffered until the block is allocated and the store is
	* performed in the L1$. While buffered, conflicting loads get
	* the store's data as they would from the SQ.
I$: 128 KB, 8-way set-assoc., 64B block size
L1$: 128 KB, 8-way set-assoc., 64B block size, 3-cycle search latency
L2$: 4 MB, 8-way set-assoc., 64B block size, 12-cycle search latency
L3$: 32 MB, 16-way set-assoc., 128B block size, 50-cycle search latency
Main Memory: 150-cycle fixed search time
---------------------------STORE QUEUE MEASUREMENTS (Full Simulation i.e. Counts Not Reset When Warmup Ends)---------------------------
Number of loads: 8263981
Number of loads that miss in SQ: 7961243 (96.34%)
Number of PFs issued to the memory system 3834684
---------------------------------------------------------------------------------------------------------------------------------------
------------------------MEMORY HIERARCHY MEASUREMENTS (Full Simulation i.e. Counts Not Reset When Warmup Ends)-------------------------
I$:
	accesses   = 40643058
	misses     = 528
	miss ratio = 0.00%
	pf accesses   = 0
	pf misses     = 0
	pf miss ratio = -nan%
L1$:
	accesses   = 9591525
	misses     = 78458
	miss ratio = 0.82%
	pf accesses   = 3834684
	pf misses     = 8573
	pf miss ratio = 0.22%
L2$:
	accesses   = 78986
	misses     = 29997
	miss ratio = 37.98%
	pf accesses   = 8573
	pf misses     = 2052
	pf miss ratio = 23.94%
L3$:
	accesses   = 29997
	misses     = 22848
	miss ratio = 76.17%
	pf accesses   = 2052
	pf misses     = 1194
	pf miss ratio = 58.19%
---------------------------------------------------------------------------------------------------------------------------------------
----------------------------------------------Prefetcher (Full Simulation i.e. No Warmup)----------------------------------------------
Num Trainings :8263981
Num Prefetches generated :3836843
Num Prefetches issued :4178102
Num Prefetches filtered by PF queue :31836
Num untimely prefetches dropped from PF queue :2159
Num prefetches not issued LDST contention :343418
Num prefetches not issued stride 0 :2501848
---------------------------------------------------------------------------------------------------------------------------------------

-------------------------------ILP LIMIT STUDY (Full Simulation i.e. Counts Not Reset When Warmup Ends)--------------------------------
instructions = 40000048
cycles       = 11505209
CycWP        = 5353528
IPC          = 3.4767

---------------------------------------------------------------------------------------------------------------------------------------
Top 10 highest count indices:
Index: 0x2A55AC, Count: 13888
Index: 0x2A2450, Count: 10510
Index: 0x2A57A4, Count: 8304
Index: 0x2A5CE8, Count: 6909
Index: 0x2A2240, Count: 6464
Index: 0x2A2434, Count: 6088
Index: 0x2A5D10, Count: 4828
Index: 0x2A5574, Count: 3738
Index: 0x2A5720, Count: 3290
Index: 0x2A24F4, Count: 2610

-----------------------------------------------BRANCH PREDICTION MEASUREMENTS (Full Simulation i.e. Counts Not Reset When Warmup Ends)----------------------------------------------
Type                   NumBr     MispBr        mr     mpki
CondDirect          5671843      98544   1.7374%   2.4636
JumpDirect           240094          0   0.0000%   0.0000
JumpIndirect          25987          0   0.0000%   0.0000
JumpReturn            15519          0   0.0000%   0.0000
Not control        34689615          0   0.0000%   0.0000
------------------------------------------------------------------------------------------------------------------------------------------------------------------------------------

------------------------------------------------------DIRECT CONDITIONAL BRANCH PREDICTION MEASUREMENTS (Last 10M instructions)-----------------------------------------------------
       Instr       Cycles      IPC      NumBr     MispBr BrPerCyc MispBrPerCyc        MR     MPKI      CycWP   CycWPAvg   CycWPPKI
    10000048      2831151   3.5321    1414996      25570   0.4998       0.0090   1.8071%   2.5570    1251943    48.9614   125.1937
------------------------------------------------------------------------------------------------------------------------------------------------------------------------------------

------------------------------------------------------DIRECT CONDITIONAL BRANCH PREDICTION MEASUREMENTS (Last 25M instructions)-----------------------------------------------------
       Instr       Cycles      IPC      NumBr     MispBr BrPerCyc MispBrPerCyc        MR     MPKI      CycWP   CycWPAvg   CycWPPKI
    25000048      6769462   3.6931    3539874      57302   0.5229       0.0085   1.6188%   2.2921    3039970    53.0517   121.5986
-------------------------------------------------------------------------------------------------------------------------------------------------------------------------------------

---------------------------------------------------------DIRECT CONDITIONAL BRANCH PREDICTION MEASUREMENTS (50 Perc instructions)---------------------------------------------------
       Instr       Cycles      IPC      NumBr     MispBr BrPerCyc MispBrPerCyc        MR     MPKI      CycWP   CycWPAvg   CycWPPKI
    20000048      5550379   3.6034    2842811      46757   0.5122       0.0084   1.6447%   2.3378    2516084    53.8119   125.8039
------------------------------------------------------------------------------------------------------------------------------------------------------------------------------------

-------------------------------------DIRECT CONDITIONAL BRANCH PREDICTION MEASUREMENTS (Full Simulation i.e. Counts Not Reset When Warmup Ends)-------------------------------------
       Instr       Cycles      IPC      NumBr     MispBr BrPerCyc MispBrPerCyc        MR     MPKI      CycWP   CycWPAvg   CycWPPKI
    40000048     11505209   3.4767    5671843      98544   0.4930       0.0086   1.7374%   2.4636    5353528    54.3263   133.8380
------------------------------------------------------------------------------------------------------------------------------------------------------------------------------------
 Read 40000048 instrs 

ExecTime = 196.59906268119812
