CMD:./cbp traces/int/int_16_trace.gz
5000000 instrs 
10000000 instrs 
15000000 instrs 
20000000 instrs 
25000000 instrs 
30000000 instrs 
35000000 instrs 
40000000 instrs 
EOF
WINDOW_SIZE = 1024
FETCH_WIDTH = 16
FETCH_NUM_BRANCH = 16
FETCH_STOP_AT_INDIRECT = 1
FETCH_STOP_AT_TAKEN = 1
FETCH_MODEL_ICACHE = 1
PERFECT_BRANCH_PRED = 0
PERFECT_INDIRECT_PRED = 1
PIPELINE_FILL_LATENCY = 10
NUM_LDST_LANES = 8
NUM_ALU_LANES = 16
MEMORY HIERARCHY CONFIGURATION---------------------
STRIDE Prefetcher = 1
PERFECT_CACHE = 0
WRITE_ALLOCATE = 1
Within-pipeline factors:
	AGEN latency = 1 cycle
	Store Queue (SQ): SQ size = window size, oracle memory disambiguation, store-load forwarding = 1 cycle after store's or load's agen.
	* Note: A store searches the L1$ at commit. The store is released
	* from the SQ and window, whether it hits or misses. Store misses
	* are buffered until the block is allocated and the store is
	* performed in the L1$. While buffered, conflicting loads get
	* the store's data as they would from the SQ.
I$: 128 KB, 8-way set-assoc., 64B block size
L1$: 128 KB, 8-way set-assoc., 64B block size, 3-cycle search latency
L2$: 4 MB, 8-way set-assoc., 64B block size, 12-cycle search latency
L3$: 32 MB, 16-way set-assoc., 128B block size, 50-cycle search latency
Main Memory: 150-cycle fixed search time
---------------------------STORE QUEUE MEASUREMENTS (Full Simulation i.e. Counts Not Reset When Warmup Ends)---------------------------
Number of loads: 11970574
Number of loads that miss in SQ: 9467943 (79.09%)
Number of PFs issued to the memory system 1068238
---------------------------------------------------------------------------------------------------------------------------------------
------------------------MEMORY HIERARCHY MEASUREMENTS (Full Simulation i.e. Counts Not Reset When Warmup Ends)-------------------------
I$:
	accesses   = 45694754
	misses     = 175424
	miss ratio = 0.38%
	pf accesses   = 0
	pf misses     = 0
	pf miss ratio = -nan%
L1$:
	accesses   = 18183904
	misses     = 95087
	miss ratio = 0.52%
	pf accesses   = 1068238
	pf misses     = 35876
	pf miss ratio = 3.36%
L2$:
	accesses   = 270511
	misses     = 52820
	miss ratio = 19.53%
	pf accesses   = 35876
	pf misses     = 5818
	pf miss ratio = 16.22%
L3$:
	accesses   = 52820
	misses     = 31997
	miss ratio = 60.58%
	pf accesses   = 5818
	pf misses     = 2815
	pf miss ratio = 48.38%
---------------------------------------------------------------------------------------------------------------------------------------
----------------------------------------------Prefetcher (Full Simulation i.e. No Warmup)----------------------------------------------
Num Trainings :11970574
Num Prefetches generated :1072270
Num Prefetches issued :1971962
Num Prefetches filtered by PF queue :37653
Num untimely prefetches dropped from PF queue :4032
Num prefetches not issued LDST contention :903724
Num prefetches not issued stride 0 :2683751
---------------------------------------------------------------------------------------------------------------------------------------

-------------------------------ILP LIMIT STUDY (Full Simulation i.e. Counts Not Reset When Warmup Ends)--------------------------------
instructions = 40000031
cycles       = 19007346
CycWP        = 7289148
IPC          = 2.1045

---------------------------------------------------------------------------------------------------------------------------------------
Top 10 highest count indices:
Index: 0x4980C8, Count: 2340
Index: 0x498024, Count: 2146
Index: 0x465C84, Count: 2124
Index: 0x467580, Count: 1882
Index: 0x464BB8, Count: 844
Index: 0x4672EC, Count: 836
Index: 0x464C2C, Count: 834
Index: 0x491D24, Count: 771
Index: 0x491CF0, Count: 768
Index: 0x46E25C, Count: 767

-----------------------------------------------BRANCH PREDICTION MEASUREMENTS (Full Simulation i.e. Counts Not Reset When Warmup Ends)----------------------------------------------
Type                   NumBr     MispBr        mr     mpki
CondDirect          6733574     325021   4.8269%   8.1255
JumpDirect          1206189          0   0.0000%   0.0000
JumpIndirect         233285          0   0.0000%   0.0000
JumpReturn           560713          0   0.0000%   0.0000
Not control        36960993          0   0.0000%   0.0000
------------------------------------------------------------------------------------------------------------------------------------------------------------------------------------

------------------------------------------------------DIRECT CONDITIONAL BRANCH PREDICTION MEASUREMENTS (Last 10M instructions)-----------------------------------------------------
       Instr       Cycles      IPC      NumBr     MispBr BrPerCyc MispBrPerCyc        MR     MPKI      CycWP   CycWPAvg   CycWPPKI
    10000031      3518842   2.8419    1681095      73727   0.4777       0.0210   4.3857%   7.3727    1556932    21.1175   155.6927
------------------------------------------------------------------------------------------------------------------------------------------------------------------------------------

------------------------------------------------------DIRECT CONDITIONAL BRANCH PREDICTION MEASUREMENTS (Last 25M instructions)-----------------------------------------------------
       Instr       Cycles      IPC      NumBr     MispBr BrPerCyc MispBrPerCyc        MR     MPKI      CycWP   CycWPAvg   CycWPPKI
    25000031      9980710   2.5048    4174732     206237   0.4183       0.0207   4.9401%   8.2495    4384445    21.2593   175.3776
-------------------------------------------------------------------------------------------------------------------------------------------------------------------------------------

---------------------------------------------------------DIRECT CONDITIONAL BRANCH PREDICTION MEASUREMENTS (50 Perc instructions)---------------------------------------------------
       Instr       Cycles      IPC      NumBr     MispBr BrPerCyc MispBrPerCyc        MR     MPKI      CycWP   CycWPAvg   CycWPPKI
    20000031      8155090   2.4525    3364149     168460   0.4125       0.0207   5.0075%   8.4230    3627445    21.5330   181.3720
------------------------------------------------------------------------------------------------------------------------------------------------------------------------------------

-------------------------------------DIRECT CONDITIONAL BRANCH PREDICTION MEASUREMENTS (Full Simulation i.e. Counts Not Reset When Warmup Ends)-------------------------------------
       Instr       Cycles      IPC      NumBr     MispBr BrPerCyc MispBrPerCyc        MR     MPKI      CycWP   CycWPAvg   CycWPPKI
    40000031     19007346   2.1045    6733574     325021   0.3543       0.0171   4.8269%   8.1255    7289148    22.4267   182.2286
------------------------------------------------------------------------------------------------------------------------------------------------------------------------------------
 Read 40000031 instrs 

ExecTime = 221.90784978866577
