CMD:./cbp traces/int/int_1_trace.gz
5000000 instrs 
10000000 instrs 
15000000 instrs 
20000000 instrs 
25000000 instrs 
30000000 instrs 
EOF
WINDOW_SIZE = 1024
FETCH_WIDTH = 16
FETCH_NUM_BRANCH = 16
FETCH_STOP_AT_INDIRECT = 1
FETCH_STOP_AT_TAKEN = 1
FETCH_MODEL_ICACHE = 1
PERFECT_BRANCH_PRED = 0
PERFECT_INDIRECT_PRED = 1
PIPELINE_FILL_LATENCY = 10
NUM_LDST_LANES = 8
NUM_ALU_LANES = 16
MEMORY HIERARCHY CONFIGURATION---------------------
STRIDE Prefetcher = 1
PERFECT_CACHE = 0
WRITE_ALLOCATE = 1
Within-pipeline factors:
	AGEN latency = 1 cycle
	Store Queue (SQ): SQ size = window size, oracle memory disambiguation, store-load forwarding = 1 cycle after store's or load's agen.
	* Note: A store searches the L1$ at commit. The store is released
	* from the SQ and window, whether it hits or misses. Store misses
	* are buffered until the block is allocated and the store is
	* performed in the L1$. While buffered, conflicting loads get
	* the store's data as they would from the SQ.
I$: 128 KB, 8-way set-assoc., 64B block size
L1$: 128 KB, 8-way set-assoc., 64B block size, 3-cycle search latency
L2$: 4 MB, 8-way set-assoc., 64B block size, 12-cycle search latency
L3$: 32 MB, 16-way set-assoc., 128B block size, 50-cycle search latency
Main Memory: 150-cycle fixed search time
---------------------------STORE QUEUE MEASUREMENTS (Full Simulation i.e. Counts Not Reset When Warmup Ends)---------------------------
Number of loads: 9512699
Number of loads that miss in SQ: 7967116 (83.75%)
Number of PFs issued to the memory system 1004532
---------------------------------------------------------------------------------------------------------------------------------------
------------------------MEMORY HIERARCHY MEASUREMENTS (Full Simulation i.e. Counts Not Reset When Warmup Ends)-------------------------
I$:
	accesses   = 32489832
	misses     = 44
	miss ratio = 0.00%
	pf accesses   = 0
	pf misses     = 0
	pf miss ratio = -nan%
L1$:
	accesses   = 16939089
	misses     = 258404
	miss ratio = 1.53%
	pf accesses   = 1004532
	pf misses     = 2816
	pf miss ratio = 0.28%
L2$:
	accesses   = 258448
	misses     = 66488
	miss ratio = 25.73%
	pf accesses   = 2816
	pf misses     = 1085
	pf miss ratio = 38.53%
L3$:
	accesses   = 66488
	misses     = 40357
	miss ratio = 60.70%
	pf accesses   = 1085
	pf misses     = 398
	pf miss ratio = 36.68%
---------------------------------------------------------------------------------------------------------------------------------------
----------------------------------------------Prefetcher (Full Simulation i.e. No Warmup)----------------------------------------------
Num Trainings :9512699
Num Prefetches generated :1007748
Num Prefetches issued :1605625
Num Prefetches filtered by PF queue :38832
Num untimely prefetches dropped from PF queue :3216
Num prefetches not issued LDST contention :601093
Num prefetches not issued stride 0 :2989042
---------------------------------------------------------------------------------------------------------------------------------------

-------------------------------ILP LIMIT STUDY (Full Simulation i.e. Counts Not Reset When Warmup Ends)--------------------------------
instructions = 30000052
cycles       = 16362583
CycWP        = 12327497
IPC          = 1.8335

---------------------------------------------------------------------------------------------------------------------------------------
Top 10 highest count indices:
Index: 0xFFFFF0D8F184, Count: 53552
Index: 0xFFFFF0D8F2CC, Count: 43091
Index: 0xFFFFF0D8F240, Count: 19581
Index: 0xFFFFF0D8F288, Count: 17464
Index: 0xFFFFF0D8F220, Count: 14489
Index: 0xFFFFF0D8EEFC, Count: 13917
Index: 0xFFFFF0D8F1D0, Count: 12324
Index: 0xFFFFF0D8F0AC, Count: 11761
Index: 0xFFFFF0D8EF70, Count: 6599
Index: 0xFFFFF0D8F458, Count: 5005

-----------------------------------------------BRANCH PREDICTION MEASUREMENTS (Full Simulation i.e. Counts Not Reset When Warmup Ends)----------------------------------------------
Type                   NumBr     MispBr        mr     mpki
CondDirect          5301134     207426   3.9129%   6.9142
JumpDirect          1242684          0   0.0000%   0.0000
JumpIndirect          66695          0   0.0000%   0.0000
JumpReturn            83423          0   0.0000%   0.0000
Not control        25795896          0   0.0000%   0.0000
------------------------------------------------------------------------------------------------------------------------------------------------------------------------------------

------------------------------------------------------DIRECT CONDITIONAL BRANCH PREDICTION MEASUREMENTS (Last 10M instructions)-----------------------------------------------------
       Instr       Cycles      IPC      NumBr     MispBr BrPerCyc MispBrPerCyc        MR     MPKI      CycWP   CycWPAvg   CycWPPKI
    10000052      5164826   1.9362    1761166      68683   0.3410       0.0133   3.8999%   6.8683    3849899    56.0532   384.9879
------------------------------------------------------------------------------------------------------------------------------------------------------------------------------------

------------------------------------------------------DIRECT CONDITIONAL BRANCH PREDICTION MEASUREMENTS (Last 25M instructions)-----------------------------------------------------
       Instr       Cycles      IPC      NumBr     MispBr BrPerCyc MispBrPerCyc        MR     MPKI      CycWP   CycWPAvg   CycWPPKI
    25000052     13143568   1.9021    4413492     173170   0.3358       0.0132   3.9237%   6.9268    9812703    56.6651   392.5073
-------------------------------------------------------------------------------------------------------------------------------------------------------------------------------------

---------------------------------------------------------DIRECT CONDITIONAL BRANCH PREDICTION MEASUREMENTS (50 Perc instructions)---------------------------------------------------
       Instr       Cycles      IPC      NumBr     MispBr BrPerCyc MispBrPerCyc        MR     MPKI      CycWP   CycWPAvg   CycWPPKI
    15000052      7754395   1.9344    2642836     103183   0.3408       0.0133   3.9043%   6.8788    5770512    55.9250   384.6995
------------------------------------------------------------------------------------------------------------------------------------------------------------------------------------

-------------------------------------DIRECT CONDITIONAL BRANCH PREDICTION MEASUREMENTS (Full Simulation i.e. Counts Not Reset When Warmup Ends)-------------------------------------
       Instr       Cycles      IPC      NumBr     MispBr BrPerCyc MispBrPerCyc        MR     MPKI      CycWP   CycWPAvg   CycWPPKI
    30000052     16362583   1.8335    5301134     207426   0.3240       0.0127   3.9129%   6.9142   12327497    59.4308   410.9159
------------------------------------------------------------------------------------------------------------------------------------------------------------------------------------
 Read 30000052 instrs 

ExecTime = 174.6595423221588
