CMD:./cbp traces/web/web_18_trace.gz
5000000 instrs 
10000000 instrs 
15000000 instrs 
EOF
WINDOW_SIZE = 1024
FETCH_WIDTH = 16
FETCH_NUM_BRANCH = 16
FETCH_STOP_AT_INDIRECT = 1
FETCH_STOP_AT_TAKEN = 1
FETCH_MODEL_ICACHE = 1
PERFECT_BRANCH_PRED = 0
PERFECT_INDIRECT_PRED = 1
PIPELINE_FILL_LATENCY = 10
NUM_LDST_LANES = 8
NUM_ALU_LANES = 16
MEMORY HIERARCHY CONFIGURATION---------------------
STRIDE Prefetcher = 1
PERFECT_CACHE = 0
WRITE_ALLOCATE = 1
Within-pipeline factors:
	AGEN latency = 1 cycle
	Store Queue (SQ): SQ size = window size, oracle memory disambiguation, store-load forwarding = 1 cycle after store's or load's agen.
	* Note: A store searches the L1$ at commit. The store is released
	* from the SQ and window, whether it hits or misses. Store misses
	* are buffered until the block is allocated and the store is
	* performed in the L1$. While buffered, conflicting loads get
	* the store's data as they would from the SQ.
I$: 128 KB, 8-way set-assoc., 64B block size
L1$: 128 KB, 8-way set-assoc., 64B block size, 3-cycle search latency
L2$: 4 MB, 8-way set-assoc., 64B block size, 12-cycle search latency
L3$: 32 MB, 16-way set-assoc., 128B block size, 50-cycle search latency
Main Memory: 150-cycle fixed search time
---------------------------STORE QUEUE MEASUREMENTS (Full Simulation i.e. Counts Not Reset When Warmup Ends)---------------------------
Number of loads: 3697981
Number of loads that miss in SQ: 3060666 (82.77%)
Number of PFs issued to the memory system 497698
---------------------------------------------------------------------------------------------------------------------------------------
------------------------MEMORY HIERARCHY MEASUREMENTS (Full Simulation i.e. Counts Not Reset When Warmup Ends)-------------------------
I$:
	accesses   = 15645981
	misses     = 6016
	miss ratio = 0.04%
	pf accesses   = 0
	pf misses     = 0
	pf miss ratio = -nan%
L1$:
	accesses   = 4748976
	misses     = 19429
	miss ratio = 0.41%
	pf accesses   = 497698
	pf misses     = 160
	pf miss ratio = 0.03%
L2$:
	accesses   = 25445
	misses     = 18013
	miss ratio = 70.79%
	pf accesses   = 160
	pf misses     = 134
	pf miss ratio = 83.75%
L3$:
	accesses   = 18013
	misses     = 9930
	miss ratio = 55.13%
	pf accesses   = 134
	pf misses     = 73
	pf miss ratio = 54.48%
---------------------------------------------------------------------------------------------------------------------------------------
----------------------------------------------Prefetcher (Full Simulation i.e. No Warmup)----------------------------------------------
Num Trainings :3697981
Num Prefetches generated :497778
Num Prefetches issued :955223
Num Prefetches filtered by PF queue :20157
Num untimely prefetches dropped from PF queue :80
Num prefetches not issued LDST contention :457525
Num prefetches not issued stride 0 :1390797
---------------------------------------------------------------------------------------------------------------------------------------

-------------------------------ILP LIMIT STUDY (Full Simulation i.e. Counts Not Reset When Warmup Ends)--------------------------------
instructions = 15000059
cycles       = 4247950
CycWP        = 2369704
IPC          = 3.5311

---------------------------------------------------------------------------------------------------------------------------------------
Top 10 highest count indices:
Index: 0xAAAAB1F4EDCC, Count: 17702
Index: 0xAAAAB2628200, Count: 7063
Index: 0xAAAAB2627E24, Count: 6886
Index: 0xAAAAB2628238, Count: 6357
Index: 0xAAAAB1F50A20, Count: 3826
Index: 0xAAAAB1F509BC, Count: 2165
Index: 0xAAAAB2627DD0, Count: 1517
Index: 0xAAAAB2628240, Count: 757
Index: 0xAAAAB2628168, Count: 713
Index: 0xAAAAB2627D90, Count: 700

-----------------------------------------------BRANCH PREDICTION MEASUREMENTS (Full Simulation i.e. Counts Not Reset When Warmup Ends)----------------------------------------------
Type                   NumBr     MispBr        mr     mpki
CondDirect          1853795      58889   3.1767%   3.9259
JumpDirect            95737          0   0.0000%   0.0000
JumpIndirect           6432          0   0.0000%   0.0000
JumpReturn            32032          0   0.0000%   0.0000
Not control        13657985          0   0.0000%   0.0000
------------------------------------------------------------------------------------------------------------------------------------------------------------------------------------

------------------------------------------------------DIRECT CONDITIONAL BRANCH PREDICTION MEASUREMENTS (Last 10M instructions)-----------------------------------------------------
       Instr       Cycles      IPC      NumBr     MispBr BrPerCyc MispBrPerCyc        MR     MPKI      CycWP   CycWPAvg   CycWPPKI
    10000059      2693934   3.7121    1240675      38807   0.4605       0.0144   3.1279%   3.8807    1539662    39.6749   153.9653
------------------------------------------------------------------------------------------------------------------------------------------------------------------------------------

------------------------------------------------------DIRECT CONDITIONAL BRANCH PREDICTION MEASUREMENTS (Last 25M instructions)-----------------------------------------------------
       Instr       Cycles      IPC      NumBr     MispBr BrPerCyc MispBrPerCyc        MR     MPKI      CycWP   CycWPAvg   CycWPPKI
    15000059      4247950   3.5311    1853795      58889   0.4364       0.0139   3.1767%   3.9259    2369704    40.2402   157.9796
-------------------------------------------------------------------------------------------------------------------------------------------------------------------------------------

---------------------------------------------------------DIRECT CONDITIONAL BRANCH PREDICTION MEASUREMENTS (50 Perc instructions)---------------------------------------------------
       Instr       Cycles      IPC      NumBr     MispBr BrPerCyc MispBrPerCyc        MR     MPKI      CycWP   CycWPAvg   CycWPPKI
     8000059      2164044   3.6968     994147      30746   0.4594       0.0142   3.0927%   3.8432    1218398    39.6279   152.2986
------------------------------------------------------------------------------------------------------------------------------------------------------------------------------------

-------------------------------------DIRECT CONDITIONAL BRANCH PREDICTION MEASUREMENTS (Full Simulation i.e. Counts Not Reset When Warmup Ends)-------------------------------------
       Instr       Cycles      IPC      NumBr     MispBr BrPerCyc MispBrPerCyc        MR     MPKI      CycWP   CycWPAvg   CycWPPKI
    15000059      4247950   3.5311    1853795      58889   0.4364       0.0139   3.1767%   3.9259    2369704    40.2402   157.9796
------------------------------------------------------------------------------------------------------------------------------------------------------------------------------------
 Read 15000059 instrs 

ExecTime = 75.60967898368835
