CMD:./cbp traces/web/web_4_trace.gz
5000000 instrs 
10000000 instrs 
15000000 instrs 
20000000 instrs 
25000000 instrs 
30000000 instrs 
35000000 instrs 
EOF
WINDOW_SIZE = 1024
FETCH_WIDTH = 16
FETCH_NUM_BRANCH = 16
FETCH_STOP_AT_INDIRECT = 1
FETCH_STOP_AT_TAKEN = 1
FETCH_MODEL_ICACHE = 1
PERFECT_BRANCH_PRED = 0
PERFECT_INDIRECT_PRED = 1
PIPELINE_FILL_LATENCY = 10
NUM_LDST_LANES = 8
NUM_ALU_LANES = 16
MEMORY HIERARCHY CONFIGURATION---------------------
STRIDE Prefetcher = 1
PERFECT_CACHE = 0
WRITE_ALLOCATE = 1
Within-pipeline factors:
	AGEN latency = 1 cycle
	Store Queue (SQ): SQ size = window size, oracle memory disambiguation, store-load forwarding = 1 cycle after store's or load's agen.
	* Note: A store searches the L1$ at commit. The store is released
	* from the SQ and window, whether it hits or misses. Store misses
	* are buffered until the block is allocated and the store is
	* performed in the L1$. While buffered, conflicting loads get
	* the store's data as they would from the SQ.
I$: 128 KB, 8-way set-assoc., 64B block size
L1$: 128 KB, 8-way set-assoc., 64B block size, 3-cycle search latency
L2$: 4 MB, 8-way set-assoc., 64B block size, 12-cycle search latency
L3$: 32 MB, 16-way set-assoc., 128B block size, 50-cycle search latency
Main Memory: 150-cycle fixed search time
---------------------------STORE QUEUE MEASUREMENTS (Full Simulation i.e. Counts Not Reset When Warmup Ends)---------------------------
Number of loads: 11509873
Number of loads that miss in SQ: 9284276 (80.66%)
Number of PFs issued to the memory system 1230059
---------------------------------------------------------------------------------------------------------------------------------------
------------------------MEMORY HIERARCHY MEASUREMENTS (Full Simulation i.e. Counts Not Reset When Warmup Ends)-------------------------
I$:
	accesses   = 44605831
	misses     = 31553
	miss ratio = 0.07%
	pf accesses   = 0
	pf misses     = 0
	pf miss ratio = -nan%
L1$:
	accesses   = 16323089
	misses     = 179403
	miss ratio = 1.10%
	pf accesses   = 1230059
	pf misses     = 20995
	pf miss ratio = 1.71%
L2$:
	accesses   = 210956
	misses     = 36280
	miss ratio = 17.20%
	pf accesses   = 20995
	pf misses     = 2964
	pf miss ratio = 14.12%
L3$:
	accesses   = 36280
	misses     = 20178
	miss ratio = 55.62%
	pf accesses   = 2964
	pf misses     = 1487
	pf miss ratio = 50.17%
---------------------------------------------------------------------------------------------------------------------------------------
----------------------------------------------Prefetcher (Full Simulation i.e. No Warmup)----------------------------------------------
Num Trainings :11509873
Num Prefetches generated :1232290
Num Prefetches issued :1797004
Num Prefetches filtered by PF queue :23746
Num untimely prefetches dropped from PF queue :2231
Num prefetches not issued LDST contention :566945
Num prefetches not issued stride 0 :3599147
---------------------------------------------------------------------------------------------------------------------------------------

-------------------------------ILP LIMIT STUDY (Full Simulation i.e. Counts Not Reset When Warmup Ends)--------------------------------
instructions = 39999718
cycles       = 13540239
CycWP        = 5280857
IPC          = 2.9541

---------------------------------------------------------------------------------------------------------------------------------------
Top 10 highest count indices:
Index: 0xAAAAAB3B425C, Count: 6665
Index: 0xAAAAAB3B3908, Count: 6169
Index: 0xAAAAAB3B40B4, Count: 4156
Index: 0xAAAAAB3B38E8, Count: 3980
Index: 0xAAAAAB3B40A0, Count: 2917
Index: 0xAAAAAB468BA8, Count: 2013
Index: 0xAAAAAB4BD7A8, Count: 1912
Index: 0xAAAAAB3B38DC, Count: 1790
Index: 0xAAAAAB3B4280, Count: 1733
Index: 0xAAAAAB10A074, Count: 1614

-----------------------------------------------BRANCH PREDICTION MEASUREMENTS (Full Simulation i.e. Counts Not Reset When Warmup Ends)----------------------------------------------
Type                   NumBr     MispBr        mr     mpki
CondDirect          6265226     184167   2.9395%   4.6042
JumpDirect          1417311          0   0.0000%   0.0000
JumpIndirect         150119          0   0.0000%   0.0000
JumpReturn          1022980          0   0.0000%   0.0000
Not control        35750195          0   0.0000%   0.0000
------------------------------------------------------------------------------------------------------------------------------------------------------------------------------------

------------------------------------------------------DIRECT CONDITIONAL BRANCH PREDICTION MEASUREMENTS (Last 10M instructions)-----------------------------------------------------
       Instr       Cycles      IPC      NumBr     MispBr BrPerCyc MispBrPerCyc        MR     MPKI      CycWP   CycWPAvg   CycWPPKI
    10999718      3008436   3.6563    1699783      40246   0.5650       0.0134   2.3677%   3.6588    1148370    28.5338   104.3999
------------------------------------------------------------------------------------------------------------------------------------------------------------------------------------

------------------------------------------------------DIRECT CONDITIONAL BRANCH PREDICTION MEASUREMENTS (Last 25M instructions)-----------------------------------------------------
       Instr       Cycles      IPC      NumBr     MispBr BrPerCyc MispBrPerCyc        MR     MPKI      CycWP   CycWPAvg   CycWPPKI
    25999718      8344901   3.1156    4128521     121719   0.4947       0.0146   2.9482%   4.6816    3353021    27.5472   128.9637
-------------------------------------------------------------------------------------------------------------------------------------------------------------------------------------

---------------------------------------------------------DIRECT CONDITIONAL BRANCH PREDICTION MEASUREMENTS (50 Perc instructions)---------------------------------------------------
       Instr       Cycles      IPC      NumBr     MispBr BrPerCyc MispBrPerCyc        MR     MPKI      CycWP   CycWPAvg   CycWPPKI
    20999718      6424862   3.2685    3426349      86110   0.5333       0.0134   2.5132%   4.1005    2319928    26.9414   110.4742
------------------------------------------------------------------------------------------------------------------------------------------------------------------------------------

-------------------------------------DIRECT CONDITIONAL BRANCH PREDICTION MEASUREMENTS (Full Simulation i.e. Counts Not Reset When Warmup Ends)-------------------------------------
       Instr       Cycles      IPC      NumBr     MispBr BrPerCyc MispBrPerCyc        MR     MPKI      CycWP   CycWPAvg   CycWPPKI
    39999718     13540239   2.9541    6265226     184167   0.4627       0.0136   2.9395%   4.6042    5280857    28.6743   132.0224
------------------------------------------------------------------------------------------------------------------------------------------------------------------------------------
 Read 39999718 instrs 

ExecTime = 234.36761736869812
