CMD:./cbp traces/web/web_1_trace.gz
5000000 instrs 
10000000 instrs 
15000000 instrs 
20000000 instrs 
25000000 instrs 
30000000 instrs 
35000000 instrs 
EOF
WINDOW_SIZE = 1024
FETCH_WIDTH = 16
FETCH_NUM_BRANCH = 16
FETCH_STOP_AT_INDIRECT = 1
FETCH_STOP_AT_TAKEN = 1
FETCH_MODEL_ICACHE = 1
PERFECT_BRANCH_PRED = 0
PERFECT_INDIRECT_PRED = 1
PIPELINE_FILL_LATENCY = 10
NUM_LDST_LANES = 8
NUM_ALU_LANES = 16
MEMORY HIERARCHY CONFIGURATION---------------------
STRIDE Prefetcher = 1
PERFECT_CACHE = 0
WRITE_ALLOCATE = 1
Within-pipeline factors:
	AGEN latency = 1 cycle
	Store Queue (SQ): SQ size = window size, oracle memory disambiguation, store-load forwarding = 1 cycle after store's or load's agen.
	* Note: A store searches the L1$ at commit. The store is released
	* from the SQ and window, whether it hits or misses. Store misses
	* are buffered until the block is allocated and the store is
	* performed in the L1$. While buffered, conflicting loads get
	* the store's data as they would from the SQ.
I$: 128 KB, 8-way set-assoc., 64B block size
L1$: 128 KB, 8-way set-assoc., 64B block size, 3-cycle search latency
L2$: 4 MB, 8-way set-assoc., 64B block size, 12-cycle search latency
L3$: 32 MB, 16-way set-assoc., 128B block size, 50-cycle search latency
Main Memory: 150-cycle fixed search time
---------------------------STORE QUEUE MEASUREMENTS (Full Simulation i.e. Counts Not Reset When Warmup Ends)---------------------------
Number of loads: 12426406
Number of loads that miss in SQ: 9550760 (76.86%)
Number of PFs issued to the memory system 1358371
---------------------------------------------------------------------------------------------------------------------------------------
------------------------MEMORY HIERARCHY MEASUREMENTS (Full Simulation i.e. Counts Not Reset When Warmup Ends)-------------------------
I$:
	accesses   = 45698248
	misses     = 42286
	miss ratio = 0.09%
	pf accesses   = 0
	pf misses     = 0
	pf miss ratio = -nan%
L1$:
	accesses   = 19047869
	misses     = 120856
	miss ratio = 0.63%
	pf accesses   = 1358371
	pf misses     = 21903
	pf miss ratio = 1.61%
L2$:
	accesses   = 163142
	misses     = 66357
	miss ratio = 40.67%
	pf accesses   = 21903
	pf misses     = 9066
	pf miss ratio = 41.39%
L3$:
	accesses   = 66357
	misses     = 34504
	miss ratio = 52.00%
	pf accesses   = 9066
	pf misses     = 4593
	pf miss ratio = 50.66%
---------------------------------------------------------------------------------------------------------------------------------------
----------------------------------------------Prefetcher (Full Simulation i.e. No Warmup)----------------------------------------------
Num Trainings :12426406
Num Prefetches generated :1362976
Num Prefetches issued :2530465
Num Prefetches filtered by PF queue :76651
Num untimely prefetches dropped from PF queue :4605
Num prefetches not issued LDST contention :1172094
Num prefetches not issued stride 0 :3432531
---------------------------------------------------------------------------------------------------------------------------------------

-------------------------------ILP LIMIT STUDY (Full Simulation i.e. Counts Not Reset When Warmup Ends)--------------------------------
instructions = 39999048
cycles       = 12272285
CycWP        = 4752668
IPC          = 3.2593

---------------------------------------------------------------------------------------------------------------------------------------
Top 10 highest count indices:
Index: 0xAAAAAAFE2A84, Count: 11143
Index: 0xAAAAAAF8407C, Count: 5415
Index: 0xAAAAAABE8B14, Count: 5064
Index: 0xAAAAAABE88B4, Count: 3794
Index: 0xAAAAAABFB974, Count: 3349
Index: 0xAAAAAABFB99C, Count: 2794
Index: 0xAAAAAAFE2ADC, Count: 2203
Index: 0xAAAAAAFE2CB0, Count: 2192
Index: 0xAAAAAABFB98C, Count: 1960
Index: 0xAAAAAAFE2B30, Count: 1518

-----------------------------------------------BRANCH PREDICTION MEASUREMENTS (Full Simulation i.e. Counts Not Reset When Warmup Ends)----------------------------------------------
Type                   NumBr     MispBr        mr     mpki
CondDirect          5515292     144399   2.6182%   3.6101
JumpDirect          1213794          0   0.0000%   0.0000
JumpIndirect         150715          0   0.0000%   0.0000
JumpReturn           704119          0   0.0000%   0.0000
Not control        38114328          0   0.0000%   0.0000
------------------------------------------------------------------------------------------------------------------------------------------------------------------------------------

------------------------------------------------------DIRECT CONDITIONAL BRANCH PREDICTION MEASUREMENTS (Last 10M instructions)-----------------------------------------------------
       Instr       Cycles      IPC      NumBr     MispBr BrPerCyc MispBrPerCyc        MR     MPKI      CycWP   CycWPAvg   CycWPPKI
    10999048      3137567   3.5056    1561465      47813   0.4977       0.0152   3.0621%   4.3470    1357056    28.3826   123.3794
------------------------------------------------------------------------------------------------------------------------------------------------------------------------------------

------------------------------------------------------DIRECT CONDITIONAL BRANCH PREDICTION MEASUREMENTS (Last 25M instructions)-----------------------------------------------------
       Instr       Cycles      IPC      NumBr     MispBr BrPerCyc MispBrPerCyc        MR     MPKI      CycWP   CycWPAvg   CycWPPKI
    25999048      6830968   3.8061    3750627      99925   0.5491       0.0146   2.6642%   3.8434    2859503    28.6165   109.9849
-------------------------------------------------------------------------------------------------------------------------------------------------------------------------------------

---------------------------------------------------------DIRECT CONDITIONAL BRANCH PREDICTION MEASUREMENTS (50 Perc instructions)---------------------------------------------------
       Instr       Cycles      IPC      NumBr     MispBr BrPerCyc MispBrPerCyc        MR     MPKI      CycWP   CycWPAvg   CycWPPKI
    20999048      5149264   4.0781    2909408      78580   0.5650       0.0153   2.7009%   3.7421    2127610    27.0757   101.3194
------------------------------------------------------------------------------------------------------------------------------------------------------------------------------------

-------------------------------------DIRECT CONDITIONAL BRANCH PREDICTION MEASUREMENTS (Full Simulation i.e. Counts Not Reset When Warmup Ends)-------------------------------------
       Instr       Cycles      IPC      NumBr     MispBr BrPerCyc MispBrPerCyc        MR     MPKI      CycWP   CycWPAvg   CycWPPKI
    39999048     12272285   3.2593    5515292     144399   0.4494       0.0118   2.6182%   3.6101    4752668    32.9134   118.8195
------------------------------------------------------------------------------------------------------------------------------------------------------------------------------------
 Read 39999048 instrs 

ExecTime = 242.6947157382965
