CMD:./cbp traces/web/web_11_trace.gz
5000000 instrs 
10000000 instrs 
EOF
WINDOW_SIZE = 1024
FETCH_WIDTH = 16
FETCH_NUM_BRANCH = 16
FETCH_STOP_AT_INDIRECT = 1
FETCH_STOP_AT_TAKEN = 1
FETCH_MODEL_ICACHE = 1
PERFECT_BRANCH_PRED = 0
PERFECT_INDIRECT_PRED = 1
PIPELINE_FILL_LATENCY = 10
NUM_LDST_LANES = 8
NUM_ALU_LANES = 16
MEMORY HIERARCHY CONFIGURATION---------------------
STRIDE Prefetcher = 1
PERFECT_CACHE = 0
WRITE_ALLOCATE = 1
Within-pipeline factors:
	AGEN latency = 1 cycle
	Store Queue (SQ): SQ size = window size, oracle memory disambiguation, store-load forwarding = 1 cycle after store's or load's agen.
	* Note: A store searches the L1$ at commit. The store is released
	* from the SQ and window, whether it hits or misses. Store misses
	* are buffered until the block is allocated and the store is
	* performed in the L1$. While buffered, conflicting loads get
	* the store's data as they would from the SQ.
I$: 128 KB, 8-way set-assoc., 64B block size
L1$: 128 KB, 8-way set-assoc., 64B block size, 3-cycle search latency
L2$: 4 MB, 8-way set-assoc., 64B block size, 12-cycle search latency
L3$: 32 MB, 16-way set-assoc., 128B block size, 50-cycle search latency
Main Memory: 150-cycle fixed search time
---------------------------STORE QUEUE MEASUREMENTS (Full Simulation i.e. Counts Not Reset When Warmup Ends)---------------------------
Number of loads: 2797830
Number of loads that miss in SQ: 2220395 (79.36%)
Number of PFs issued to the memory system 149860
---------------------------------------------------------------------------------------------------------------------------------------
------------------------MEMORY HIERARCHY MEASUREMENTS (Full Simulation i.e. Counts Not Reset When Warmup Ends)-------------------------
I$:
	accesses   = 11464742
	misses     = 115204
	miss ratio = 1.00%
	pf accesses   = 0
	pf misses     = 0
	pf miss ratio = -nan%
L1$:
	accesses   = 4388395
	misses     = 68859
	miss ratio = 1.57%
	pf accesses   = 149860
	pf misses     = 3953
	pf miss ratio = 2.64%
L2$:
	accesses   = 184063
	misses     = 82751
	miss ratio = 44.96%
	pf accesses   = 3953
	pf misses     = 2318
	pf miss ratio = 58.64%
L3$:
	accesses   = 82751
	misses     = 51673
	miss ratio = 62.44%
	pf accesses   = 2318
	pf misses     = 1304
	pf miss ratio = 56.26%
---------------------------------------------------------------------------------------------------------------------------------------
----------------------------------------------Prefetcher (Full Simulation i.e. No Warmup)----------------------------------------------
Num Trainings :2797830
Num Prefetches generated :151755
Num Prefetches issued :388702
Num Prefetches filtered by PF queue :23646
Num untimely prefetches dropped from PF queue :1895
Num prefetches not issued LDST contention :238842
Num prefetches not issued stride 0 :641918
---------------------------------------------------------------------------------------------------------------------------------------

-------------------------------ILP LIMIT STUDY (Full Simulation i.e. Counts Not Reset When Warmup Ends)--------------------------------
instructions = 10001443
cycles       = 11682188
CycWP        = 2199241
IPC          = 0.8561

---------------------------------------------------------------------------------------------------------------------------------------
Top 10 highest count indices:
Index: 0xAAAAB5B2B684, Count: 358
Index: 0xFFFFDEED9084, Count: 260
Index: 0xAAAAB1AEA844, Count: 243
Index: 0xAAAAB1AEA80C, Count: 223
Index: 0xAAAAB2ACB790, Count: 215
Index: 0xAAAAB1AEAA1C, Count: 208
Index: 0xFFFFDEED8FD0, Count: 182
Index: 0xAAAAAAB673A8, Count: 176
Index: 0xFFFFDEED7E5C, Count: 170
Index: 0xAAAAAAB9A734, Count: 167

-----------------------------------------------BRANCH PREDICTION MEASUREMENTS (Full Simulation i.e. Counts Not Reset When Warmup Ends)----------------------------------------------
Type                   NumBr     MispBr        mr     mpki
CondDirect          1391369      57732   4.1493%   5.7724
JumpDirect           317121          0   0.0000%   0.0000
JumpIndirect          80918          0   0.0000%   0.0000
JumpReturn           220660          0   0.0000%   0.0000
Not control         9454674          0   0.0000%   0.0000
------------------------------------------------------------------------------------------------------------------------------------------------------------------------------------

------------------------------------------------------DIRECT CONDITIONAL BRANCH PREDICTION MEASUREMENTS (Last 10M instructions)-----------------------------------------------------
       Instr       Cycles      IPC      NumBr     MispBr BrPerCyc MispBrPerCyc        MR     MPKI      CycWP   CycWPAvg   CycWPPKI
    10001443     11682188   0.8561    1391369      57732   0.1191       0.0049   4.1493%   5.7724    2199241    38.0940   219.8924
------------------------------------------------------------------------------------------------------------------------------------------------------------------------------------

------------------------------------------------------DIRECT CONDITIONAL BRANCH PREDICTION MEASUREMENTS (Last 25M instructions)-----------------------------------------------------
       Instr       Cycles      IPC      NumBr     MispBr BrPerCyc MispBrPerCyc        MR     MPKI      CycWP   CycWPAvg   CycWPPKI
    10001443     11682188   0.8561    1391369      57732   0.1191       0.0049   4.1493%   5.7724    2199241    38.0940   219.8924
-------------------------------------------------------------------------------------------------------------------------------------------------------------------------------------

---------------------------------------------------------DIRECT CONDITIONAL BRANCH PREDICTION MEASUREMENTS (50 Perc instructions)---------------------------------------------------
       Instr       Cycles      IPC      NumBr     MispBr BrPerCyc MispBrPerCyc        MR     MPKI      CycWP   CycWPAvg   CycWPPKI
     5001443      5155073   0.9702     674449      29860   0.1308       0.0058   4.4273%   5.9703    1035982    34.6946   207.1366
------------------------------------------------------------------------------------------------------------------------------------------------------------------------------------

-------------------------------------DIRECT CONDITIONAL BRANCH PREDICTION MEASUREMENTS (Full Simulation i.e. Counts Not Reset When Warmup Ends)-------------------------------------
       Instr       Cycles      IPC      NumBr     MispBr BrPerCyc MispBrPerCyc        MR     MPKI      CycWP   CycWPAvg   CycWPPKI
    10001443     11682188   0.8561    1391369      57732   0.1191       0.0049   4.1493%   5.7724    2199241    38.0940   219.8924
------------------------------------------------------------------------------------------------------------------------------------------------------------------------------------
 Read 10001443 instrs 

ExecTime = 56.95205783843994
