CMD:./cbp traces/web/web_22_trace.gz
5000000 instrs 
10000000 instrs 
15000000 instrs 
20000000 instrs 
EOF
WINDOW_SIZE = 1024
FETCH_WIDTH = 16
FETCH_NUM_BRANCH = 16
FETCH_STOP_AT_INDIRECT = 1
FETCH_STOP_AT_TAKEN = 1
FETCH_MODEL_ICACHE = 1
PERFECT_BRANCH_PRED = 0
PERFECT_INDIRECT_PRED = 1
PIPELINE_FILL_LATENCY = 10
NUM_LDST_LANES = 8
NUM_ALU_LANES = 16
MEMORY HIERARCHY CONFIGURATION---------------------
STRIDE Prefetcher = 1
PERFECT_CACHE = 0
WRITE_ALLOCATE = 1
Within-pipeline factors:
	AGEN latency = 1 cycle
	Store Queue (SQ): SQ size = window size, oracle memory disambiguation, store-load forwarding = 1 cycle after store's or load's agen.
	* Note: A store searches the L1$ at commit. The store is released
	* from the SQ and window, whether it hits or misses. Store misses
	* are buffered until the block is allocated and the store is
	* performed in the L1$. While buffered, conflicting loads get
	* the store's data as they would from the SQ.
I$: 128 KB, 8-way set-assoc., 64B block size
L1$: 128 KB, 8-way set-assoc., 64B block size, 3-cycle search latency
L2$: 4 MB, 8-way set-assoc., 64B block size, 12-cycle search latency
L3$: 32 MB, 16-way set-assoc., 128B block size, 50-cycle search latency
Main Memory: 150-cycle fixed search time
---------------------------STORE QUEUE MEASUREMENTS (Full Simulation i.e. Counts Not Reset When Warmup Ends)---------------------------
Number of loads: 4913506
Number of loads that miss in SQ: 4101418 (83.47%)
Number of PFs issued to the memory system 662656
---------------------------------------------------------------------------------------------------------------------------------------
------------------------MEMORY HIERARCHY MEASUREMENTS (Full Simulation i.e. Counts Not Reset When Warmup Ends)-------------------------
I$:
	accesses   = 20795264
	misses     = 11781
	miss ratio = 0.06%
	pf accesses   = 0
	pf misses     = 0
	pf miss ratio = -nan%
L1$:
	accesses   = 6247778
	misses     = 24374
	miss ratio = 0.39%
	pf accesses   = 662656
	pf misses     = 1137
	pf miss ratio = 0.17%
L2$:
	accesses   = 36155
	misses     = 26313
	miss ratio = 72.78%
	pf accesses   = 1137
	pf misses     = 685
	pf miss ratio = 60.25%
L3$:
	accesses   = 26313
	misses     = 14653
	miss ratio = 55.69%
	pf accesses   = 685
	pf misses     = 400
	pf miss ratio = 58.39%
---------------------------------------------------------------------------------------------------------------------------------------
----------------------------------------------Prefetcher (Full Simulation i.e. No Warmup)----------------------------------------------
Num Trainings :4913506
Num Prefetches generated :662757
Num Prefetches issued :1240065
Num Prefetches filtered by PF queue :26656
Num untimely prefetches dropped from PF queue :101
Num prefetches not issued LDST contention :577409
Num prefetches not issued stride 0 :1921170
---------------------------------------------------------------------------------------------------------------------------------------

-------------------------------ILP LIMIT STUDY (Full Simulation i.e. Counts Not Reset When Warmup Ends)--------------------------------
instructions = 20000051
cycles       = 6380325
CycWP        = 3386169
IPC          = 3.1346

---------------------------------------------------------------------------------------------------------------------------------------
Top 10 highest count indices:
Index: 0xAAAAB1F4EDCC, Count: 22508
Index: 0xAAAAB2628200, Count: 12836
Index: 0xAAAAB2628238, Count: 12452
Index: 0xAAAAB2627E24, Count: 10170
Index: 0xAAAAB1F50A20, Count: 5260
Index: 0xAAAAB1F509BC, Count: 2813
Index: 0xAAAAB2627DD0, Count: 2259
Index: 0xAAAAB2628240, Count: 1118
Index: 0xAAAAB2628168, Count: 1079
Index: 0xAAAAB2627D90, Count: 1008

-----------------------------------------------BRANCH PREDICTION MEASUREMENTS (Full Simulation i.e. Counts Not Reset When Warmup Ends)----------------------------------------------
Type                   NumBr     MispBr        mr     mpki
CondDirect          2417352      88140   3.6461%   4.4070
JumpDirect           118401          0   0.0000%   0.0000
JumpIndirect           6535          0   0.0000%   0.0000
JumpReturn            38360          0   0.0000%   0.0000
Not control        18214616          0   0.0000%   0.0000
------------------------------------------------------------------------------------------------------------------------------------------------------------------------------------

------------------------------------------------------DIRECT CONDITIONAL BRANCH PREDICTION MEASUREMENTS (Last 10M instructions)-----------------------------------------------------
       Instr       Cycles      IPC      NumBr     MispBr BrPerCyc MispBrPerCyc        MR     MPKI      CycWP   CycWPAvg   CycWPPKI
    10000051      2849485   3.5094    1222376      42570   0.4290       0.0149   3.4826%   4.2570    1644968    38.6415   164.4960
------------------------------------------------------------------------------------------------------------------------------------------------------------------------------------

------------------------------------------------------DIRECT CONDITIONAL BRANCH PREDICTION MEASUREMENTS (Last 25M instructions)-----------------------------------------------------
       Instr       Cycles      IPC      NumBr     MispBr BrPerCyc MispBrPerCyc        MR     MPKI      CycWP   CycWPAvg   CycWPPKI
    20000051      6380325   3.1346    2417352      88140   0.3789       0.0138   3.6461%   4.4070    3386169    38.4181   169.3080
-------------------------------------------------------------------------------------------------------------------------------------------------------------------------------------

---------------------------------------------------------DIRECT CONDITIONAL BRANCH PREDICTION MEASUREMENTS (50 Perc instructions)---------------------------------------------------
       Instr       Cycles      IPC      NumBr     MispBr BrPerCyc MispBrPerCyc        MR     MPKI      CycWP   CycWPAvg   CycWPPKI
    10000051      2849485   3.5094    1222376      42570   0.4290       0.0149   3.4826%   4.2570    1644968    38.6415   164.4960
------------------------------------------------------------------------------------------------------------------------------------------------------------------------------------

-------------------------------------DIRECT CONDITIONAL BRANCH PREDICTION MEASUREMENTS (Full Simulation i.e. Counts Not Reset When Warmup Ends)-------------------------------------
       Instr       Cycles      IPC      NumBr     MispBr BrPerCyc MispBrPerCyc        MR     MPKI      CycWP   CycWPAvg   CycWPPKI
    20000051      6380325   3.1346    2417352      88140   0.3789       0.0138   3.6461%   4.4070    3386169    38.4181   169.3080
------------------------------------------------------------------------------------------------------------------------------------------------------------------------------------
 Read 20000051 instrs 

ExecTime = 101.61931490898132
