CMD:./cbp traces/web/web_9_trace.gz
5000000 instrs 
NOTE: Adding new entry to branch table for pc: 0xaaaaaada5c9c | at index: 0
NOTE: Adding new entry to branch table for pc: 0xaaaaaada9c78 | at index: 1
NOTE: Adding new entry to branch table for pc: 0xaaaaaadae270 | at index: 2
10000000 instrs 
NOTE: Adding new entry to branch table for pc: 0xaaaaab01cd28 | at index: 3
NOTE: Adding new entry to branch table for pc: 0xaaaaab01cb28 | at index: 4
15000000 instrs 
NOTE: Adding new entry to branch table for pc: 0xaaaaab3b40a0 | at index: 5
NOTE: Adding new entry to branch table for pc: 0xaaaaab3b40b4 | at index: 6
NOTE: Adding new entry to branch table for pc: 0xaaaaab4c1b14 | at index: 7
NOTE: Adding new entry to branch table for pc: 0xaaaaab4bd76c | at index: 8
NOTE: Adding new entry to load table for pc: 0xaaaaab4bd768 | at index: 0
NOTE: Adding new entry to branch table for pc: 0xaaaaab4bd7a8 | at index: 9
NOTE: Adding new entry to branch table for pc: 0xaaaaab3b425c | at index: 10
NOTE: Adding new entry to load table for pc: 0xaaaaab3b41fc | at index: 1
NOTE: Adding new entry to load table for pc: 0xaaaaab3b4264 | at index: 2
NOTE: Adding new entry to branch table for pc: 0xaaaaab4ba944 | at index: 11
NOTE: Adding new entry to branch table for pc: 0xaaaaab350a24 | at index: 12
NOTE: Adding new entry to branch table for pc: 0xaaaaab34a0cc | at index: 13
NOTE: Adding new entry to branch table for pc: 0xaaaaab355ce0 | at index: 14
NOTE: Adding new entry to branch table for pc: 0xaaaaab355cec | at index: 15
20000000 instrs 
25000000 instrs 
30000000 instrs 
35000000 instrs 
EOF
WINDOW_SIZE = 1024
FETCH_WIDTH = 16
FETCH_NUM_BRANCH = 16
FETCH_STOP_AT_INDIRECT = 1
FETCH_STOP_AT_TAKEN = 1
FETCH_MODEL_ICACHE = 1
PERFECT_BRANCH_PRED = 0
PERFECT_INDIRECT_PRED = 1
PIPELINE_FILL_LATENCY = 10
NUM_LDST_LANES = 8
NUM_ALU_LANES = 16
MEMORY HIERARCHY CONFIGURATION---------------------
STRIDE Prefetcher = 1
PERFECT_CACHE = 0
WRITE_ALLOCATE = 1
Within-pipeline factors:
	AGEN latency = 1 cycle
	Store Queue (SQ): SQ size = window size, oracle memory disambiguation, store-load forwarding = 1 cycle after store's or load's agen.
	* Note: A store searches the L1$ at commit. The store is released
	* from the SQ and window, whether it hits or misses. Store misses
	* are buffered until the block is allocated and the store is
	* performed in the L1$. While buffered, conflicting loads get
	* the store's data as they would from the SQ.
I$: 128 KB, 8-way set-assoc., 64B block size
L1$: 128 KB, 8-way set-assoc., 64B block size, 3-cycle search latency
L2$: 4 MB, 8-way set-assoc., 64B block size, 12-cycle search latency
L3$: 32 MB, 16-way set-assoc., 128B block size, 50-cycle search latency
Main Memory: 150-cycle fixed search time
---------------------------STORE QUEUE MEASUREMENTS (Full Simulation i.e. Counts Not Reset When Warmup Ends)---------------------------
Number of loads: 11520069
Number of loads that miss in SQ: 10615535 (92.15%)
Number of PFs issued to the memory system 2342225
---------------------------------------------------------------------------------------------------------------------------------------
------------------------MEMORY HIERARCHY MEASUREMENTS (Full Simulation i.e. Counts Not Reset When Warmup Ends)-------------------------
I$:
	accesses   = 48421182
	misses     = 155340
	miss ratio = 0.32%
	pf accesses   = 0
	pf misses     = 0
	pf miss ratio = -nan%
L1$:
	accesses   = 14620292
	misses     = 53705
	miss ratio = 0.37%
	pf accesses   = 2342225
	pf misses     = 7143
	pf miss ratio = 0.30%
L2$:
	accesses   = 209045
	misses     = 50880
	miss ratio = 24.34%
	pf accesses   = 7143
	pf misses     = 3983
	pf miss ratio = 55.76%
L3$:
	accesses   = 50880
	misses     = 28176
	miss ratio = 55.38%
	pf accesses   = 3983
	pf misses     = 1959
	pf miss ratio = 49.18%
---------------------------------------------------------------------------------------------------------------------------------------
----------------------------------------------Prefetcher (Full Simulation i.e. No Warmup)----------------------------------------------
Num Trainings :11520069
Num Prefetches generated :2344859
Num Prefetches issued :2622020
Num Prefetches filtered by PF queue :12461
Num untimely prefetches dropped from PF queue :2634
Num prefetches not issued LDST contention :279795
Num prefetches not issued stride 0 :3549143
---------------------------------------------------------------------------------------------------------------------------------------

-------------------------------ILP LIMIT STUDY (Full Simulation i.e. Counts Not Reset When Warmup Ends)--------------------------------
instructions = 39999863
cycles       = 14255534
CycWP        = 2851150
IPC          = 2.8059

---------------------------------------------------------------------------------------------------------------------------------------
Top 10 highest count indices:
Index: 0xAAAAAAFE2A84, Count: 1927
Index: 0xAAAAAABE8B14, Count: 1262
Index: 0xAAAAAADF8C58, Count: 1062
Index: 0x4000000A5588, Count: 1027
Index: 0xAAAAAABE88B4, Count: 669
Index: 0xAAAAAB353D44, Count: 666
Index: 0xAAAAAB55D6DC, Count: 602
Index: 0xAAAAAAFE2CB0, Count: 599
Index: 0xAAAAAB355CEC, Count: 565
Index: 0xAAAAAB355CE0, Count: 477

-----------------------------------------------BRANCH PREDICTION MEASUREMENTS (Full Simulation i.e. Counts Not Reset When Warmup Ends)----------------------------------------------
Type                   NumBr     MispBr        mr     mpki
CondDirect          6952037     117398   1.6887%   2.9350
JumpDirect           592418          0   0.0000%   0.0000
JumpIndirect          80366          0   0.0000%   0.0000
JumpReturn           332245          0   0.0000%   0.0000
Not control        40464116          0   0.0000%   0.0000
------------------------------------------------------------------------------------------------------------------------------------------------------------------------------------

------------------------------------------------------DIRECT CONDITIONAL BRANCH PREDICTION MEASUREMENTS (Last 10M instructions)-----------------------------------------------------
       Instr       Cycles      IPC      NumBr     MispBr BrPerCyc MispBrPerCyc        MR     MPKI      CycWP   CycWPAvg   CycWPPKI
    10999863      2238505   4.9139    2173291         23   0.9709       0.0000   0.0011%   0.0021        285    12.3913     0.0259
------------------------------------------------------------------------------------------------------------------------------------------------------------------------------------

------------------------------------------------------DIRECT CONDITIONAL BRANCH PREDICTION MEASUREMENTS (Last 25M instructions)-----------------------------------------------------
       Instr       Cycles      IPC      NumBr     MispBr BrPerCyc MispBrPerCyc        MR     MPKI      CycWP   CycWPAvg   CycWPPKI
    25999863      6415911   4.0524    4947504      40053   0.7711       0.0062   0.8096%   1.5405     846694    21.1393    32.5653
-------------------------------------------------------------------------------------------------------------------------------------------------------------------------------------

---------------------------------------------------------DIRECT CONDITIONAL BRANCH PREDICTION MEASUREMENTS (50 Perc instructions)---------------------------------------------------
       Instr       Cycles      IPC      NumBr     MispBr BrPerCyc MispBrPerCyc        MR     MPKI      CycWP   CycWPAvg   CycWPPKI
    20999863      4411605   4.7601    4136031       3234   0.9375       0.0007   0.0782%   0.1540      62347    19.2786     2.9689
------------------------------------------------------------------------------------------------------------------------------------------------------------------------------------

-------------------------------------DIRECT CONDITIONAL BRANCH PREDICTION MEASUREMENTS (Full Simulation i.e. Counts Not Reset When Warmup Ends)-------------------------------------
       Instr       Cycles      IPC      NumBr     MispBr BrPerCyc MispBrPerCyc        MR     MPKI      CycWP   CycWPAvg   CycWPPKI
    39999863     14255534   2.8059    6952037     117398   0.4877       0.0082   1.6887%   2.9350    2851150    24.2862    71.2790
------------------------------------------------------------------------------------------------------------------------------------------------------------------------------------
 Read 39999863 instrs 

ExecTime = 214.34170532226562
