CMD:./cbp traces/web/web_8_trace.gz
NOTE: Adding new entry to branch table for pc: 0xaaaaab10b624 | at index: 0
NOTE: Adding new entry to branch table for pc: 0xaaaaab370e50 | at index: 1
NOTE: Adding new entry to load table for pc: 0xaaaaab370e4c | at index: 0
NOTE: Adding new entry to branch table for pc: 0xaaaaab3b38dc | at index: 2
5000000 instrs 
NOTE: Adding new entry to branch table for pc: 0xaaaaab3b40a0 | at index: 3
NOTE: Adding new entry to branch table for pc: 0xaaaaab3b40b4 | at index: 4
NOTE: Adding new entry to branch table for pc: 0xaaaaab3b4234 | at index: 5
NOTE: Adding new entry to branch table for pc: 0xaaaaab3b425c | at index: 6
NOTE: Adding new entry to load table for pc: 0xaaaaab3b41fc | at index: 1
NOTE: Adding new entry to load table for pc: 0xaaaaab3b4264 | at index: 2
NOTE: Adding new entry to branch table for pc: 0xaaaaab3b3908 | at index: 7
NOTE: Adding new entry to branch table for pc: 0xaaaaab468aec | at index: 8
NOTE: Adding new entry to branch table for pc: 0xaaaaab468ba8 | at index: 9
NOTE: Adding new entry to branch table for pc: 0xaaaaab468780 | at index: 10
NOTE: Adding new entry to branch table for pc: 0xaaaaab468708 | at index: 11
NOTE: Adding new entry to branch table for pc: 0xaaaaab46bb94 | at index: 12
NOTE: Adding new entry to branch table for pc: 0xaaaaab465ca8 | at index: 13
NOTE: Adding new entry to branch table for pc: 0xaaaaab3a2ea0 | at index: 14
NOTE: Adding new entry to branch table for pc: 0xaaaaab3182f0 | at index: 15
NOTE: Adding new entry to load table for pc: 0xaaaaab4e8ae4 | at index: 3
10000000 instrs 
15000000 instrs 
20000000 instrs 
25000000 instrs 
30000000 instrs 
35000000 instrs 
EOF
WINDOW_SIZE = 1024
FETCH_WIDTH = 16
FETCH_NUM_BRANCH = 16
FETCH_STOP_AT_INDIRECT = 1
FETCH_STOP_AT_TAKEN = 1
FETCH_MODEL_ICACHE = 1
PERFECT_BRANCH_PRED = 0
PERFECT_INDIRECT_PRED = 1
PIPELINE_FILL_LATENCY = 10
NUM_LDST_LANES = 8
NUM_ALU_LANES = 16
MEMORY HIERARCHY CONFIGURATION---------------------
STRIDE Prefetcher = 1
PERFECT_CACHE = 0
WRITE_ALLOCATE = 1
Within-pipeline factors:
	AGEN latency = 1 cycle
	Store Queue (SQ): SQ size = window size, oracle memory disambiguation, store-load forwarding = 1 cycle after store's or load's agen.
	* Note: A store searches the L1$ at commit. The store is released
	* from the SQ and window, whether it hits or misses. Store misses
	* are buffered until the block is allocated and the store is
	* performed in the L1$. While buffered, conflicting loads get
	* the store's data as they would from the SQ.
I$: 128 KB, 8-way set-assoc., 64B block size
L1$: 128 KB, 8-way set-assoc., 64B block size, 3-cycle search latency
L2$: 4 MB, 8-way set-assoc., 64B block size, 12-cycle search latency
L3$: 32 MB, 16-way set-assoc., 128B block size, 50-cycle search latency
Main Memory: 150-cycle fixed search time
---------------------------STORE QUEUE MEASUREMENTS (Full Simulation i.e. Counts Not Reset When Warmup Ends)---------------------------
Number of loads: 11739800
Number of loads that miss in SQ: 9584327 (81.64%)
Number of PFs issued to the memory system 914039
---------------------------------------------------------------------------------------------------------------------------------------
------------------------MEMORY HIERARCHY MEASUREMENTS (Full Simulation i.e. Counts Not Reset When Warmup Ends)-------------------------
I$:
	accesses   = 45346368
	misses     = 42004
	miss ratio = 0.09%
	pf accesses   = 0
	pf misses     = 0
	pf miss ratio = -nan%
L1$:
	accesses   = 17229188
	misses     = 191199
	miss ratio = 1.11%
	pf accesses   = 914039
	pf misses     = 16908
	pf miss ratio = 1.85%
L2$:
	accesses   = 233203
	misses     = 93444
	miss ratio = 40.07%
	pf accesses   = 16908
	pf misses     = 2537
	pf miss ratio = 15.00%
L3$:
	accesses   = 93444
	misses     = 48133
	miss ratio = 51.51%
	pf accesses   = 2537
	pf misses     = 1189
	pf miss ratio = 46.87%
---------------------------------------------------------------------------------------------------------------------------------------
----------------------------------------------Prefetcher (Full Simulation i.e. No Warmup)----------------------------------------------
Num Trainings :11739800
Num Prefetches generated :917345
Num Prefetches issued :1499663
Num Prefetches filtered by PF queue :22877
Num untimely prefetches dropped from PF queue :3306
Num prefetches not issued LDST contention :585624
Num prefetches not issued stride 0 :3688513
---------------------------------------------------------------------------------------------------------------------------------------

-------------------------------ILP LIMIT STUDY (Full Simulation i.e. Counts Not Reset When Warmup Ends)--------------------------------
instructions = 39999955
cycles       = 14148892
CycWP        = 5358616
IPC          = 2.8271

---------------------------------------------------------------------------------------------------------------------------------------
Top 10 highest count indices:
Index: 0xAAAAAB3B425C, Count: 6925
Index: 0xAAAAAB3B3908, Count: 6233
Index: 0xAAAAAB3B38E8, Count: 4491
Index: 0xAAAAAB3B40B4, Count: 3505
Index: 0xAAAAAB63E874, Count: 2826
Index: 0xAAAAAB3B40A0, Count: 2553
Index: 0xAAAAAB4BD76C, Count: 1942
Index: 0xAAAAAB4BD7C8, Count: 1938
Index: 0xAAAAAB3B38DC, Count: 1336
Index: 0xAAAAAB3B3A18, Count: 1295

-----------------------------------------------BRANCH PREDICTION MEASUREMENTS (Full Simulation i.e. Counts Not Reset When Warmup Ends)----------------------------------------------
Type                   NumBr     MispBr        mr     mpki
CondDirect          6210740     207387   3.3392%   5.1847
JumpDirect          1406322          0   0.0000%   0.0000
JumpIndirect         173198          0   0.0000%   0.0000
JumpReturn           950341          0   0.0000%   0.0000
Not control        36605767          0   0.0000%   0.0000
------------------------------------------------------------------------------------------------------------------------------------------------------------------------------------

------------------------------------------------------DIRECT CONDITIONAL BRANCH PREDICTION MEASUREMENTS (Last 10M instructions)-----------------------------------------------------
       Instr       Cycles      IPC      NumBr     MispBr BrPerCyc MispBrPerCyc        MR     MPKI      CycWP   CycWPAvg   CycWPPKI
    10999955      2871458   3.8308    1780527      43316   0.6201       0.0151   2.4328%   3.9378    1131133    26.1135   102.8307
------------------------------------------------------------------------------------------------------------------------------------------------------------------------------------

------------------------------------------------------DIRECT CONDITIONAL BRANCH PREDICTION MEASUREMENTS (Last 25M instructions)-----------------------------------------------------
       Instr       Cycles      IPC      NumBr     MispBr BrPerCyc MispBrPerCyc        MR     MPKI      CycWP   CycWPAvg   CycWPPKI
    25999955      7918236   3.2836    4111607     133313   0.5193       0.0168   3.2424%   5.1274    3384856    25.3903   130.1870
-------------------------------------------------------------------------------------------------------------------------------------------------------------------------------------

---------------------------------------------------------DIRECT CONDITIONAL BRANCH PREDICTION MEASUREMENTS (50 Perc instructions)---------------------------------------------------
       Instr       Cycles      IPC      NumBr     MispBr BrPerCyc MispBrPerCyc        MR     MPKI      CycWP   CycWPAvg   CycWPPKI
    20999955      5946815   3.5313    3431526      95576   0.5770       0.0161   2.7852%   4.5512    2363481    24.7288   112.5470
------------------------------------------------------------------------------------------------------------------------------------------------------------------------------------

-------------------------------------DIRECT CONDITIONAL BRANCH PREDICTION MEASUREMENTS (Full Simulation i.e. Counts Not Reset When Warmup Ends)-------------------------------------
       Instr       Cycles      IPC      NumBr     MispBr BrPerCyc MispBrPerCyc        MR     MPKI      CycWP   CycWPAvg   CycWPPKI
    39999955     14148892   2.8271    6210740     207387   0.4390       0.0147   3.3392%   5.1847    5358616    25.8387   133.9656
------------------------------------------------------------------------------------------------------------------------------------------------------------------------------------
 Read 39999955 instrs 

ExecTime = 210.61947655677795
