CMD:./cbp traces/web/web_6_trace.gz
NOTE: Adding new entry to branch table for pc: 0xaaaaab10b624 | at index: 0
5000000 instrs 
NOTE: Adding new entry to branch table for pc: 0xaaaaab425170 | at index: 1
NOTE: Adding new entry to load table for pc: 0xaaaaab42516c | at index: 0
NOTE: Adding new entry to branch table for pc: 0xaaaaab4270d0 | at index: 2
NOTE: Adding new entry to load table for pc: 0xaaaaab4270cc | at index: 1
10000000 instrs 
NOTE: Adding new entry to branch table for pc: 0xaaaaab497090 | at index: 3
NOTE: Adding new entry to branch table for pc: 0xaaaaab496b0c | at index: 4
NOTE: Adding new entry to load table for pc: 0xaaaaab496b08 | at index: 2
NOTE: Adding new entry to branch table for pc: 0xaaaaab3b40b4 | at index: 5
NOTE: Adding new entry to branch table for pc: 0xaaaaab3b40a0 | at index: 6
NOTE: Adding new entry to branch table for pc: 0xaaaaab3b4234 | at index: 7
NOTE: Adding new entry to branch table for pc: 0xaaaaab3b425c | at index: 8
NOTE: Adding new entry to load table for pc: 0xaaaaab3b4264 | at index: 3
NOTE: Adding new entry to load table for pc: 0xaaaaab3b41fc | at index: 4
NOTE: Adding new entry to branch table for pc: 0xaaaaab3b3908 | at index: 9
NOTE: Adding new entry to branch table for pc: 0xaaaaab468aec | at index: 10
NOTE: Adding new entry to branch table for pc: 0xaaaaab468ba8 | at index: 11
15000000 instrs 
NOTE: Adding new entry to branch table for pc: 0xaaaaab468708 | at index: 12
NOTE: Adding new entry to branch table for pc: 0xaaaaab468780 | at index: 13
NOTE: Adding new entry to branch table for pc: 0xaaaaab46bb94 | at index: 14
NOTE: Adding new entry to branch table for pc: 0xaaaaab46d020 | at index: 15
20000000 instrs 
NOTE: Adding new entry to load table for pc: 0xaaaaab4e8ae4 | at index: 5
25000000 instrs 
30000000 instrs 
NOTE: Adding new entry to load table for pc: 0xaaaaab49708c | at index: 6
35000000 instrs 
40000000 instrs 
EOF
WINDOW_SIZE = 1024
FETCH_WIDTH = 16
FETCH_NUM_BRANCH = 16
FETCH_STOP_AT_INDIRECT = 1
FETCH_STOP_AT_TAKEN = 1
FETCH_MODEL_ICACHE = 1
PERFECT_BRANCH_PRED = 0
PERFECT_INDIRECT_PRED = 1
PIPELINE_FILL_LATENCY = 10
NUM_LDST_LANES = 8
NUM_ALU_LANES = 16
MEMORY HIERARCHY CONFIGURATION---------------------
STRIDE Prefetcher = 1
PERFECT_CACHE = 0
WRITE_ALLOCATE = 1
Within-pipeline factors:
	AGEN latency = 1 cycle
	Store Queue (SQ): SQ size = window size, oracle memory disambiguation, store-load forwarding = 1 cycle after store's or load's agen.
	* Note: A store searches the L1$ at commit. The store is released
	* from the SQ and window, whether it hits or misses. Store misses
	* are buffered until the block is allocated and the store is
	* performed in the L1$. While buffered, conflicting loads get
	* the store's data as they would from the SQ.
I$: 128 KB, 8-way set-assoc., 64B block size
L1$: 128 KB, 8-way set-assoc., 64B block size, 3-cycle search latency
L2$: 4 MB, 8-way set-assoc., 64B block size, 12-cycle search latency
L3$: 32 MB, 16-way set-assoc., 128B block size, 50-cycle search latency
Main Memory: 150-cycle fixed search time
---------------------------STORE QUEUE MEASUREMENTS (Full Simulation i.e. Counts Not Reset When Warmup Ends)---------------------------
Number of loads: 11955308
Number of loads that miss in SQ: 9563602 (79.99%)
Number of PFs issued to the memory system 956983
---------------------------------------------------------------------------------------------------------------------------------------
------------------------MEMORY HIERARCHY MEASUREMENTS (Full Simulation i.e. Counts Not Reset When Warmup Ends)-------------------------
I$:
	accesses   = 45357017
	misses     = 17914
	miss ratio = 0.04%
	pf accesses   = 0
	pf misses     = 0
	pf miss ratio = -nan%
L1$:
	accesses   = 17360024
	misses     = 209738
	miss ratio = 1.21%
	pf accesses   = 956983
	pf misses     = 24216
	pf miss ratio = 2.53%
L2$:
	accesses   = 227652
	misses     = 44913
	miss ratio = 19.73%
	pf accesses   = 24216
	pf misses     = 2681
	pf miss ratio = 11.07%
L3$:
	accesses   = 44913
	misses     = 24055
	miss ratio = 53.56%
	pf accesses   = 2681
	pf misses     = 1441
	pf miss ratio = 53.75%
---------------------------------------------------------------------------------------------------------------------------------------
----------------------------------------------Prefetcher (Full Simulation i.e. No Warmup)----------------------------------------------
Num Trainings :11955308
Num Prefetches generated :960874
Num Prefetches issued :1616772
Num Prefetches filtered by PF queue :25269
Num untimely prefetches dropped from PF queue :3891
Num prefetches not issued LDST contention :659789
Num prefetches not issued stride 0 :3306443
---------------------------------------------------------------------------------------------------------------------------------------

-------------------------------ILP LIMIT STUDY (Full Simulation i.e. Counts Not Reset When Warmup Ends)--------------------------------
instructions = 40000022
cycles       = 13253885
CycWP        = 5766721
IPC          = 3.0180

---------------------------------------------------------------------------------------------------------------------------------------
Top 10 highest count indices:
Index: 0xAAAAAB3B425C, Count: 8066
Index: 0xAAAAAB3B3908, Count: 7396
Index: 0xAAAAAB3B38E8, Count: 4957
Index: 0xAAAAAB3B40B4, Count: 4539
Index: 0xAAAAAB3B40A0, Count: 3391
Index: 0xAAAAAB4B3024, Count: 2147
Index: 0xAAAAAB3B4234, Count: 2119
Index: 0xAAAAAB4BD76C, Count: 2117
Index: 0xAAAAAB10A074, Count: 1997
Index: 0xAAAAAB4BD7C8, Count: 1830

-----------------------------------------------BRANCH PREDICTION MEASUREMENTS (Full Simulation i.e. Counts Not Reset When Warmup Ends)----------------------------------------------
Type                   NumBr     MispBr        mr     mpki
CondDirect          6002648     199929   3.3307%   4.9982
JumpDirect          1518631          0   0.0000%   0.0000
JumpIndirect         155535          0   0.0000%   0.0000
JumpReturn          1105549          0   0.0000%   0.0000
Not control        36574654          0   0.0000%   0.0000
------------------------------------------------------------------------------------------------------------------------------------------------------------------------------------

------------------------------------------------------DIRECT CONDITIONAL BRANCH PREDICTION MEASUREMENTS (Last 10M instructions)-----------------------------------------------------
       Instr       Cycles      IPC      NumBr     MispBr BrPerCyc MispBrPerCyc        MR     MPKI      CycWP   CycWPAvg   CycWPPKI
    10000022      3459369   2.8907    1565176      65755   0.4524       0.0190   4.2011%   6.5755    1775644    27.0039   177.5640
------------------------------------------------------------------------------------------------------------------------------------------------------------------------------------

------------------------------------------------------DIRECT CONDITIONAL BRANCH PREDICTION MEASUREMENTS (Last 25M instructions)-----------------------------------------------------
       Instr       Cycles      IPC      NumBr     MispBr BrPerCyc MispBrPerCyc        MR     MPKI      CycWP   CycWPAvg   CycWPPKI
    25000022      8578999   2.9141    3842017     150976   0.4478       0.0176   3.9296%   6.0390    4234601    28.0482   169.3839
-------------------------------------------------------------------------------------------------------------------------------------------------------------------------------------

---------------------------------------------------------DIRECT CONDITIONAL BRANCH PREDICTION MEASUREMENTS (50 Perc instructions)---------------------------------------------------
       Instr       Cycles      IPC      NumBr     MispBr BrPerCyc MispBrPerCyc        MR     MPKI      CycWP   CycWPAvg   CycWPPKI
    20000022      6957509   2.8746    2962421     124840   0.4258       0.0179   4.2141%   6.2420    3550413    28.4397   177.5205
------------------------------------------------------------------------------------------------------------------------------------------------------------------------------------

-------------------------------------DIRECT CONDITIONAL BRANCH PREDICTION MEASUREMENTS (Full Simulation i.e. Counts Not Reset When Warmup Ends)-------------------------------------
       Instr       Cycles      IPC      NumBr     MispBr BrPerCyc MispBrPerCyc        MR     MPKI      CycWP   CycWPAvg   CycWPPKI
    40000022     13253885   3.0180    6002648     199929   0.4529       0.0151   3.3307%   4.9982    5766721    28.8438   144.1679
------------------------------------------------------------------------------------------------------------------------------------------------------------------------------------
 Read 40000022 instrs 

ExecTime = 210.52340078353882
