CMD:./cbp traces/web/web_4_trace.gz
NOTE: Adding new entry to branch table for pc: 0xaaaaab10b624 | at index: 0
NOTE: Adding new entry to branch table for pc: 0xaaaaab3b40b4 | at index: 1
NOTE: Adding new entry to branch table for pc: 0xaaaaab3b40a0 | at index: 2
NOTE: Adding new entry to branch table for pc: 0xaaaaab3b4234 | at index: 3
NOTE: Adding new entry to branch table for pc: 0xaaaaab3b425c | at index: 4
NOTE: Adding new entry to load table for pc: 0xaaaaab3b41fc | at index: 0
NOTE: Adding new entry to load table for pc: 0xaaaaab3b4264 | at index: 1
5000000 instrs 
NOTE: Adding new entry to branch table for pc: 0xaaaaab3b3908 | at index: 5
NOTE: Adding new entry to branch table for pc: 0xaaaaab468aec | at index: 6
NOTE: Adding new entry to branch table for pc: 0xaaaaab468ba8 | at index: 7
NOTE: Adding new entry to branch table for pc: 0xaaaaab468780 | at index: 8
NOTE: Adding new entry to branch table for pc: 0xaaaaab468708 | at index: 9
NOTE: Adding new entry to branch table for pc: 0xaaaaab4695a4 | at index: 10
NOTE: Adding new entry to load table for pc: 0xaaaaab4695a0 | at index: 2
NOTE: Adding new entry to branch table for pc: 0xaaaaab318314 | at index: 11
NOTE: Adding new entry to branch table for pc: 0xaaaaab3182f0 | at index: 12
NOTE: Adding new entry to load table for pc: 0xaaaaab4e8ae4 | at index: 3
NOTE: Adding new entry to branch table for pc: 0xaaaaab4fa434 | at index: 13
NOTE: Adding new entry to load table for pc: 0xaaaaab4fa42c | at index: 4
10000000 instrs 
NOTE: Adding new entry to branch table for pc: 0xaaaaab523f70 | at index: 14
NOTE: Adding new entry to load table for pc: 0xaaaaab523f6c | at index: 5
NOTE: Adding new entry to branch table for pc: 0xaaaaab523fc4 | at index: 15
NOTE: Adding new entry to load table for pc: 0xaaaaab523fcc | at index: 6
15000000 instrs 
20000000 instrs 
25000000 instrs 
30000000 instrs 
35000000 instrs 
EOF
WINDOW_SIZE = 1024
FETCH_WIDTH = 16
FETCH_NUM_BRANCH = 16
FETCH_STOP_AT_INDIRECT = 1
FETCH_STOP_AT_TAKEN = 1
FETCH_MODEL_ICACHE = 1
PERFECT_BRANCH_PRED = 0
PERFECT_INDIRECT_PRED = 1
PIPELINE_FILL_LATENCY = 10
NUM_LDST_LANES = 8
NUM_ALU_LANES = 16
MEMORY HIERARCHY CONFIGURATION---------------------
STRIDE Prefetcher = 1
PERFECT_CACHE = 0
WRITE_ALLOCATE = 1
Within-pipeline factors:
	AGEN latency = 1 cycle
	Store Queue (SQ): SQ size = window size, oracle memory disambiguation, store-load forwarding = 1 cycle after store's or load's agen.
	* Note: A store searches the L1$ at commit. The store is released
	* from the SQ and window, whether it hits or misses. Store misses
	* are buffered until the block is allocated and the store is
	* performed in the L1$. While buffered, conflicting loads get
	* the store's data as they would from the SQ.
I$: 128 KB, 8-way set-assoc., 64B block size
L1$: 128 KB, 8-way set-assoc., 64B block size, 3-cycle search latency
L2$: 4 MB, 8-way set-assoc., 64B block size, 12-cycle search latency
L3$: 32 MB, 16-way set-assoc., 128B block size, 50-cycle search latency
Main Memory: 150-cycle fixed search time
---------------------------STORE QUEUE MEASUREMENTS (Full Simulation i.e. Counts Not Reset When Warmup Ends)---------------------------
Number of loads: 11509873
Number of loads that miss in SQ: 9281906 (80.64%)
Number of PFs issued to the memory system 1230193
---------------------------------------------------------------------------------------------------------------------------------------
------------------------MEMORY HIERARCHY MEASUREMENTS (Full Simulation i.e. Counts Not Reset When Warmup Ends)-------------------------
I$:
	accesses   = 44605831
	misses     = 31553
	miss ratio = 0.07%
	pf accesses   = 0
	pf misses     = 0
	pf miss ratio = -nan%
L1$:
	accesses   = 16323089
	misses     = 179391
	miss ratio = 1.10%
	pf accesses   = 1230193
	pf misses     = 21005
	pf miss ratio = 1.71%
L2$:
	accesses   = 210944
	misses     = 36275
	miss ratio = 17.20%
	pf accesses   = 21005
	pf misses     = 2969
	pf miss ratio = 14.13%
L3$:
	accesses   = 36275
	misses     = 20181
	miss ratio = 55.63%
	pf accesses   = 2969
	pf misses     = 1484
	pf miss ratio = 49.98%
---------------------------------------------------------------------------------------------------------------------------------------
----------------------------------------------Prefetcher (Full Simulation i.e. No Warmup)----------------------------------------------
Num Trainings :11509873
Num Prefetches generated :1232416
Num Prefetches issued :1796382
Num Prefetches filtered by PF queue :23620
Num untimely prefetches dropped from PF queue :2223
Num prefetches not issued LDST contention :566189
Num prefetches not issued stride 0 :3599147
---------------------------------------------------------------------------------------------------------------------------------------

-------------------------------ILP LIMIT STUDY (Full Simulation i.e. Counts Not Reset When Warmup Ends)--------------------------------
instructions = 39999718
cycles       = 13552430
CycWP        = 5291399
IPC          = 2.9515

---------------------------------------------------------------------------------------------------------------------------------------
Top 10 highest count indices:
Index: 0xAAAAAB3B425C, Count: 9182
Index: 0xAAAAAB3B3908, Count: 6165
Index: 0xAAAAAB468AEC, Count: 5600
Index: 0xAAAAAB3B40B4, Count: 4074
Index: 0xAAAAAB3B38E8, Count: 4011
Index: 0xAAAAAB3B40A0, Count: 2936
Index: 0xAAAAAB468BA8, Count: 1962
Index: 0xAAAAAB3B38DC, Count: 1818
Index: 0xAAAAAB10A074, Count: 1613
Index: 0xAAAAAB3B4234, Count: 1540

-----------------------------------------------BRANCH PREDICTION MEASUREMENTS (Full Simulation i.e. Counts Not Reset When Warmup Ends)----------------------------------------------
Type                   NumBr     MispBr        mr     mpki
CondDirect          6265226     186499   2.9767%   4.6625
JumpDirect          1417311          0   0.0000%   0.0000
JumpIndirect         150119          0   0.0000%   0.0000
JumpReturn          1022980          0   0.0000%   0.0000
Not control        35750195          0   0.0000%   0.0000
------------------------------------------------------------------------------------------------------------------------------------------------------------------------------------

------------------------------------------------------DIRECT CONDITIONAL BRANCH PREDICTION MEASUREMENTS (Last 10M instructions)-----------------------------------------------------
       Instr       Cycles      IPC      NumBr     MispBr BrPerCyc MispBrPerCyc        MR     MPKI      CycWP   CycWPAvg   CycWPPKI
    10999718      3073386   3.5790    1699783      44294   0.5531       0.0144   2.6059%   4.0268    1212723    27.3789   110.2504
------------------------------------------------------------------------------------------------------------------------------------------------------------------------------------

------------------------------------------------------DIRECT CONDITIONAL BRANCH PREDICTION MEASUREMENTS (Last 25M instructions)-----------------------------------------------------
       Instr       Cycles      IPC      NumBr     MispBr BrPerCyc MispBrPerCyc        MR     MPKI      CycWP   CycWPAvg   CycWPPKI
    25999718      8363704   3.1086    4128521     124316   0.4936       0.0149   3.0112%   4.7814    3371184    27.1179   129.6623
-------------------------------------------------------------------------------------------------------------------------------------------------------------------------------------

---------------------------------------------------------DIRECT CONDITIONAL BRANCH PREDICTION MEASUREMENTS (50 Perc instructions)---------------------------------------------------
       Instr       Cycles      IPC      NumBr     MispBr BrPerCyc MispBrPerCyc        MR     MPKI      CycWP   CycWPAvg   CycWPPKI
    20999718      6490325   3.2355    3426349      90169   0.5279       0.0139   2.6316%   4.2938    2385434    26.4551   113.5936
------------------------------------------------------------------------------------------------------------------------------------------------------------------------------------

-------------------------------------DIRECT CONDITIONAL BRANCH PREDICTION MEASUREMENTS (Full Simulation i.e. Counts Not Reset When Warmup Ends)-------------------------------------
       Instr       Cycles      IPC      NumBr     MispBr BrPerCyc MispBrPerCyc        MR     MPKI      CycWP   CycWPAvg   CycWPPKI
    39999718     13552430   2.9515    6265226     186499   0.4623       0.0138   2.9767%   4.6625    5291399    28.3723   132.2859
------------------------------------------------------------------------------------------------------------------------------------------------------------------------------------
 Read 39999718 instrs 

ExecTime = 206.98458409309387
