CMD:./cbp traces/web/web_3_trace.gz
5000000 instrs 
NOTE: Adding new entry to branch table for pc: 0xaaaaab10b624 | at index: 0
NOTE: Adding new entry to branch table for pc: 0xaaaaab3b40b4 | at index: 1
NOTE: Adding new entry to branch table for pc: 0xaaaaab3b40a0 | at index: 2
NOTE: Adding new entry to branch table for pc: 0xaaaaab3b425c | at index: 3
NOTE: Adding new entry to load table for pc: 0xaaaaab3b41fc | at index: 0
NOTE: Adding new entry to load table for pc: 0xaaaaab3b4264 | at index: 1
NOTE: Adding new entry to branch table for pc: 0xaaaaab4c1bd0 | at index: 4
NOTE: Adding new entry to branch table for pc: 0xaaaaab4c1b14 | at index: 5
NOTE: Adding new entry to branch table for pc: 0xaaaaab4bd76c | at index: 6
NOTE: Adding new entry to load table for pc: 0xaaaaab4bd768 | at index: 2
NOTE: Adding new entry to branch table for pc: 0xaaaaab34955c | at index: 7
NOTE: Adding new entry to branch table for pc: 0xaaaaab33ac98 | at index: 8
NOTE: Adding new entry to load table for pc: 0xaaaaab33ac90 | at index: 3
NOTE: Adding new entry to branch table for pc: 0xaaaaab370e50 | at index: 9
NOTE: Adding new entry to load table for pc: 0xaaaaab370e4c | at index: 4
10000000 instrs 
NOTE: Adding new entry to branch table for pc: 0xaaaaab3b38dc | at index: 10
NOTE: Adding new entry to branch table for pc: 0xaaaaab496b0c | at index: 11
NOTE: Adding new entry to load table for pc: 0xaaaaab496b08 | at index: 5
NOTE: Adding new entry to branch table for pc: 0xaaaaab3b4234 | at index: 12
NOTE: Adding new entry to branch table for pc: 0xaaaaab468aec | at index: 13
NOTE: Adding new entry to branch table for pc: 0xaaaaab468ba8 | at index: 14
NOTE: Adding new entry to branch table for pc: 0xaaaaab468708 | at index: 15
NOTE: Adding new entry to load table for pc: 0xaaaaab4e8ae4 | at index: 6
15000000 instrs 
20000000 instrs 
25000000 instrs 
30000000 instrs 
35000000 instrs 
EOF
WINDOW_SIZE = 1024
FETCH_WIDTH = 16
FETCH_NUM_BRANCH = 16
FETCH_STOP_AT_INDIRECT = 1
FETCH_STOP_AT_TAKEN = 1
FETCH_MODEL_ICACHE = 1
PERFECT_BRANCH_PRED = 0
PERFECT_INDIRECT_PRED = 1
PIPELINE_FILL_LATENCY = 10
NUM_LDST_LANES = 8
NUM_ALU_LANES = 16
MEMORY HIERARCHY CONFIGURATION---------------------
STRIDE Prefetcher = 1
PERFECT_CACHE = 0
WRITE_ALLOCATE = 1
Within-pipeline factors:
	AGEN latency = 1 cycle
	Store Queue (SQ): SQ size = window size, oracle memory disambiguation, store-load forwarding = 1 cycle after store's or load's agen.
	* Note: A store searches the L1$ at commit. The store is released
	* from the SQ and window, whether it hits or misses. Store misses
	* are buffered until the block is allocated and the store is
	* performed in the L1$. While buffered, conflicting loads get
	* the store's data as they would from the SQ.
I$: 128 KB, 8-way set-assoc., 64B block size
L1$: 128 KB, 8-way set-assoc., 64B block size, 3-cycle search latency
L2$: 4 MB, 8-way set-assoc., 64B block size, 12-cycle search latency
L3$: 32 MB, 16-way set-assoc., 128B block size, 50-cycle search latency
Main Memory: 150-cycle fixed search time
---------------------------STORE QUEUE MEASUREMENTS (Full Simulation i.e. Counts Not Reset When Warmup Ends)---------------------------
Number of loads: 11413025
Number of loads that miss in SQ: 9153708 (80.20%)
Number of PFs issued to the memory system 748934
---------------------------------------------------------------------------------------------------------------------------------------
------------------------MEMORY HIERARCHY MEASUREMENTS (Full Simulation i.e. Counts Not Reset When Warmup Ends)-------------------------
I$:
	accesses   = 44776292
	misses     = 31152
	miss ratio = 0.07%
	pf accesses   = 0
	pf misses     = 0
	pf miss ratio = -nan%
L1$:
	accesses   = 15994579
	misses     = 88993
	miss ratio = 0.56%
	pf accesses   = 748934
	pf misses     = 32058
	pf miss ratio = 4.28%
L2$:
	accesses   = 120145
	misses     = 38392
	miss ratio = 31.95%
	pf accesses   = 32058
	pf misses     = 8236
	pf miss ratio = 25.69%
L3$:
	accesses   = 38392
	misses     = 20428
	miss ratio = 53.21%
	pf accesses   = 8236
	pf misses     = 5159
	pf miss ratio = 62.64%
---------------------------------------------------------------------------------------------------------------------------------------
----------------------------------------------Prefetcher (Full Simulation i.e. No Warmup)----------------------------------------------
Num Trainings :11413025
Num Prefetches generated :750803
Num Prefetches issued :1327453
Num Prefetches filtered by PF queue :24235
Num untimely prefetches dropped from PF queue :1869
Num prefetches not issued LDST contention :578519
Num prefetches not issued stride 0 :4626312
---------------------------------------------------------------------------------------------------------------------------------------

-------------------------------ILP LIMIT STUDY (Full Simulation i.e. Counts Not Reset When Warmup Ends)--------------------------------
instructions = 39999981
cycles       = 12444908
CycWP        = 4777459
IPC          = 3.2142

---------------------------------------------------------------------------------------------------------------------------------------
Top 10 highest count indices:
Index: 0xAAAAAB3B425C, Count: 8766
Index: 0xAAAAAB3B3908, Count: 4485
Index: 0xAAAAAB3B38E8, Count: 3577
Index: 0xAAAAAB3B40B4, Count: 3059
Index: 0xAAAAAB468AEC, Count: 2637
Index: 0xAAAAAB3B40A0, Count: 1938
Index: 0x40010009836C, Count: 1517
Index: 0xAAAAAB4BD76C, Count: 1515
Index: 0xAAAAAB3B38DC, Count: 1503
Index: 0xAAAAAB3B4234, Count: 1432

-----------------------------------------------BRANCH PREDICTION MEASUREMENTS (Full Simulation i.e. Counts Not Reset When Warmup Ends)----------------------------------------------
Type                   NumBr     MispBr        mr     mpki
CondDirect          6018442     166558   2.7675%   4.1640
JumpDirect          1066191          0   0.0000%   0.0000
JumpIndirect         306179          0   0.0000%   0.0000
JumpReturn           735123          0   0.0000%   0.0000
Not control        36650357          0   0.0000%   0.0000
------------------------------------------------------------------------------------------------------------------------------------------------------------------------------------

------------------------------------------------------DIRECT CONDITIONAL BRANCH PREDICTION MEASUREMENTS (Last 10M instructions)-----------------------------------------------------
       Instr       Cycles      IPC      NumBr     MispBr BrPerCyc MispBrPerCyc        MR     MPKI      CycWP   CycWPAvg   CycWPPKI
    10999981      2663612   4.1297    1726890      33231   0.6483       0.0125   1.9243%   3.0210    1016361    30.5847    92.3966
------------------------------------------------------------------------------------------------------------------------------------------------------------------------------------

------------------------------------------------------DIRECT CONDITIONAL BRANCH PREDICTION MEASUREMENTS (Last 25M instructions)-----------------------------------------------------
       Instr       Cycles      IPC      NumBr     MispBr BrPerCyc MispBrPerCyc        MR     MPKI      CycWP   CycWPAvg   CycWPPKI
    25999981      7621597   3.4114    4101245     119532   0.5381       0.0157   2.9145%   4.5974    3633945    30.4014   139.7672
-------------------------------------------------------------------------------------------------------------------------------------------------------------------------------------

---------------------------------------------------------DIRECT CONDITIONAL BRANCH PREDICTION MEASUREMENTS (50 Perc instructions)---------------------------------------------------
       Instr       Cycles      IPC      NumBr     MispBr BrPerCyc MispBrPerCyc        MR     MPKI      CycWP   CycWPAvg   CycWPPKI
    20999981      5700004   3.6842    3382696      76697   0.5935       0.0135   2.2673%   3.6522    2551899    33.2725   121.5191
------------------------------------------------------------------------------------------------------------------------------------------------------------------------------------

-------------------------------------DIRECT CONDITIONAL BRANCH PREDICTION MEASUREMENTS (Full Simulation i.e. Counts Not Reset When Warmup Ends)-------------------------------------
       Instr       Cycles      IPC      NumBr     MispBr BrPerCyc MispBrPerCyc        MR     MPKI      CycWP   CycWPAvg   CycWPPKI
    39999981     12444908   3.2142    6018442     166558   0.4836       0.0134   2.7675%   4.1640    4777459    28.6835   119.4365
------------------------------------------------------------------------------------------------------------------------------------------------------------------------------------
 Read 39999981 instrs 

ExecTime = 202.83341455459595
