CMD:./cbp traces/web/web_0_trace.gz
5000000 instrs 
10000000 instrs 
NOTE: Adding new entry to branch table for pc: 0xaaaaab3529d8 | at index: 0
NOTE: Adding new entry to branch table for pc: 0xaaaaab352a7c | at index: 1
NOTE: Adding new entry to branch table for pc: 0xaaaaab339b60 | at index: 2
15000000 instrs 
20000000 instrs 
25000000 instrs 
30000000 instrs 
NOTE: Adding new entry to branch table for pc: 0xaaaaab352bc8 | at index: 3
NOTE: Adding new entry to load table for pc: 0xaaaaab352bc4 | at index: 0
NOTE: Adding new entry to load table for pc: 0xaaaaab35337c | at index: 1
NOTE: Adding new entry to load table for pc: 0xaaaaab339b7c | at index: 2
NOTE: Adding new entry to load table for pc: 0xaaaaab35338c | at index: 3
NOTE: Adding new entry to load table for pc: 0xaaaaab3533a8 | at index: 4
NOTE: Adding new entry to load table for pc: 0xaaaaab3533b8 | at index: 5
NOTE: Adding new entry to load table for pc: 0xaaaaab3533cc | at index: 6
NOTE: Adding new entry to load table for pc: 0xaaaaab3533dc | at index: 7
35000000 instrs 
EOF
WINDOW_SIZE = 1024
FETCH_WIDTH = 16
FETCH_NUM_BRANCH = 16
FETCH_STOP_AT_INDIRECT = 1
FETCH_STOP_AT_TAKEN = 1
FETCH_MODEL_ICACHE = 1
PERFECT_BRANCH_PRED = 0
PERFECT_INDIRECT_PRED = 1
PIPELINE_FILL_LATENCY = 10
NUM_LDST_LANES = 8
NUM_ALU_LANES = 16
MEMORY HIERARCHY CONFIGURATION---------------------
STRIDE Prefetcher = 1
PERFECT_CACHE = 0
WRITE_ALLOCATE = 1
Within-pipeline factors:
	AGEN latency = 1 cycle
	Store Queue (SQ): SQ size = window size, oracle memory disambiguation, store-load forwarding = 1 cycle after store's or load's agen.
	* Note: A store searches the L1$ at commit. The store is released
	* from the SQ and window, whether it hits or misses. Store misses
	* are buffered until the block is allocated and the store is
	* performed in the L1$. While buffered, conflicting loads get
	* the store's data as they would from the SQ.
I$: 128 KB, 8-way set-assoc., 64B block size
L1$: 128 KB, 8-way set-assoc., 64B block size, 3-cycle search latency
L2$: 4 MB, 8-way set-assoc., 64B block size, 12-cycle search latency
L3$: 32 MB, 16-way set-assoc., 128B block size, 50-cycle search latency
Main Memory: 150-cycle fixed search time
---------------------------STORE QUEUE MEASUREMENTS (Full Simulation i.e. Counts Not Reset When Warmup Ends)---------------------------
Number of loads: 15376704
Number of loads that miss in SQ: 14717543 (95.71%)
Number of PFs issued to the memory system 1163854
---------------------------------------------------------------------------------------------------------------------------------------
------------------------MEMORY HIERARCHY MEASUREMENTS (Full Simulation i.e. Counts Not Reset When Warmup Ends)-------------------------
I$:
	accesses   = 40912710
	misses     = 862
	miss ratio = 0.00%
	pf accesses   = 0
	pf misses     = 0
	pf miss ratio = -nan%
L1$:
	accesses   = 16916912
	misses     = 824016
	miss ratio = 4.87%
	pf accesses   = 1163854
	pf misses     = 103865
	pf miss ratio = 8.92%
L2$:
	accesses   = 824878
	misses     = 54863
	miss ratio = 6.65%
	pf accesses   = 103865
	pf misses     = 18087
	pf miss ratio = 17.41%
L3$:
	accesses   = 54863
	misses     = 29376
	miss ratio = 53.54%
	pf accesses   = 18087
	pf misses     = 9977
	pf miss ratio = 55.16%
---------------------------------------------------------------------------------------------------------------------------------------
----------------------------------------------Prefetcher (Full Simulation i.e. No Warmup)----------------------------------------------
Num Trainings :15376704
Num Prefetches generated :1165998
Num Prefetches issued :1445601
Num Prefetches filtered by PF queue :9766
Num untimely prefetches dropped from PF queue :2144
Num prefetches not issued LDST contention :281747
Num prefetches not issued stride 0 :1466032
---------------------------------------------------------------------------------------------------------------------------------------

-------------------------------ILP LIMIT STUDY (Full Simulation i.e. Counts Not Reset When Warmup Ends)--------------------------------
instructions = 39999493
cycles       = 19821162
CycWP        = 6482934
IPC          = 2.0180

---------------------------------------------------------------------------------------------------------------------------------------
Top 10 highest count indices:
Index: 0xAAAAAB3529D8, Count: 4653
Index: 0xAAAAAB351370, Count: 3633
Index: 0xAAAAAB347FC0, Count: 1835
Index: 0xAAAAAB3452C4, Count: 1332
Index: 0xAAAAAB3479E8, Count: 1063
Index: 0xAAAAAB3483AC, Count: 981
Index: 0xAAAAAB352A7C, Count: 825
Index: 0xAAAAAB3452B0, Count: 806
Index: 0xAAAAAB350D70, Count: 802
Index: 0xAAAAAABF0334, Count: 755

-----------------------------------------------BRANCH PREDICTION MEASUREMENTS (Full Simulation i.e. Counts Not Reset When Warmup Ends)----------------------------------------------
Type                   NumBr     MispBr        mr     mpki
CondDirect         11904941      55861   0.4692%   1.3965
JumpDirect           583527          0   0.0000%   0.0000
JumpIndirect           7550          0   0.0000%   0.0000
JumpReturn           293329          0   0.0000%   0.0000
Not control        28123363          0   0.0000%   0.0000
------------------------------------------------------------------------------------------------------------------------------------------------------------------------------------

------------------------------------------------------DIRECT CONDITIONAL BRANCH PREDICTION MEASUREMENTS (Last 10M instructions)-----------------------------------------------------
       Instr       Cycles      IPC      NumBr     MispBr BrPerCyc MispBrPerCyc        MR     MPKI      CycWP   CycWPAvg   CycWPPKI
    10999493      6107551   1.8010    3743607       9217   0.6129       0.0015   0.2462%   0.8379     806239    87.4730    73.2978
------------------------------------------------------------------------------------------------------------------------------------------------------------------------------------

------------------------------------------------------DIRECT CONDITIONAL BRANCH PREDICTION MEASUREMENTS (Last 25M instructions)-----------------------------------------------------
       Instr       Cycles      IPC      NumBr     MispBr BrPerCyc MispBrPerCyc        MR     MPKI      CycWP   CycWPAvg   CycWPPKI
    25999493     12247940   2.1228    8164825      22080   0.6666       0.0018   0.2704%   0.8492    2983695   135.1311   114.7597
-------------------------------------------------------------------------------------------------------------------------------------------------------------------------------------

---------------------------------------------------------DIRECT CONDITIONAL BRANCH PREDICTION MEASUREMENTS (50 Perc instructions)---------------------------------------------------
       Instr       Cycles      IPC      NumBr     MispBr BrPerCyc MispBrPerCyc        MR     MPKI      CycWP   CycWPAvg   CycWPPKI
    20999493      9775287   2.1482    6370198      20594   0.6517       0.0021   0.3233%   0.9807    2273208   110.3821   108.2506
------------------------------------------------------------------------------------------------------------------------------------------------------------------------------------

-------------------------------------DIRECT CONDITIONAL BRANCH PREDICTION MEASUREMENTS (Full Simulation i.e. Counts Not Reset When Warmup Ends)-------------------------------------
       Instr       Cycles      IPC      NumBr     MispBr BrPerCyc MispBrPerCyc        MR     MPKI      CycWP   CycWPAvg   CycWPPKI
    39999493     19821162   2.0180   11904941      55861   0.6006       0.0028   0.4692%   1.3965    6482934   116.0547   162.0754
------------------------------------------------------------------------------------------------------------------------------------------------------------------------------------
 Read 39999493 instrs 

ExecTime = 281.2824385166168
