CMD:./cbp traces/web/web_5_trace.gz
5000000 instrs 
NOTE: Adding new entry to branch table for pc: 0xaaaaab10b624 | at index: 0
NOTE: Adding new entry to branch table for pc: 0xaaaaab3b40b4 | at index: 1
NOTE: Adding new entry to branch table for pc: 0xaaaaab3b40a0 | at index: 2
NOTE: Adding new entry to branch table for pc: 0xaaaaab3b4234 | at index: 3
NOTE: Adding new entry to branch table for pc: 0xaaaaab3b425c | at index: 4
NOTE: Adding new entry to load table for pc: 0xaaaaab3b4264 | at index: 0
NOTE: Adding new entry to load table for pc: 0xaaaaab3b41fc | at index: 1
10000000 instrs 
NOTE: Adding new entry to branch table for pc: 0xaaaaab3b3908 | at index: 5
NOTE: Adding new entry to branch table for pc: 0xaaaaab468ba8 | at index: 6
NOTE: Adding new entry to branch table for pc: 0xaaaaab468aec | at index: 7
NOTE: Adding new entry to branch table for pc: 0xaaaaab468780 | at index: 8
NOTE: Adding new entry to branch table for pc: 0xaaaaab468708 | at index: 9
NOTE: Adding new entry to branch table for pc: 0xaaaaab46bb94 | at index: 10
NOTE: Adding new entry to branch table for pc: 0xaaaaab465ca8 | at index: 11
NOTE: Adding new entry to branch table for pc: 0xaaaaab383388 | at index: 12
NOTE: Adding new entry to branch table for pc: 0xaaaaaabef65c | at index: 13
NOTE: Adding new entry to load table for pc: 0xaaaaaabef658 | at index: 2
NOTE: Adding new entry to branch table for pc: 0xaaaaab3a2ea0 | at index: 14
NOTE: Adding new entry to branch table for pc: 0xaaaaab3182f0 | at index: 15
15000000 instrs 
NOTE: Adding new entry to load table for pc: 0xaaaaab4e8ae4 | at index: 3
20000000 instrs 
25000000 instrs 
30000000 instrs 
35000000 instrs 
EOF
WINDOW_SIZE = 1024
FETCH_WIDTH = 16
FETCH_NUM_BRANCH = 16
FETCH_STOP_AT_INDIRECT = 1
FETCH_STOP_AT_TAKEN = 1
FETCH_MODEL_ICACHE = 1
PERFECT_BRANCH_PRED = 0
PERFECT_INDIRECT_PRED = 1
PIPELINE_FILL_LATENCY = 10
NUM_LDST_LANES = 8
NUM_ALU_LANES = 16
MEMORY HIERARCHY CONFIGURATION---------------------
STRIDE Prefetcher = 1
PERFECT_CACHE = 0
WRITE_ALLOCATE = 1
Within-pipeline factors:
	AGEN latency = 1 cycle
	Store Queue (SQ): SQ size = window size, oracle memory disambiguation, store-load forwarding = 1 cycle after store's or load's agen.
	* Note: A store searches the L1$ at commit. The store is released
	* from the SQ and window, whether it hits or misses. Store misses
	* are buffered until the block is allocated and the store is
	* performed in the L1$. While buffered, conflicting loads get
	* the store's data as they would from the SQ.
I$: 128 KB, 8-way set-assoc., 64B block size
L1$: 128 KB, 8-way set-assoc., 64B block size, 3-cycle search latency
L2$: 4 MB, 8-way set-assoc., 64B block size, 12-cycle search latency
L3$: 32 MB, 16-way set-assoc., 128B block size, 50-cycle search latency
Main Memory: 150-cycle fixed search time
---------------------------STORE QUEUE MEASUREMENTS (Full Simulation i.e. Counts Not Reset When Warmup Ends)---------------------------
Number of loads: 11405820
Number of loads that miss in SQ: 9376557 (82.21%)
Number of PFs issued to the memory system 974272
---------------------------------------------------------------------------------------------------------------------------------------
------------------------MEMORY HIERARCHY MEASUREMENTS (Full Simulation i.e. Counts Not Reset When Warmup Ends)-------------------------
I$:
	accesses   = 44343703
	misses     = 28810
	miss ratio = 0.06%
	pf accesses   = 0
	pf misses     = 0
	pf miss ratio = -nan%
L1$:
	accesses   = 15962930
	misses     = 116863
	miss ratio = 0.73%
	pf accesses   = 974272
	pf misses     = 14428
	pf miss ratio = 1.48%
L2$:
	accesses   = 145673
	misses     = 32274
	miss ratio = 22.16%
	pf accesses   = 14428
	pf misses     = 1640
	pf miss ratio = 11.37%
L3$:
	accesses   = 32274
	misses     = 17976
	miss ratio = 55.70%
	pf accesses   = 1640
	pf misses     = 784
	pf miss ratio = 47.80%
---------------------------------------------------------------------------------------------------------------------------------------
----------------------------------------------Prefetcher (Full Simulation i.e. No Warmup)----------------------------------------------
Num Trainings :11405820
Num Prefetches generated :977240
Num Prefetches issued :1451635
Num Prefetches filtered by PF queue :22581
Num untimely prefetches dropped from PF queue :2968
Num prefetches not issued LDST contention :477363
Num prefetches not issued stride 0 :4040954
---------------------------------------------------------------------------------------------------------------------------------------

-------------------------------ILP LIMIT STUDY (Full Simulation i.e. Counts Not Reset When Warmup Ends)--------------------------------
instructions = 39999694
cycles       = 12542736
CycWP        = 4897929
IPC          = 3.1891

---------------------------------------------------------------------------------------------------------------------------------------
Top 10 highest count indices:
Index: 0xAAAAAB3B425C, Count: 6666
Index: 0xAAAAAB3B3908, Count: 5510
Index: 0xAAAAAB3B38E8, Count: 5272
Index: 0xAAAAAB3B40B4, Count: 3528
Index: 0xAAAAAB3B40A0, Count: 2755
Index: 0xAAAAAB4BD76C, Count: 2211
Index: 0xAAAAAB3B38DC, Count: 2164
Index: 0xAAAAAB4BD7C8, Count: 1796
Index: 0xAAAAAB3B4234, Count: 1340
Index: 0xAAAAAB4BD7A8, Count: 1239

-----------------------------------------------BRANCH PREDICTION MEASUREMENTS (Full Simulation i.e. Counts Not Reset When Warmup Ends)----------------------------------------------
Type                   NumBr     MispBr        mr     mpki
CondDirect          6198022     191625   3.0917%   4.7907
JumpDirect          1406941          0   0.0000%   0.0000
JumpIndirect         236471          0   0.0000%   0.0000
JumpReturn           866875          0   0.0000%   0.0000
Not control        35635394          0   0.0000%   0.0000
------------------------------------------------------------------------------------------------------------------------------------------------------------------------------------

------------------------------------------------------DIRECT CONDITIONAL BRANCH PREDICTION MEASUREMENTS (Last 10M instructions)-----------------------------------------------------
       Instr       Cycles      IPC      NumBr     MispBr BrPerCyc MispBrPerCyc        MR     MPKI      CycWP   CycWPAvg   CycWPPKI
    10999694      3045510   3.6118    1729840      46982   0.5680       0.0154   2.7160%   4.2712    1091366    23.2294    99.2179
------------------------------------------------------------------------------------------------------------------------------------------------------------------------------------

------------------------------------------------------DIRECT CONDITIONAL BRANCH PREDICTION MEASUREMENTS (Last 25M instructions)-----------------------------------------------------
       Instr       Cycles      IPC      NumBr     MispBr BrPerCyc MispBrPerCyc        MR     MPKI      CycWP   CycWPAvg   CycWPPKI
    25999694      8497575   3.0597    4057851     150764   0.4775       0.0177   3.7154%   5.7987    3799227    25.1998   146.1258
-------------------------------------------------------------------------------------------------------------------------------------------------------------------------------------

---------------------------------------------------------DIRECT CONDITIONAL BRANCH PREDICTION MEASUREMENTS (50 Perc instructions)---------------------------------------------------
       Instr       Cycles      IPC      NumBr     MispBr BrPerCyc MispBrPerCyc        MR     MPKI      CycWP   CycWPAvg   CycWPPKI
    20999694      6569010   3.1968    3330435     115802   0.5070       0.0176   3.4771%   5.5145    2863239    24.7253   136.3467
------------------------------------------------------------------------------------------------------------------------------------------------------------------------------------

-------------------------------------DIRECT CONDITIONAL BRANCH PREDICTION MEASUREMENTS (Full Simulation i.e. Counts Not Reset When Warmup Ends)-------------------------------------
       Instr       Cycles      IPC      NumBr     MispBr BrPerCyc MispBrPerCyc        MR     MPKI      CycWP   CycWPAvg   CycWPPKI
    39999694     12542736   3.1891    6198022     191625   0.4942       0.0153   3.0917%   4.7907    4897929    25.5600   122.4492
------------------------------------------------------------------------------------------------------------------------------------------------------------------------------------
 Read 39999694 instrs 

ExecTime = 199.52727723121643
