CMD:./cbp traces/web/web_15_trace.gz
NOTE: Adding new entry to branch table for pc: 0xaaaab20fa254 | at index: 0
NOTE: Adding new entry to branch table for pc: 0xaaaab19be104 | at index: 1
NOTE: Adding new entry to branch table for pc: 0xaaaab19bdf3c | at index: 2
NOTE: Adding new entry to branch table for pc: 0xaaaab1b17cec | at index: 3
NOTE: Adding new entry to load table for pc: 0xaaaab1b17ce8 | at index: 0
NOTE: Adding new entry to branch table for pc: 0xaaaab2145f2c | at index: 4
NOTE: Adding new entry to load table for pc: 0xaaaab2145f28 | at index: 1
NOTE: Adding new entry to branch table for pc: 0xaaaab214619c | at index: 5
NOTE: Adding new entry to branch table for pc: 0xaaaab216a608 | at index: 6
NOTE: Adding new entry to branch table for pc: 0xaaaab2149728 | at index: 7
NOTE: Adding new entry to branch table for pc: 0xaaaab21496c4 | at index: 8
NOTE: Adding new entry to load table for pc: 0xaaaab2149724 | at index: 2
NOTE: Adding new entry to load table for pc: 0xaaaab21496bc | at index: 3
NOTE: Adding new entry to branch table for pc: 0xaaaab214990c | at index: 9
NOTE: Adding new entry to load table for pc: 0xaaaab2149908 | at index: 4
NOTE: Adding new entry to branch table for pc: 0xaaaab2144d3c | at index: 10
NOTE: Adding new entry to branch table for pc: 0xaaaab2ab5cb0 | at index: 11
5000000 instrs 
NOTE: Adding new entry to branch table for pc: 0xaaaab2d3bb90 | at index: 12
NOTE: Adding new entry to load table for pc: 0xaaaab2d3bb8c | at index: 5
10000000 instrs 
NOTE: Adding new entry to load table for pc: 0xaaaab2ab5cac | at index: 6
EOF
WINDOW_SIZE = 1024
FETCH_WIDTH = 16
FETCH_NUM_BRANCH = 16
FETCH_STOP_AT_INDIRECT = 1
FETCH_STOP_AT_TAKEN = 1
FETCH_MODEL_ICACHE = 1
PERFECT_BRANCH_PRED = 0
PERFECT_INDIRECT_PRED = 1
PIPELINE_FILL_LATENCY = 10
NUM_LDST_LANES = 8
NUM_ALU_LANES = 16
MEMORY HIERARCHY CONFIGURATION---------------------
STRIDE Prefetcher = 1
PERFECT_CACHE = 0
WRITE_ALLOCATE = 1
Within-pipeline factors:
	AGEN latency = 1 cycle
	Store Queue (SQ): SQ size = window size, oracle memory disambiguation, store-load forwarding = 1 cycle after store's or load's agen.
	* Note: A store searches the L1$ at commit. The store is released
	* from the SQ and window, whether it hits or misses. Store misses
	* are buffered until the block is allocated and the store is
	* performed in the L1$. While buffered, conflicting loads get
	* the store's data as they would from the SQ.
I$: 128 KB, 8-way set-assoc., 64B block size
L1$: 128 KB, 8-way set-assoc., 64B block size, 3-cycle search latency
L2$: 4 MB, 8-way set-assoc., 64B block size, 12-cycle search latency
L3$: 32 MB, 16-way set-assoc., 128B block size, 50-cycle search latency
Main Memory: 150-cycle fixed search time
---------------------------STORE QUEUE MEASUREMENTS (Full Simulation i.e. Counts Not Reset When Warmup Ends)---------------------------
Number of loads: 4154910
Number of loads that miss in SQ: 3450815 (83.05%)
Number of PFs issued to the memory system 234816
---------------------------------------------------------------------------------------------------------------------------------------
------------------------MEMORY HIERARCHY MEASUREMENTS (Full Simulation i.e. Counts Not Reset When Warmup Ends)-------------------------
I$:
	accesses   = 16436949
	misses     = 80352
	miss ratio = 0.49%
	pf accesses   = 0
	pf misses     = 0
	pf miss ratio = -nan%
L1$:
	accesses   = 6166859
	misses     = 70834
	miss ratio = 1.15%
	pf accesses   = 234816
	pf misses     = 13257
	pf miss ratio = 5.65%
L2$:
	accesses   = 151186
	misses     = 52713
	miss ratio = 34.87%
	pf accesses   = 13257
	pf misses     = 5542
	pf miss ratio = 41.80%
L3$:
	accesses   = 52713
	misses     = 29547
	miss ratio = 56.05%
	pf accesses   = 5542
	pf misses     = 3095
	pf miss ratio = 55.85%
---------------------------------------------------------------------------------------------------------------------------------------
----------------------------------------------Prefetcher (Full Simulation i.e. No Warmup)----------------------------------------------
Num Trainings :4154910
Num Prefetches generated :237618
Num Prefetches issued :558835
Num Prefetches filtered by PF queue :15650
Num untimely prefetches dropped from PF queue :2802
Num prefetches not issued LDST contention :324019
Num prefetches not issued stride 0 :1089220
---------------------------------------------------------------------------------------------------------------------------------------

-------------------------------ILP LIMIT STUDY (Full Simulation i.e. Counts Not Reset When Warmup Ends)--------------------------------
instructions = 14999858
cycles       = 8167647
CycWP        = 2599956
IPC          = 1.8365

---------------------------------------------------------------------------------------------------------------------------------------
Top 10 highest count indices:
Index: 0xAAAAB1A14CF4, Count: 624
Index: 0xAAAAB17DC5F0, Count: 456
Index: 0xAAAAB1DEEEE8, Count: 361
Index: 0xAAAAB1A14974, Count: 347
Index: 0xAAAAB1A1D14C, Count: 286
Index: 0xAAAAB17DC53C, Count: 282
Index: 0xAAAAB17DC5F8, Count: 265
Index: 0xAAAAB2AB6540, Count: 258
Index: 0xAAAAB216A608, Count: 253
Index: 0xAAAAB2AB6234, Count: 251

-----------------------------------------------BRANCH PREDICTION MEASUREMENTS (Full Simulation i.e. Counts Not Reset When Warmup Ends)----------------------------------------------
Type                   NumBr     MispBr        mr     mpki
CondDirect          2411251      91438   3.7921%   6.0959
JumpDirect           291746          0   0.0000%   0.0000
JumpIndirect         102563          0   0.0000%   0.0000
JumpReturn           146373          0   0.0000%   0.0000
Not control        13485016          0   0.0000%   0.0000
------------------------------------------------------------------------------------------------------------------------------------------------------------------------------------

------------------------------------------------------DIRECT CONDITIONAL BRANCH PREDICTION MEASUREMENTS (Last 10M instructions)-----------------------------------------------------
       Instr       Cycles      IPC      NumBr     MispBr BrPerCyc MispBrPerCyc        MR     MPKI      CycWP   CycWPAvg   CycWPPKI
    10999858      5295103   2.0774    1712337      59121   0.3234       0.0112   3.4526%   5.3747    1571230    26.5765   142.8409
------------------------------------------------------------------------------------------------------------------------------------------------------------------------------------

------------------------------------------------------DIRECT CONDITIONAL BRANCH PREDICTION MEASUREMENTS (Last 25M instructions)-----------------------------------------------------
       Instr       Cycles      IPC      NumBr     MispBr BrPerCyc MispBrPerCyc        MR     MPKI      CycWP   CycWPAvg   CycWPPKI
    14999858      8167647   1.8365    2411251      91438   0.2952       0.0112   3.7921%   6.0959    2599956    28.4341   173.3320
-------------------------------------------------------------------------------------------------------------------------------------------------------------------------------------

---------------------------------------------------------DIRECT CONDITIONAL BRANCH PREDICTION MEASUREMENTS (50 Perc instructions)---------------------------------------------------
       Instr       Cycles      IPC      NumBr     MispBr BrPerCyc MispBrPerCyc        MR     MPKI      CycWP   CycWPAvg   CycWPPKI
     7999858      3406770   2.3482    1229867      43901   0.3610       0.0129   3.5696%   5.4877    1097074    24.9897   137.1367
------------------------------------------------------------------------------------------------------------------------------------------------------------------------------------

-------------------------------------DIRECT CONDITIONAL BRANCH PREDICTION MEASUREMENTS (Full Simulation i.e. Counts Not Reset When Warmup Ends)-------------------------------------
       Instr       Cycles      IPC      NumBr     MispBr BrPerCyc MispBrPerCyc        MR     MPKI      CycWP   CycWPAvg   CycWPPKI
    14999858      8167647   1.8365    2411251      91438   0.2952       0.0112   3.7921%   6.0959    2599956    28.4341   173.3320
------------------------------------------------------------------------------------------------------------------------------------------------------------------------------------
 Read 14999858 instrs 

ExecTime = 76.22756910324097
