CMD:./cbp traces/web/web_1_trace.gz
5000000 instrs 
NOTE: Adding new entry to branch table for pc: 0xaaaaaaf73038 | at index: 0
NOTE: Adding new entry to branch table for pc: 0xaaaaaaf732b4 | at index: 1
NOTE: Adding new entry to branch table for pc: 0xffff00000818351c | at index: 2
NOTE: Adding new entry to branch table for pc: 0xaaaaaad50ee8 | at index: 3
NOTE: Adding new entry to branch table for pc: 0xaaaaaad51040 | at index: 4
10000000 instrs 
15000000 instrs 
NOTE: Adding new entry to branch table for pc: 0xaaaaaaf8407c | at index: 5
NOTE: Adding new entry to branch table for pc: 0xaaaaaabe86a4 | at index: 6
NOTE: Adding new entry to load table for pc: 0xaaaaaabe86a0 | at index: 0
NOTE: Adding new entry to branch table for pc: 0xaaaaaabfb99c | at index: 7
NOTE: Adding new entry to branch table for pc: 0xaaaaaabfb98c | at index: 8
NOTE: Adding new entry to load table for pc: 0xaaaaaabfb984 | at index: 1
NOTE: Adding new entry to branch table for pc: 0xaaaaaabfb974 | at index: 9
NOTE: Adding new entry to load table for pc: 0xaaaaaabfb96c | at index: 2
NOTE: Adding new entry to branch table for pc: 0xaaaaaabe86cc | at index: 10
NOTE: Adding new entry to load table for pc: 0xaaaaaabe86c4 | at index: 3
20000000 instrs 
NOTE: Adding new entry to branch table for pc: 0xaaaaaabef430 | at index: 11
NOTE: Adding new entry to load table for pc: 0xaaaaaabef428 | at index: 4
NOTE: Adding new entry to branch table for pc: 0xaaaaaabe86f4 | at index: 12
NOTE: Adding new entry to load table for pc: 0xaaaaaabe86ec | at index: 5
25000000 instrs 
30000000 instrs 
NOTE: Adding new entry to branch table for pc: 0xaaaaaabef408 | at index: 13
NOTE: Adding new entry to load table for pc: 0xaaaaaabef400 | at index: 6
NOTE: Adding new entry to branch table for pc: 0xaaaaaabf8ce8 | at index: 14
NOTE: Adding new entry to branch table for pc: 0xaaaaaabf8cb0 | at index: 15
NOTE: Adding new entry to load table for pc: 0xaaaaaabf8cac | at index: 7
35000000 instrs 
EOF
WINDOW_SIZE = 1024
FETCH_WIDTH = 16
FETCH_NUM_BRANCH = 16
FETCH_STOP_AT_INDIRECT = 1
FETCH_STOP_AT_TAKEN = 1
FETCH_MODEL_ICACHE = 1
PERFECT_BRANCH_PRED = 0
PERFECT_INDIRECT_PRED = 1
PIPELINE_FILL_LATENCY = 10
NUM_LDST_LANES = 8
NUM_ALU_LANES = 16
MEMORY HIERARCHY CONFIGURATION---------------------
STRIDE Prefetcher = 1
PERFECT_CACHE = 0
WRITE_ALLOCATE = 1
Within-pipeline factors:
	AGEN latency = 1 cycle
	Store Queue (SQ): SQ size = window size, oracle memory disambiguation, store-load forwarding = 1 cycle after store's or load's agen.
	* Note: A store searches the L1$ at commit. The store is released
	* from the SQ and window, whether it hits or misses. Store misses
	* are buffered until the block is allocated and the store is
	* performed in the L1$. While buffered, conflicting loads get
	* the store's data as they would from the SQ.
I$: 128 KB, 8-way set-assoc., 64B block size
L1$: 128 KB, 8-way set-assoc., 64B block size, 3-cycle search latency
L2$: 4 MB, 8-way set-assoc., 64B block size, 12-cycle search latency
L3$: 32 MB, 16-way set-assoc., 128B block size, 50-cycle search latency
Main Memory: 150-cycle fixed search time
---------------------------STORE QUEUE MEASUREMENTS (Full Simulation i.e. Counts Not Reset When Warmup Ends)---------------------------
Number of loads: 12426406
Number of loads that miss in SQ: 9551445 (76.86%)
Number of PFs issued to the memory system 1358293
---------------------------------------------------------------------------------------------------------------------------------------
------------------------MEMORY HIERARCHY MEASUREMENTS (Full Simulation i.e. Counts Not Reset When Warmup Ends)-------------------------
I$:
	accesses   = 45698248
	misses     = 42286
	miss ratio = 0.09%
	pf accesses   = 0
	pf misses     = 0
	pf miss ratio = -nan%
L1$:
	accesses   = 19047869
	misses     = 120862
	miss ratio = 0.63%
	pf accesses   = 1358293
	pf misses     = 21897
	pf miss ratio = 1.61%
L2$:
	accesses   = 163148
	misses     = 66359
	miss ratio = 40.67%
	pf accesses   = 21897
	pf misses     = 9064
	pf miss ratio = 41.39%
L3$:
	accesses   = 66359
	misses     = 34505
	miss ratio = 52.00%
	pf accesses   = 9064
	pf misses     = 4592
	pf miss ratio = 50.66%
---------------------------------------------------------------------------------------------------------------------------------------
----------------------------------------------Prefetcher (Full Simulation i.e. No Warmup)----------------------------------------------
Num Trainings :12426406
Num Prefetches generated :1362900
Num Prefetches issued :2529866
Num Prefetches filtered by PF queue :76727
Num untimely prefetches dropped from PF queue :4607
Num prefetches not issued LDST contention :1171573
Num prefetches not issued stride 0 :3432531
---------------------------------------------------------------------------------------------------------------------------------------

-------------------------------ILP LIMIT STUDY (Full Simulation i.e. Counts Not Reset When Warmup Ends)--------------------------------
instructions = 39999048
cycles       = 12321079
CycWP        = 4802649
IPC          = 3.2464

---------------------------------------------------------------------------------------------------------------------------------------
Top 10 highest count indices:
Index: 0xAAAAAAFE2A84, Count: 11178
Index: 0xAAAAAAF8407C, Count: 5411
Index: 0xAAAAAABE8B14, Count: 4950
Index: 0xAAAAAABFB974, Count: 4446
Index: 0xAAAAAABE88B4, Count: 3771
Index: 0xAAAAAABFB99C, Count: 2779
Index: 0xAAAAAABFB98C, Count: 2606
Index: 0xAAAAAAFE2ADC, Count: 2239
Index: 0xAAAAAAFE2CB0, Count: 2165
Index: 0xAAAAAAFE2B30, Count: 1517

-----------------------------------------------BRANCH PREDICTION MEASUREMENTS (Full Simulation i.e. Counts Not Reset When Warmup Ends)----------------------------------------------
Type                   NumBr     MispBr        mr     mpki
CondDirect          5515292     146553   2.6572%   3.6639
JumpDirect          1213794          0   0.0000%   0.0000
JumpIndirect         150715          0   0.0000%   0.0000
JumpReturn           704119          0   0.0000%   0.0000
Not control        38114328          0   0.0000%   0.0000
------------------------------------------------------------------------------------------------------------------------------------------------------------------------------------

------------------------------------------------------DIRECT CONDITIONAL BRANCH PREDICTION MEASUREMENTS (Last 10M instructions)-----------------------------------------------------
       Instr       Cycles      IPC      NumBr     MispBr BrPerCyc MispBrPerCyc        MR     MPKI      CycWP   CycWPAvg   CycWPPKI
    10999048      3179290   3.4596    1561465      49603   0.4911       0.0156   3.1767%   4.5098    1399471    28.2134   127.2356
------------------------------------------------------------------------------------------------------------------------------------------------------------------------------------

------------------------------------------------------DIRECT CONDITIONAL BRANCH PREDICTION MEASUREMENTS (Last 25M instructions)-----------------------------------------------------
       Instr       Cycles      IPC      NumBr     MispBr BrPerCyc MispBrPerCyc        MR     MPKI      CycWP   CycWPAvg   CycWPPKI
    25999048      6879762   3.7791    3750627     102079   0.5452       0.0148   2.7217%   3.9263    2909484    28.5023   111.9073
-------------------------------------------------------------------------------------------------------------------------------------------------------------------------------------

---------------------------------------------------------DIRECT CONDITIONAL BRANCH PREDICTION MEASUREMENTS (50 Perc instructions)---------------------------------------------------
       Instr       Cycles      IPC      NumBr     MispBr BrPerCyc MispBrPerCyc        MR     MPKI      CycWP   CycWPAvg   CycWPPKI
    20999048      5198058   4.0398    2909408      80734   0.5597       0.0155   2.7749%   3.8447    2177591    26.9724   103.6995
------------------------------------------------------------------------------------------------------------------------------------------------------------------------------------

-------------------------------------DIRECT CONDITIONAL BRANCH PREDICTION MEASUREMENTS (Full Simulation i.e. Counts Not Reset When Warmup Ends)-------------------------------------
       Instr       Cycles      IPC      NumBr     MispBr BrPerCyc MispBrPerCyc        MR     MPKI      CycWP   CycWPAvg   CycWPPKI
    39999048     12321079   3.2464    5515292     146553   0.4476       0.0119   2.6572%   3.6639    4802649    32.7707   120.0691
------------------------------------------------------------------------------------------------------------------------------------------------------------------------------------
 Read 39999048 instrs 

ExecTime = 215.75557732582092
