CMD:./cbp traces/web/web_19_trace.gz
NOTE: Adding new entry to branch table for pc: 0xaaaaae2b0c50 | at index: 0
NOTE: Adding new entry to branch table for pc: 0xaaaaae2b6f38 | at index: 1
NOTE: Adding new entry to branch table for pc: 0xaaaaae2b0ddc | at index: 2
NOTE: Adding new entry to load table for pc: 0xaaaaae2b0dd8 | at index: 0
NOTE: Adding new entry to branch table for pc: 0xaaaaae2b4948 | at index: 3
NOTE: Adding new entry to branch table for pc: 0xaaaaae2bb5d4 | at index: 4
NOTE: Adding new entry to branch table for pc: 0xaaaab2dd4d1c | at index: 5
NOTE: Adding new entry to load table for pc: 0xaaaab2dd4d18 | at index: 1
5000000 instrs 
NOTE: Adding new entry to branch table for pc: 0xaaaab27425a0 | at index: 6
NOTE: Adding new entry to branch table for pc: 0xaaaab2742554 | at index: 7
NOTE: Adding new entry to branch table for pc: 0xaaaab2742500 | at index: 8
NOTE: Adding new entry to branch table for pc: 0xaaaab2742504 | at index: 9
NOTE: Adding new entry to load table for pc: 0xaaaab27424f8 | at index: 2
NOTE: Adding new entry to branch table for pc: 0xaaaab1c7f81c | at index: 10
NOTE: Adding new entry to branch table for pc: 0xaaaab1c7f788 | at index: 11
NOTE: Adding new entry to branch table for pc: 0xaaaab1ea4f38 | at index: 12
NOTE: Adding new entry to branch table for pc: 0xaaaab1ea4e04 | at index: 13
NOTE: Adding new entry to branch table for pc: 0xaaaab20f20e4 | at index: 14
NOTE: Adding new entry to load table for pc: 0xaaaab20f20e0 | at index: 3
NOTE: Adding new entry to branch table for pc: 0xaaaab2317578 | at index: 15
NOTE: Adding new entry to load table for pc: 0xaaaab2317574 | at index: 4
NOTE: Adding new entry to load table for pc: 0xaaaab26e4f34 | at index: 5
10000000 instrs 
NOTE: Adding new entry to load table for pc: 0xaaaab1d424fc | at index: 6
NOTE: Adding new entry to load table for pc: 0xaaaab1b424f0 | at index: 7
15000000 instrs 
EOF
WINDOW_SIZE = 1024
FETCH_WIDTH = 16
FETCH_NUM_BRANCH = 16
FETCH_STOP_AT_INDIRECT = 1
FETCH_STOP_AT_TAKEN = 1
FETCH_MODEL_ICACHE = 1
PERFECT_BRANCH_PRED = 0
PERFECT_INDIRECT_PRED = 1
PIPELINE_FILL_LATENCY = 10
NUM_LDST_LANES = 8
NUM_ALU_LANES = 16
MEMORY HIERARCHY CONFIGURATION---------------------
STRIDE Prefetcher = 1
PERFECT_CACHE = 0
WRITE_ALLOCATE = 1
Within-pipeline factors:
	AGEN latency = 1 cycle
	Store Queue (SQ): SQ size = window size, oracle memory disambiguation, store-load forwarding = 1 cycle after store's or load's agen.
	* Note: A store searches the L1$ at commit. The store is released
	* from the SQ and window, whether it hits or misses. Store misses
	* are buffered until the block is allocated and the store is
	* performed in the L1$. While buffered, conflicting loads get
	* the store's data as they would from the SQ.
I$: 128 KB, 8-way set-assoc., 64B block size
L1$: 128 KB, 8-way set-assoc., 64B block size, 3-cycle search latency
L2$: 4 MB, 8-way set-assoc., 64B block size, 12-cycle search latency
L3$: 32 MB, 16-way set-assoc., 128B block size, 50-cycle search latency
Main Memory: 150-cycle fixed search time
---------------------------STORE QUEUE MEASUREMENTS (Full Simulation i.e. Counts Not Reset When Warmup Ends)---------------------------
Number of loads: 4198118
Number of loads that miss in SQ: 3419997 (81.47%)
Number of PFs issued to the memory system 303704
---------------------------------------------------------------------------------------------------------------------------------------
------------------------MEMORY HIERARCHY MEASUREMENTS (Full Simulation i.e. Counts Not Reset When Warmup Ends)-------------------------
I$:
	accesses   = 16653833
	misses     = 85591
	miss ratio = 0.51%
	pf accesses   = 0
	pf misses     = 0
	pf miss ratio = -nan%
L1$:
	accesses   = 6084931
	misses     = 80915
	miss ratio = 1.33%
	pf accesses   = 303704
	pf misses     = 10427
	pf miss ratio = 3.43%
L2$:
	accesses   = 166506
	misses     = 67897
	miss ratio = 40.78%
	pf accesses   = 10427
	pf misses     = 6417
	pf miss ratio = 61.54%
L3$:
	accesses   = 67897
	misses     = 39279
	miss ratio = 57.85%
	pf accesses   = 6417
	pf misses     = 3292
	pf miss ratio = 51.30%
---------------------------------------------------------------------------------------------------------------------------------------
----------------------------------------------Prefetcher (Full Simulation i.e. No Warmup)----------------------------------------------
Num Trainings :4198118
Num Prefetches generated :305509
Num Prefetches issued :698430
Num Prefetches filtered by PF queue :16235
Num untimely prefetches dropped from PF queue :1805
Num prefetches not issued LDST contention :394726
Num prefetches not issued stride 0 :1319287
---------------------------------------------------------------------------------------------------------------------------------------

-------------------------------ILP LIMIT STUDY (Full Simulation i.e. Counts Not Reset When Warmup Ends)--------------------------------
instructions = 15000016
cycles       = 9714760
CycWP        = 2658285
IPC          = 1.5440

---------------------------------------------------------------------------------------------------------------------------------------
Top 10 highest count indices:
Index: 0xAAAAB17FAE14, Count: 1190
Index: 0xAAAAAE2B0DDC, Count: 842
Index: 0xAAAAB17FAE24, Count: 840
Index: 0xAAAAAE2B6F38, Count: 660
Index: 0xAAAAAE2B0C50, Count: 537
Index: 0xAAAAAE2B7104, Count: 380
Index: 0xAAAAACECA0B4, Count: 293
Index: 0xAAAAAE2B0C3C, Count: 275
Index: 0xAAAAB1A88E88, Count: 268
Index: 0xAAAAB1A88E9C, Count: 266

-----------------------------------------------BRANCH PREDICTION MEASUREMENTS (Full Simulation i.e. Counts Not Reset When Warmup Ends)----------------------------------------------
Type                   NumBr     MispBr        mr     mpki
CondDirect          2562002      90495   3.5322%   6.0330
JumpDirect           354292          0   0.0000%   0.0000
JumpIndirect          96038          0   0.0000%   0.0000
JumpReturn           193495          0   0.0000%   0.0000
Not control        13448006          0   0.0000%   0.0000
------------------------------------------------------------------------------------------------------------------------------------------------------------------------------------

------------------------------------------------------DIRECT CONDITIONAL BRANCH PREDICTION MEASUREMENTS (Last 10M instructions)-----------------------------------------------------
       Instr       Cycles      IPC      NumBr     MispBr BrPerCyc MispBrPerCyc        MR     MPKI      CycWP   CycWPAvg   CycWPPKI
    10000016      6641320   1.5057    1714065      74068   0.2581       0.0112   4.3212%   7.4068    1908183    25.7626   190.8180
------------------------------------------------------------------------------------------------------------------------------------------------------------------------------------

------------------------------------------------------DIRECT CONDITIONAL BRANCH PREDICTION MEASUREMENTS (Last 25M instructions)-----------------------------------------------------
       Instr       Cycles      IPC      NumBr     MispBr BrPerCyc MispBrPerCyc        MR     MPKI      CycWP   CycWPAvg   CycWPPKI
    15000016      9714760   1.5440    2562002      90495   0.2637       0.0093   3.5322%   6.0330    2658285    29.3749   177.2188
-------------------------------------------------------------------------------------------------------------------------------------------------------------------------------------

---------------------------------------------------------DIRECT CONDITIONAL BRANCH PREDICTION MEASUREMENTS (50 Perc instructions)---------------------------------------------------
       Instr       Cycles      IPC      NumBr     MispBr BrPerCyc MispBrPerCyc        MR     MPKI      CycWP   CycWPAvg   CycWPPKI
     8000016      4474300   1.7880    1380363      60029   0.3085       0.0134   4.3488%   7.5036    1390745    23.1679   173.8428
------------------------------------------------------------------------------------------------------------------------------------------------------------------------------------

-------------------------------------DIRECT CONDITIONAL BRANCH PREDICTION MEASUREMENTS (Full Simulation i.e. Counts Not Reset When Warmup Ends)-------------------------------------
       Instr       Cycles      IPC      NumBr     MispBr BrPerCyc MispBrPerCyc        MR     MPKI      CycWP   CycWPAvg   CycWPPKI
    15000016      9714760   1.5440    2562002      90495   0.2637       0.0093   3.5322%   6.0330    2658285    29.3749   177.2188
------------------------------------------------------------------------------------------------------------------------------------------------------------------------------------
 Read 15000016 instrs 

ExecTime = 75.96677327156067
