CMD:./cbp traces/web/web_25_trace.gz
NOTE: Adding new entry to branch table for pc: 0xaaaab19bdf3c | at index: 0
NOTE: Adding new entry to branch table for pc: 0xaaaab19be104 | at index: 1
5000000 instrs 
NOTE: Adding new entry to branch table for pc: 0xaaaab1d2cbb8 | at index: 2
NOTE: Adding new entry to branch table for pc: 0xaaaab1d2cb8c | at index: 3
NOTE: Adding new entry to branch table for pc: 0xaaaab27425a0 | at index: 4
NOTE: Adding new entry to branch table for pc: 0xaaaab2742554 | at index: 5
NOTE: Adding new entry to branch table for pc: 0xaaaab2742500 | at index: 6
NOTE: Adding new entry to branch table for pc: 0xaaaab2742504 | at index: 7
NOTE: Adding new entry to load table for pc: 0xaaaab27424f8 | at index: 0
NOTE: Adding new entry to branch table for pc: 0xaaaab27424e8 | at index: 8
NOTE: Adding new entry to load table for pc: 0xaaaab27424d0 | at index: 1
NOTE: Adding new entry to branch table for pc: 0xaaaab1c7f81c | at index: 9
NOTE: Adding new entry to branch table for pc: 0xaaaab1c7f788 | at index: 10
NOTE: Adding new entry to branch table for pc: 0xaaaab20f20e4 | at index: 11
NOTE: Adding new entry to load table for pc: 0xaaaab20f20e0 | at index: 2
NOTE: Adding new entry to branch table for pc: 0xaaaab1d25d08 | at index: 12
NOTE: Adding new entry to branch table for pc: 0xaaaab28321f0 | at index: 13
NOTE: Adding new entry to branch table for pc: 0xaaaab2832190 | at index: 14
NOTE: Adding new entry to branch table for pc: 0xaaaab28321a8 | at index: 15
NOTE: Adding new entry to load table for pc: 0xaaaab283219c | at index: 3
10000000 instrs 
EOF
WINDOW_SIZE = 1024
FETCH_WIDTH = 16
FETCH_NUM_BRANCH = 16
FETCH_STOP_AT_INDIRECT = 1
FETCH_STOP_AT_TAKEN = 1
FETCH_MODEL_ICACHE = 1
PERFECT_BRANCH_PRED = 0
PERFECT_INDIRECT_PRED = 1
PIPELINE_FILL_LATENCY = 10
NUM_LDST_LANES = 8
NUM_ALU_LANES = 16
MEMORY HIERARCHY CONFIGURATION---------------------
STRIDE Prefetcher = 1
PERFECT_CACHE = 0
WRITE_ALLOCATE = 1
Within-pipeline factors:
	AGEN latency = 1 cycle
	Store Queue (SQ): SQ size = window size, oracle memory disambiguation, store-load forwarding = 1 cycle after store's or load's agen.
	* Note: A store searches the L1$ at commit. The store is released
	* from the SQ and window, whether it hits or misses. Store misses
	* are buffered until the block is allocated and the store is
	* performed in the L1$. While buffered, conflicting loads get
	* the store's data as they would from the SQ.
I$: 128 KB, 8-way set-assoc., 64B block size
L1$: 128 KB, 8-way set-assoc., 64B block size, 3-cycle search latency
L2$: 4 MB, 8-way set-assoc., 64B block size, 12-cycle search latency
L3$: 32 MB, 16-way set-assoc., 128B block size, 50-cycle search latency
Main Memory: 150-cycle fixed search time
---------------------------STORE QUEUE MEASUREMENTS (Full Simulation i.e. Counts Not Reset When Warmup Ends)---------------------------
Number of loads: 4415777
Number of loads that miss in SQ: 3487895 (78.99%)
Number of PFs issued to the memory system 213477
---------------------------------------------------------------------------------------------------------------------------------------
------------------------MEMORY HIERARCHY MEASUREMENTS (Full Simulation i.e. Counts Not Reset When Warmup Ends)-------------------------
I$:
	accesses   = 16640979
	misses     = 62955
	miss ratio = 0.38%
	pf accesses   = 0
	pf misses     = 0
	pf miss ratio = -nan%
L1$:
	accesses   = 6143019
	misses     = 121329
	miss ratio = 1.98%
	pf accesses   = 213477
	pf misses     = 5093
	pf miss ratio = 2.39%
L2$:
	accesses   = 184284
	misses     = 39225
	miss ratio = 21.29%
	pf accesses   = 5093
	pf misses     = 399
	pf miss ratio = 7.83%
L3$:
	accesses   = 39225
	misses     = 22065
	miss ratio = 56.25%
	pf accesses   = 399
	pf misses     = 204
	pf miss ratio = 51.13%
---------------------------------------------------------------------------------------------------------------------------------------
----------------------------------------------Prefetcher (Full Simulation i.e. No Warmup)----------------------------------------------
Num Trainings :4415777
Num Prefetches generated :215495
Num Prefetches issued :689430
Num Prefetches filtered by PF queue :12345
Num untimely prefetches dropped from PF queue :2018
Num prefetches not issued LDST contention :475953
Num prefetches not issued stride 0 :1145425
---------------------------------------------------------------------------------------------------------------------------------------

-------------------------------ILP LIMIT STUDY (Full Simulation i.e. Counts Not Reset When Warmup Ends)--------------------------------
instructions = 14999989
cycles       = 7413619
CycWP        = 3178541
IPC          = 2.0233

---------------------------------------------------------------------------------------------------------------------------------------
Top 10 highest count indices:
Index: 0xAAAAB17FAE14, Count: 7504
Index: 0xAAAAB17FAE24, Count: 4205
Index: 0xAAAAB27425A0, Count: 2049
Index: 0xAAAAB2742504, Count: 1927
Index: 0xAAAAB1C7F81C, Count: 1779
Index: 0xAAAAB2742554, Count: 1629
Index: 0xAAAAB1C7F788, Count: 1414
Index: 0xAAAAB17FB0BC, Count: 1170
Index: 0xAAAAB1D2DD24, Count: 1101
Index: 0xAAAAB17FAE60, Count: 1095

-----------------------------------------------BRANCH PREDICTION MEASUREMENTS (Full Simulation i.e. Counts Not Reset When Warmup Ends)----------------------------------------------
Type                   NumBr     MispBr        mr     mpki
CondDirect          2548670      95295   3.7390%   6.3530
JumpDirect           181682          0   0.0000%   0.0000
JumpIndirect          98902          0   0.0000%   0.0000
JumpReturn           139852          0   0.0000%   0.0000
Not control        13671873          0   0.0000%   0.0000
------------------------------------------------------------------------------------------------------------------------------------------------------------------------------------

------------------------------------------------------DIRECT CONDITIONAL BRANCH PREDICTION MEASUREMENTS (Last 10M instructions)-----------------------------------------------------
       Instr       Cycles      IPC      NumBr     MispBr BrPerCyc MispBrPerCyc        MR     MPKI      CycWP   CycWPAvg   CycWPPKI
    10999989      4210540   2.6125    1870860      74773   0.4443       0.0178   3.9967%   6.7976    2418778    32.3483   219.8891
------------------------------------------------------------------------------------------------------------------------------------------------------------------------------------

------------------------------------------------------DIRECT CONDITIONAL BRANCH PREDICTION MEASUREMENTS (Last 25M instructions)-----------------------------------------------------
       Instr       Cycles      IPC      NumBr     MispBr BrPerCyc MispBrPerCyc        MR     MPKI      CycWP   CycWPAvg   CycWPPKI
    14999989      7413619   2.0233    2548670      95295   0.3438       0.0129   3.7390%   6.3530    3178541    33.3548   211.9029
-------------------------------------------------------------------------------------------------------------------------------------------------------------------------------------

---------------------------------------------------------DIRECT CONDITIONAL BRANCH PREDICTION MEASUREMENTS (50 Perc instructions)---------------------------------------------------
       Instr       Cycles      IPC      NumBr     MispBr BrPerCyc MispBrPerCyc        MR     MPKI      CycWP   CycWPAvg   CycWPPKI
     7999989      3031783   2.6387    1342253      55285   0.4427       0.0182   4.1188%   6.9106    1797144    32.5069   224.6433
------------------------------------------------------------------------------------------------------------------------------------------------------------------------------------

-------------------------------------DIRECT CONDITIONAL BRANCH PREDICTION MEASUREMENTS (Full Simulation i.e. Counts Not Reset When Warmup Ends)-------------------------------------
       Instr       Cycles      IPC      NumBr     MispBr BrPerCyc MispBrPerCyc        MR     MPKI      CycWP   CycWPAvg   CycWPPKI
    14999989      7413619   2.0233    2548670      95295   0.3438       0.0129   3.7390%   6.3530    3178541    33.3548   211.9029
------------------------------------------------------------------------------------------------------------------------------------------------------------------------------------
 Read 14999989 instrs 

ExecTime = 76.82928013801575
