CMD:./cbp traces/infra/infra_11_trace.gz
5000000 instrs 
10000000 instrs 
15000000 instrs 
20000000 instrs 
25000000 instrs 
30000000 instrs 
35000000 instrs 
40000000 instrs 
45000000 instrs 
50000000 instrs 
EOF
WINDOW_SIZE = 1024
FETCH_WIDTH = 16
FETCH_NUM_BRANCH = 16
FETCH_STOP_AT_INDIRECT = 1
FETCH_STOP_AT_TAKEN = 1
FETCH_MODEL_ICACHE = 1
PERFECT_BRANCH_PRED = 0
PERFECT_INDIRECT_PRED = 1
PIPELINE_FILL_LATENCY = 10
NUM_LDST_LANES = 8
NUM_ALU_LANES = 16
MEMORY HIERARCHY CONFIGURATION---------------------
STRIDE Prefetcher = 1
PERFECT_CACHE = 0
WRITE_ALLOCATE = 1
Within-pipeline factors:
	AGEN latency = 1 cycle
	Store Queue (SQ): SQ size = window size, oracle memory disambiguation, store-load forwarding = 1 cycle after store's or load's agen.
	* Note: A store searches the L1$ at commit. The store is released
	* from the SQ and window, whether it hits or misses. Store misses
	* are buffered until the block is allocated and the store is
	* performed in the L1$. While buffered, conflicting loads get
	* the store's data as they would from the SQ.
I$: 128 KB, 8-way set-assoc., 64B block size
L1$: 128 KB, 8-way set-assoc., 64B block size, 3-cycle search latency
L2$: 4 MB, 8-way set-assoc., 64B block size, 12-cycle search latency
L3$: 32 MB, 16-way set-assoc., 128B block size, 50-cycle search latency
Main Memory: 150-cycle fixed search time
---------------------------STORE QUEUE MEASUREMENTS (Full Simulation i.e. Counts Not Reset When Warmup Ends)---------------------------
Number of loads: 12852646
Number of loads that miss in SQ: 9820495 (76.41%)
Number of PFs issued to the memory system 793692
---------------------------------------------------------------------------------------------------------------------------------------
------------------------MEMORY HIERARCHY MEASUREMENTS (Full Simulation i.e. Counts Not Reset When Warmup Ends)-------------------------
I$:
	accesses   = 53550235
	misses     = 345740
	miss ratio = 0.65%
	pf accesses   = 0
	pf misses     = 0
	pf miss ratio = -nan%
L1$:
	accesses   = 19140297
	misses     = 349803
	miss ratio = 1.83%
	pf accesses   = 793692
	pf misses     = 29490
	pf miss ratio = 3.72%
L2$:
	accesses   = 695543
	misses     = 153159
	miss ratio = 22.02%
	pf accesses   = 29490
	pf misses     = 22241
	pf miss ratio = 75.42%
L3$:
	accesses   = 153159
	misses     = 90781
	miss ratio = 59.27%
	pf accesses   = 22241
	pf misses     = 12843
	pf miss ratio = 57.74%
---------------------------------------------------------------------------------------------------------------------------------------
----------------------------------------------Prefetcher (Full Simulation i.e. No Warmup)----------------------------------------------
Num Trainings :12852646
Num Prefetches generated :794469
Num Prefetches issued :1629805
Num Prefetches filtered by PF queue :55399
Num untimely prefetches dropped from PF queue :777
Num prefetches not issued LDST contention :836113
Num prefetches not issued stride 0 :4188690
---------------------------------------------------------------------------------------------------------------------------------------

-------------------------------ILP LIMIT STUDY (Full Simulation i.e. Counts Not Reset When Warmup Ends)--------------------------------
instructions = 50000052
cycles       = 18361649
CycWP        = 3990332
IPC          = 2.7231

---------------------------------------------------------------------------------------------------------------------------------------
Top 10 highest count indices:
Index: 0x4000080B95B4, Count: 5956
Index: 0x400007EB79D0, Count: 2730
Index: 0x400007EB79E0, Count: 1894
Index: 0x400007EB7AFC, Count: 1660
Index: 0x400007D30114, Count: 1621
Index: 0x400007F4147C, Count: 1432
Index: 0x400007EB3E58, Count: 1412
Index: 0x400007C8FE5C, Count: 1201
Index: 0x4000000A8E00, Count: 1025
Index: 0xFFFF823C9FF0, Count: 977

-----------------------------------------------BRANCH PREDICTION MEASUREMENTS (Full Simulation i.e. Counts Not Reset When Warmup Ends)----------------------------------------------
Type                   NumBr     MispBr        mr     mpki
CondDirect          7754708      53062   0.6843%   1.0612
JumpDirect           891451          0   0.0000%   0.0000
JumpIndirect         173423          0   0.0000%   0.0000
JumpReturn           612584          0   0.0000%   0.0000
Not control        44118069          0   0.0000%   0.0000
------------------------------------------------------------------------------------------------------------------------------------------------------------------------------------

------------------------------------------------------DIRECT CONDITIONAL BRANCH PREDICTION MEASUREMENTS (Last 10M instructions)-----------------------------------------------------
       Instr       Cycles      IPC      NumBr     MispBr BrPerCyc MispBrPerCyc        MR     MPKI      CycWP   CycWPAvg   CycWPPKI
    10000052      3825805   2.6138    1540142      10468   0.4026       0.0027   0.6797%   1.0468     990786    94.6490    99.0781
------------------------------------------------------------------------------------------------------------------------------------------------------------------------------------

------------------------------------------------------DIRECT CONDITIONAL BRANCH PREDICTION MEASUREMENTS (Last 25M instructions)-----------------------------------------------------
       Instr       Cycles      IPC      NumBr     MispBr BrPerCyc MispBrPerCyc        MR     MPKI      CycWP   CycWPAvg   CycWPPKI
    25000052      9231829   2.7080    3881908      24857   0.4205       0.0027   0.6403%   0.9943    2278155    91.6504    91.1260
-------------------------------------------------------------------------------------------------------------------------------------------------------------------------------------

---------------------------------------------------------DIRECT CONDITIONAL BRANCH PREDICTION MEASUREMENTS (50 Perc instructions)---------------------------------------------------
       Instr       Cycles      IPC      NumBr     MispBr BrPerCyc MispBrPerCyc        MR     MPKI      CycWP   CycWPAvg   CycWPPKI
    25000052      9231829   2.7080    3881908      24857   0.4205       0.0027   0.6403%   0.9943    2278155    91.6504    91.1260
------------------------------------------------------------------------------------------------------------------------------------------------------------------------------------

-------------------------------------DIRECT CONDITIONAL BRANCH PREDICTION MEASUREMENTS (Full Simulation i.e. Counts Not Reset When Warmup Ends)-------------------------------------
       Instr       Cycles      IPC      NumBr     MispBr BrPerCyc MispBrPerCyc        MR     MPKI      CycWP   CycWPAvg   CycWPPKI
    50000052     18361649   2.7231    7754708      53062   0.4223       0.0029   0.6843%   1.0612    3990332    75.2013    79.8066
------------------------------------------------------------------------------------------------------------------------------------------------------------------------------------
 Read 50000052 instrs 

ExecTime = 275.83057856559753
