CMD:./cbp traces/infra/infra_13_trace.gz
5000000 instrs 
10000000 instrs 
15000000 instrs 
20000000 instrs 
25000000 instrs 
30000000 instrs 
35000000 instrs 
40000000 instrs 
45000000 instrs 
50000000 instrs 
EOF
WINDOW_SIZE = 1024
FETCH_WIDTH = 16
FETCH_NUM_BRANCH = 16
FETCH_STOP_AT_INDIRECT = 1
FETCH_STOP_AT_TAKEN = 1
FETCH_MODEL_ICACHE = 1
PERFECT_BRANCH_PRED = 0
PERFECT_INDIRECT_PRED = 1
PIPELINE_FILL_LATENCY = 10
NUM_LDST_LANES = 8
NUM_ALU_LANES = 16
MEMORY HIERARCHY CONFIGURATION---------------------
STRIDE Prefetcher = 1
PERFECT_CACHE = 0
WRITE_ALLOCATE = 1
Within-pipeline factors:
	AGEN latency = 1 cycle
	Store Queue (SQ): SQ size = window size, oracle memory disambiguation, store-load forwarding = 1 cycle after store's or load's agen.
	* Note: A store searches the L1$ at commit. The store is released
	* from the SQ and window, whether it hits or misses. Store misses
	* are buffered until the block is allocated and the store is
	* performed in the L1$. While buffered, conflicting loads get
	* the store's data as they would from the SQ.
I$: 128 KB, 8-way set-assoc., 64B block size
L1$: 128 KB, 8-way set-assoc., 64B block size, 3-cycle search latency
L2$: 4 MB, 8-way set-assoc., 64B block size, 12-cycle search latency
L3$: 32 MB, 16-way set-assoc., 128B block size, 50-cycle search latency
Main Memory: 150-cycle fixed search time
---------------------------STORE QUEUE MEASUREMENTS (Full Simulation i.e. Counts Not Reset When Warmup Ends)---------------------------
Number of loads: 14122747
Number of loads that miss in SQ: 9487116 (67.18%)
Number of PFs issued to the memory system 554103
---------------------------------------------------------------------------------------------------------------------------------------
------------------------MEMORY HIERARCHY MEASUREMENTS (Full Simulation i.e. Counts Not Reset When Warmup Ends)-------------------------
I$:
	accesses   = 53652364
	misses     = 47929
	miss ratio = 0.09%
	pf accesses   = 0
	pf misses     = 0
	pf miss ratio = -nan%
L1$:
	accesses   = 22208979
	misses     = 228584
	miss ratio = 1.03%
	pf accesses   = 554103
	pf misses     = 11406
	pf miss ratio = 2.06%
L2$:
	accesses   = 276513
	misses     = 148811
	miss ratio = 53.82%
	pf accesses   = 11406
	pf misses     = 8047
	pf miss ratio = 70.55%
L3$:
	accesses   = 148811
	misses     = 74369
	miss ratio = 49.98%
	pf accesses   = 8047
	pf misses     = 3470
	pf miss ratio = 43.12%
---------------------------------------------------------------------------------------------------------------------------------------
----------------------------------------------Prefetcher (Full Simulation i.e. No Warmup)----------------------------------------------
Num Trainings :14122747
Num Prefetches generated :555830
Num Prefetches issued :2111701
Num Prefetches filtered by PF queue :15032
Num untimely prefetches dropped from PF queue :1727
Num prefetches not issued LDST contention :1557598
Num prefetches not issued stride 0 :7276058
---------------------------------------------------------------------------------------------------------------------------------------

-------------------------------ILP LIMIT STUDY (Full Simulation i.e. Counts Not Reset When Warmup Ends)--------------------------------
instructions = 50000052
cycles       = 20547245
CycWP        = 13760262
IPC          = 2.4334

---------------------------------------------------------------------------------------------------------------------------------------
Top 10 highest count indices:
Index: 0x400007E8B608, Count: 28215
Index: 0x400007E8B4AC, Count: 24332
Index: 0x400007B09290, Count: 22818
Index: 0x400007E8B5C4, Count: 22584
Index: 0x400007D20690, Count: 13573
Index: 0x400007D24400, Count: 11082
Index: 0x400007D204D0, Count: 7208
Index: 0x400007D24084, Count: 5793
Index: 0x400007B091B0, Count: 4089
Index: 0x400007E8B270, Count: 3971

-----------------------------------------------BRANCH PREDICTION MEASUREMENTS (Full Simulation i.e. Counts Not Reset When Warmup Ends)----------------------------------------------
Type                   NumBr     MispBr        mr     mpki
CondDirect          6532412     211849   3.2430%   4.2370
JumpDirect          1036864          0   0.0000%   0.0000
JumpIndirect          27919          0   0.0000%   0.0000
JumpReturn           530627          0   0.0000%   0.0000
Not control        45524542          0   0.0000%   0.0000
------------------------------------------------------------------------------------------------------------------------------------------------------------------------------------

------------------------------------------------------DIRECT CONDITIONAL BRANCH PREDICTION MEASUREMENTS (Last 10M instructions)-----------------------------------------------------
       Instr       Cycles      IPC      NumBr     MispBr BrPerCyc MispBrPerCyc        MR     MPKI      CycWP   CycWPAvg   CycWPPKI
    10000052      4049999   2.4691    1490854      17120   0.3681       0.0042   1.1483%   1.7120     934116    54.5629    93.4111
------------------------------------------------------------------------------------------------------------------------------------------------------------------------------------

------------------------------------------------------DIRECT CONDITIONAL BRANCH PREDICTION MEASUREMENTS (Last 25M instructions)-----------------------------------------------------
       Instr       Cycles      IPC      NumBr     MispBr BrPerCyc MispBrPerCyc        MR     MPKI      CycWP   CycWPAvg   CycWPPKI
    25000052      9706733   2.5755    3378036      86862   0.3480       0.0089   2.5714%   3.4745    5211298    59.9951   208.4515
-------------------------------------------------------------------------------------------------------------------------------------------------------------------------------------

---------------------------------------------------------DIRECT CONDITIONAL BRANCH PREDICTION MEASUREMENTS (50 Perc instructions)---------------------------------------------------
       Instr       Cycles      IPC      NumBr     MispBr BrPerCyc MispBrPerCyc        MR     MPKI      CycWP   CycWPAvg   CycWPPKI
    25000052      9706733   2.5755    3378036      86862   0.3480       0.0089   2.5714%   3.4745    5211298    59.9951   208.4515
------------------------------------------------------------------------------------------------------------------------------------------------------------------------------------

-------------------------------------DIRECT CONDITIONAL BRANCH PREDICTION MEASUREMENTS (Full Simulation i.e. Counts Not Reset When Warmup Ends)-------------------------------------
       Instr       Cycles      IPC      NumBr     MispBr BrPerCyc MispBrPerCyc        MR     MPKI      CycWP   CycWPAvg   CycWPPKI
    50000052     20547245   2.4334    6532412     211849   0.3179       0.0103   3.2430%   4.2370   13760262    64.9532   275.2050
------------------------------------------------------------------------------------------------------------------------------------------------------------------------------------
 Read 50000052 instrs 

ExecTime = 250.48818588256836
