CMD:./cbp traces/web/web_9_trace.gz
5000000 instrs 
10000000 instrs 
15000000 instrs 
20000000 instrs 
25000000 instrs 
30000000 instrs 
35000000 instrs 
EOF
WINDOW_SIZE = 1024
FETCH_WIDTH = 16
FETCH_NUM_BRANCH = 16
FETCH_STOP_AT_INDIRECT = 1
FETCH_STOP_AT_TAKEN = 1
FETCH_MODEL_ICACHE = 1
PERFECT_BRANCH_PRED = 0
PERFECT_INDIRECT_PRED = 1
PIPELINE_FILL_LATENCY = 10
NUM_LDST_LANES = 8
NUM_ALU_LANES = 16
MEMORY HIERARCHY CONFIGURATION---------------------
STRIDE Prefetcher = 1
PERFECT_CACHE = 0
WRITE_ALLOCATE = 1
Within-pipeline factors:
	AGEN latency = 1 cycle
	Store Queue (SQ): SQ size = window size, oracle memory disambiguation, store-load forwarding = 1 cycle after store's or load's agen.
	* Note: A store searches the L1$ at commit. The store is released
	* from the SQ and window, whether it hits or misses. Store misses
	* are buffered until the block is allocated and the store is
	* performed in the L1$. While buffered, conflicting loads get
	* the store's data as they would from the SQ.
I$: 128 KB, 8-way set-assoc., 64B block size
L1$: 128 KB, 8-way set-assoc., 64B block size, 3-cycle search latency
L2$: 4 MB, 8-way set-assoc., 64B block size, 12-cycle search latency
L3$: 32 MB, 16-way set-assoc., 128B block size, 50-cycle search latency
Main Memory: 150-cycle fixed search time
---------------------------STORE QUEUE MEASUREMENTS (Full Simulation i.e. Counts Not Reset When Warmup Ends)---------------------------
Number of loads: 11520069
Number of loads that miss in SQ: 10615172 (92.15%)
Number of PFs issued to the memory system 2342242
---------------------------------------------------------------------------------------------------------------------------------------
------------------------MEMORY HIERARCHY MEASUREMENTS (Full Simulation i.e. Counts Not Reset When Warmup Ends)-------------------------
I$:
	accesses   = 48421182
	misses     = 155340
	miss ratio = 0.32%
	pf accesses   = 0
	pf misses     = 0
	pf miss ratio = -nan%
L1$:
	accesses   = 14620292
	misses     = 53708
	miss ratio = 0.37%
	pf accesses   = 2342242
	pf misses     = 7141
	pf miss ratio = 0.30%
L2$:
	accesses   = 209048
	misses     = 50881
	miss ratio = 24.34%
	pf accesses   = 7141
	pf misses     = 3983
	pf miss ratio = 55.78%
L3$:
	accesses   = 50881
	misses     = 28175
	miss ratio = 55.37%
	pf accesses   = 3983
	pf misses     = 1960
	pf miss ratio = 49.21%
---------------------------------------------------------------------------------------------------------------------------------------
----------------------------------------------Prefetcher (Full Simulation i.e. No Warmup)----------------------------------------------
Num Trainings :11520069
Num Prefetches generated :2344893
Num Prefetches issued :2621832
Num Prefetches filtered by PF queue :12427
Num untimely prefetches dropped from PF queue :2651
Num prefetches not issued LDST contention :279590
Num prefetches not issued stride 0 :3549143
---------------------------------------------------------------------------------------------------------------------------------------

-------------------------------ILP LIMIT STUDY (Full Simulation i.e. Counts Not Reset When Warmup Ends)--------------------------------
instructions = 39999863
cycles       = 14253886
CycWP        = 2849475
IPC          = 2.8062

---------------------------------------------------------------------------------------------------------------------------------------
Top 10 highest count indices:
Index: 0xAAAAAAFE2A84, Count: 1926
Index: 0xAAAAAABE8B14, Count: 1248
Index: 0xAAAAAADF8C58, Count: 1063
Index: 0x4000000A5588, Count: 1048
Index: 0xAAAAAB353D44, Count: 675
Index: 0xAAAAAABE88B4, Count: 658
Index: 0xAAAAAB55D6DC, Count: 612
Index: 0xAAAAAAFE2CB0, Count: 596
Index: 0xAAAAAB355CEC, Count: 578
Index: 0xAAAAAB355CE0, Count: 484

-----------------------------------------------BRANCH PREDICTION MEASUREMENTS (Full Simulation i.e. Counts Not Reset When Warmup Ends)----------------------------------------------
Type                   NumBr     MispBr        mr     mpki
CondDirect          6952037     117467   1.6897%   2.9367
JumpDirect           592418          0   0.0000%   0.0000
JumpIndirect          80366          0   0.0000%   0.0000
JumpReturn           332245          0   0.0000%   0.0000
Not control        40464116          0   0.0000%   0.0000
------------------------------------------------------------------------------------------------------------------------------------------------------------------------------------

------------------------------------------------------DIRECT CONDITIONAL BRANCH PREDICTION MEASUREMENTS (Last 10M instructions)-----------------------------------------------------
       Instr       Cycles      IPC      NumBr     MispBr BrPerCyc MispBrPerCyc        MR     MPKI      CycWP   CycWPAvg   CycWPPKI
    10999863      2238505   4.9139    2173291         18   0.9709       0.0000   0.0008%   0.0016        220    12.2222     0.0200
------------------------------------------------------------------------------------------------------------------------------------------------------------------------------------

------------------------------------------------------DIRECT CONDITIONAL BRANCH PREDICTION MEASUREMENTS (Last 25M instructions)-----------------------------------------------------
       Instr       Cycles      IPC      NumBr     MispBr BrPerCyc MispBrPerCyc        MR     MPKI      CycWP   CycWPAvg   CycWPPKI
    25999863      6414807   4.0531    4947504      40100   0.7713       0.0063   0.8105%   1.5423     845470    21.0840    32.5182
-------------------------------------------------------------------------------------------------------------------------------------------------------------------------------------

---------------------------------------------------------DIRECT CONDITIONAL BRANCH PREDICTION MEASUREMENTS (50 Perc instructions)---------------------------------------------------
       Instr       Cycles      IPC      NumBr     MispBr BrPerCyc MispBrPerCyc        MR     MPKI      CycWP   CycWPAvg   CycWPPKI
    20999863      4411261   4.7605    4136031       3265   0.9376       0.0007   0.0789%   0.1555      61987    18.9853     2.9518
------------------------------------------------------------------------------------------------------------------------------------------------------------------------------------

-------------------------------------DIRECT CONDITIONAL BRANCH PREDICTION MEASUREMENTS (Full Simulation i.e. Counts Not Reset When Warmup Ends)-------------------------------------
       Instr       Cycles      IPC      NumBr     MispBr BrPerCyc MispBrPerCyc        MR     MPKI      CycWP   CycWPAvg   CycWPPKI
    39999863     14253886   2.8062    6952037     117467   0.4877       0.0082   1.6897%   2.9367    2849475    24.2577    71.2371
------------------------------------------------------------------------------------------------------------------------------------------------------------------------------------
 Read 39999863 instrs 

ExecTime = 218.9481451511383
