CMD:./cbp traces/web/web_0_trace.gz
5000000 instrs 
10000000 instrs 
15000000 instrs 
20000000 instrs 
25000000 instrs 
30000000 instrs 
35000000 instrs 
EOF
WINDOW_SIZE = 1024
FETCH_WIDTH = 16
FETCH_NUM_BRANCH = 16
FETCH_STOP_AT_INDIRECT = 1
FETCH_STOP_AT_TAKEN = 1
FETCH_MODEL_ICACHE = 1
PERFECT_BRANCH_PRED = 0
PERFECT_INDIRECT_PRED = 1
PIPELINE_FILL_LATENCY = 10
NUM_LDST_LANES = 8
NUM_ALU_LANES = 16
MEMORY HIERARCHY CONFIGURATION---------------------
STRIDE Prefetcher = 1
PERFECT_CACHE = 0
WRITE_ALLOCATE = 1
Within-pipeline factors:
	AGEN latency = 1 cycle
	Store Queue (SQ): SQ size = window size, oracle memory disambiguation, store-load forwarding = 1 cycle after store's or load's agen.
	* Note: A store searches the L1$ at commit. The store is released
	* from the SQ and window, whether it hits or misses. Store misses
	* are buffered until the block is allocated and the store is
	* performed in the L1$. While buffered, conflicting loads get
	* the store's data as they would from the SQ.
I$: 128 KB, 8-way set-assoc., 64B block size
L1$: 128 KB, 8-way set-assoc., 64B block size, 3-cycle search latency
L2$: 4 MB, 8-way set-assoc., 64B block size, 12-cycle search latency
L3$: 32 MB, 16-way set-assoc., 128B block size, 50-cycle search latency
Main Memory: 150-cycle fixed search time
---------------------------STORE QUEUE MEASUREMENTS (Full Simulation i.e. Counts Not Reset When Warmup Ends)---------------------------
Number of loads: 15376704
Number of loads that miss in SQ: 14717752 (95.71%)
Number of PFs issued to the memory system 1163857
---------------------------------------------------------------------------------------------------------------------------------------
------------------------MEMORY HIERARCHY MEASUREMENTS (Full Simulation i.e. Counts Not Reset When Warmup Ends)-------------------------
I$:
	accesses   = 40912710
	misses     = 862
	miss ratio = 0.00%
	pf accesses   = 0
	pf misses     = 0
	pf miss ratio = -nan%
L1$:
	accesses   = 16916912
	misses     = 824014
	miss ratio = 4.87%
	pf accesses   = 1163857
	pf misses     = 103867
	pf miss ratio = 8.92%
L2$:
	accesses   = 824876
	misses     = 54863
	miss ratio = 6.65%
	pf accesses   = 103867
	pf misses     = 18087
	pf miss ratio = 17.41%
L3$:
	accesses   = 54863
	misses     = 29376
	miss ratio = 53.54%
	pf accesses   = 18087
	pf misses     = 9977
	pf miss ratio = 55.16%
---------------------------------------------------------------------------------------------------------------------------------------
----------------------------------------------Prefetcher (Full Simulation i.e. No Warmup)----------------------------------------------
Num Trainings :15376704
Num Prefetches generated :1165998
Num Prefetches issued :1445523
Num Prefetches filtered by PF queue :9766
Num untimely prefetches dropped from PF queue :2141
Num prefetches not issued LDST contention :281666
Num prefetches not issued stride 0 :1466032
---------------------------------------------------------------------------------------------------------------------------------------

-------------------------------ILP LIMIT STUDY (Full Simulation i.e. Counts Not Reset When Warmup Ends)--------------------------------
instructions = 39999493
cycles       = 19824203
CycWP        = 6489017
IPC          = 2.0177

---------------------------------------------------------------------------------------------------------------------------------------
Top 10 highest count indices:
Index: 0xAAAAAB3529D8, Count: 4653
Index: 0xAAAAAB351370, Count: 3634
Index: 0xAAAAAB347FC0, Count: 1837
Index: 0xAAAAAB3452C4, Count: 1332
Index: 0xAAAAAB3479E8, Count: 1063
Index: 0xAAAAAB3483AC, Count: 981
Index: 0xAAAAAB352A7C, Count: 825
Index: 0xAAAAAB3452B0, Count: 806
Index: 0xAAAAAB350D70, Count: 802
Index: 0xAAAAAABF0334, Count: 755

-----------------------------------------------BRANCH PREDICTION MEASUREMENTS (Full Simulation i.e. Counts Not Reset When Warmup Ends)----------------------------------------------
Type                   NumBr     MispBr        mr     mpki
CondDirect         11904941      55940   0.4699%   1.3985
JumpDirect           583527          0   0.0000%   0.0000
JumpIndirect           7550          0   0.0000%   0.0000
JumpReturn           293329          0   0.0000%   0.0000
Not control        28123363          0   0.0000%   0.0000
------------------------------------------------------------------------------------------------------------------------------------------------------------------------------------

------------------------------------------------------DIRECT CONDITIONAL BRANCH PREDICTION MEASUREMENTS (Last 10M instructions)-----------------------------------------------------
       Instr       Cycles      IPC      NumBr     MispBr BrPerCyc MispBrPerCyc        MR     MPKI      CycWP   CycWPAvg   CycWPPKI
    10999493      6110592   1.8001    3743607       9296   0.6126       0.0015   0.2483%   0.8451     812322    87.3840    73.8509
------------------------------------------------------------------------------------------------------------------------------------------------------------------------------------

------------------------------------------------------DIRECT CONDITIONAL BRANCH PREDICTION MEASUREMENTS (Last 25M instructions)-----------------------------------------------------
       Instr       Cycles      IPC      NumBr     MispBr BrPerCyc MispBrPerCyc        MR     MPKI      CycWP   CycWPAvg   CycWPPKI
    25999493     12250981   2.1222    8164825      22159   0.6665       0.0018   0.2714%   0.8523    2989778   134.9239   114.9937
-------------------------------------------------------------------------------------------------------------------------------------------------------------------------------------

---------------------------------------------------------DIRECT CONDITIONAL BRANCH PREDICTION MEASUREMENTS (50 Perc instructions)---------------------------------------------------
       Instr       Cycles      IPC      NumBr     MispBr BrPerCyc MispBrPerCyc        MR     MPKI      CycWP   CycWPAvg   CycWPPKI
    20999493      9778328   2.1476    6370198      20673   0.6515       0.0021   0.3245%   0.9845    2279291   110.2545   108.5403
------------------------------------------------------------------------------------------------------------------------------------------------------------------------------------

-------------------------------------DIRECT CONDITIONAL BRANCH PREDICTION MEASUREMENTS (Full Simulation i.e. Counts Not Reset When Warmup Ends)-------------------------------------
       Instr       Cycles      IPC      NumBr     MispBr BrPerCyc MispBrPerCyc        MR     MPKI      CycWP   CycWPAvg   CycWPPKI
    39999493     19824203   2.0177   11904941      55940   0.6005       0.0028   0.4699%   1.3985    6489017   115.9996   162.2275
------------------------------------------------------------------------------------------------------------------------------------------------------------------------------------
 Read 39999493 instrs 

ExecTime = 292.2007622718811
