CMD:./cbp traces/int/int_2_trace.gz
5000000 instrs 
10000000 instrs 
15000000 instrs 
20000000 instrs 
25000000 instrs 
30000000 instrs 
EOF
WINDOW_SIZE = 1024
FETCH_WIDTH = 16
FETCH_NUM_BRANCH = 16
FETCH_STOP_AT_INDIRECT = 1
FETCH_STOP_AT_TAKEN = 1
FETCH_MODEL_ICACHE = 1
PERFECT_BRANCH_PRED = 0
PERFECT_INDIRECT_PRED = 1
PIPELINE_FILL_LATENCY = 10
NUM_LDST_LANES = 8
NUM_ALU_LANES = 16
MEMORY HIERARCHY CONFIGURATION---------------------
STRIDE Prefetcher = 1
PERFECT_CACHE = 0
WRITE_ALLOCATE = 1
Within-pipeline factors:
	AGEN latency = 1 cycle
	Store Queue (SQ): SQ size = window size, oracle memory disambiguation, store-load forwarding = 1 cycle after store's or load's agen.
	* Note: A store searches the L1$ at commit. The store is released
	* from the SQ and window, whether it hits or misses. Store misses
	* are buffered until the block is allocated and the store is
	* performed in the L1$. While buffered, conflicting loads get
	* the store's data as they would from the SQ.
I$: 128 KB, 8-way set-assoc., 64B block size
L1$: 128 KB, 8-way set-assoc., 64B block size, 3-cycle search latency
L2$: 4 MB, 8-way set-assoc., 64B block size, 12-cycle search latency
L3$: 32 MB, 16-way set-assoc., 128B block size, 50-cycle search latency
Main Memory: 150-cycle fixed search time
---------------------------STORE QUEUE MEASUREMENTS (Full Simulation i.e. Counts Not Reset When Warmup Ends)---------------------------
Number of loads: 9503272
Number of loads that miss in SQ: 8074633 (84.97%)
Number of PFs issued to the memory system 1003306
---------------------------------------------------------------------------------------------------------------------------------------
------------------------MEMORY HIERARCHY MEASUREMENTS (Full Simulation i.e. Counts Not Reset When Warmup Ends)-------------------------
I$:
	accesses   = 32433835
	misses     = 44
	miss ratio = 0.00%
	pf accesses   = 0
	pf misses     = 0
	pf miss ratio = -nan%
L1$:
	accesses   = 16844908
	misses     = 331831
	miss ratio = 1.97%
	pf accesses   = 1003306
	pf misses     = 3034
	pf miss ratio = 0.30%
L2$:
	accesses   = 331875
	misses     = 66436
	miss ratio = 20.02%
	pf accesses   = 3034
	pf misses     = 1174
	pf miss ratio = 38.69%
L3$:
	accesses   = 66436
	misses     = 40702
	miss ratio = 61.26%
	pf accesses   = 1174
	pf misses     = 425
	pf miss ratio = 36.20%
---------------------------------------------------------------------------------------------------------------------------------------
----------------------------------------------Prefetcher (Full Simulation i.e. No Warmup)----------------------------------------------
Num Trainings :9503272
Num Prefetches generated :1006976
Num Prefetches issued :1635570
Num Prefetches filtered by PF queue :53065
Num untimely prefetches dropped from PF queue :3670
Num prefetches not issued LDST contention :632264
Num prefetches not issued stride 0 :3015234
---------------------------------------------------------------------------------------------------------------------------------------

-------------------------------ILP LIMIT STUDY (Full Simulation i.e. Counts Not Reset When Warmup Ends)--------------------------------
instructions = 30000052
cycles       = 18002436
CycWP        = 14079324
IPC          = 1.6664

---------------------------------------------------------------------------------------------------------------------------------------
Top 10 highest count indices:
Index: 0xFFFFF0D8F184, Count: 74759
Index: 0xFFFFF0D8F1D0, Count: 63629
Index: 0xFFFFF0D8F2CC, Count: 39534
Index: 0xFFFFF0D8F240, Count: 18045
Index: 0xFFFFF0D8F288, Count: 16789
Index: 0xFFFFF0D8EEFC, Count: 14480
Index: 0xFFFFF0D8F220, Count: 13302
Index: 0xFFFFF0D8F0AC, Count: 10147
Index: 0xFFFFF0D8EF70, Count: 8819
Index: 0xFFFFF0D8F458, Count: 5091

-----------------------------------------------BRANCH PREDICTION MEASUREMENTS (Full Simulation i.e. Counts Not Reset When Warmup Ends)----------------------------------------------
Type                   NumBr     MispBr        mr     mpki
CondDirect          5366311     274149   5.1087%   9.1383
JumpDirect          1267823          0   0.0000%   0.0000
JumpIndirect          61994          0   0.0000%   0.0000
JumpReturn            78302          0   0.0000%   0.0000
Not control        25659405          0   0.0000%   0.0000
------------------------------------------------------------------------------------------------------------------------------------------------------------------------------------

------------------------------------------------------DIRECT CONDITIONAL BRANCH PREDICTION MEASUREMENTS (Last 10M instructions)-----------------------------------------------------
       Instr       Cycles      IPC      NumBr     MispBr BrPerCyc MispBrPerCyc        MR     MPKI      CycWP   CycWPAvg   CycWPPKI
    10000052      5624173   1.7780    1788847      91985   0.3181       0.0164   5.1421%   9.1985    4337731    47.1569   433.7708
------------------------------------------------------------------------------------------------------------------------------------------------------------------------------------

------------------------------------------------------DIRECT CONDITIONAL BRANCH PREDICTION MEASUREMENTS (Last 25M instructions)-----------------------------------------------------
       Instr       Cycles      IPC      NumBr     MispBr BrPerCyc MispBrPerCyc        MR     MPKI      CycWP   CycWPAvg   CycWPPKI
    25000052     14357036   1.7413    4472148     228201   0.3115       0.0159   5.1027%   9.1280   11112391    48.6956   444.4947
-------------------------------------------------------------------------------------------------------------------------------------------------------------------------------------

---------------------------------------------------------DIRECT CONDITIONAL BRANCH PREDICTION MEASUREMENTS (50 Perc instructions)---------------------------------------------------
       Instr       Cycles      IPC      NumBr     MispBr BrPerCyc MispBrPerCyc        MR     MPKI      CycWP   CycWPAvg   CycWPPKI
    15000052      8429322   1.7795    2681980     136752   0.3182       0.0162   5.0989%   9.1168    6500270    47.5333   433.3498
------------------------------------------------------------------------------------------------------------------------------------------------------------------------------------

-------------------------------------DIRECT CONDITIONAL BRANCH PREDICTION MEASUREMENTS (Full Simulation i.e. Counts Not Reset When Warmup Ends)-------------------------------------
       Instr       Cycles      IPC      NumBr     MispBr BrPerCyc MispBrPerCyc        MR     MPKI      CycWP   CycWPAvg   CycWPPKI
    30000052     18002436   1.6664    5366311     274149   0.2981       0.0152   5.1087%   9.1383   14079324    51.3565   469.3100
------------------------------------------------------------------------------------------------------------------------------------------------------------------------------------
 Read 30000052 instrs 

ExecTime = 164.8269829750061
