CMD:./cbp traces/int/int_7_trace.gz
5000000 instrs 
10000000 instrs 
15000000 instrs 
20000000 instrs 
25000000 instrs 
30000000 instrs 
35000000 instrs 
40000000 instrs 
EOF
WINDOW_SIZE = 1024
FETCH_WIDTH = 16
FETCH_NUM_BRANCH = 16
FETCH_STOP_AT_INDIRECT = 1
FETCH_STOP_AT_TAKEN = 1
FETCH_MODEL_ICACHE = 1
PERFECT_BRANCH_PRED = 0
PERFECT_INDIRECT_PRED = 1
PIPELINE_FILL_LATENCY = 10
NUM_LDST_LANES = 8
NUM_ALU_LANES = 16
MEMORY HIERARCHY CONFIGURATION---------------------
STRIDE Prefetcher = 1
PERFECT_CACHE = 0
WRITE_ALLOCATE = 1
Within-pipeline factors:
	AGEN latency = 1 cycle
	Store Queue (SQ): SQ size = window size, oracle memory disambiguation, store-load forwarding = 1 cycle after store's or load's agen.
	* Note: A store searches the L1$ at commit. The store is released
	* from the SQ and window, whether it hits or misses. Store misses
	* are buffered until the block is allocated and the store is
	* performed in the L1$. While buffered, conflicting loads get
	* the store's data as they would from the SQ.
I$: 128 KB, 8-way set-assoc., 64B block size
L1$: 128 KB, 8-way set-assoc., 64B block size, 3-cycle search latency
L2$: 4 MB, 8-way set-assoc., 64B block size, 12-cycle search latency
L3$: 32 MB, 16-way set-assoc., 128B block size, 50-cycle search latency
Main Memory: 150-cycle fixed search time
---------------------------STORE QUEUE MEASUREMENTS (Full Simulation i.e. Counts Not Reset When Warmup Ends)---------------------------
Number of loads: 11765054
Number of loads that miss in SQ: 9350780 (79.48%)
Number of PFs issued to the memory system 1080273
---------------------------------------------------------------------------------------------------------------------------------------
------------------------MEMORY HIERARCHY MEASUREMENTS (Full Simulation i.e. Counts Not Reset When Warmup Ends)-------------------------
I$:
	accesses   = 45778173
	misses     = 173851
	miss ratio = 0.38%
	pf accesses   = 0
	pf misses     = 0
	pf miss ratio = -nan%
L1$:
	accesses   = 17953537
	misses     = 95073
	miss ratio = 0.53%
	pf accesses   = 1080273
	pf misses     = 16903
	pf miss ratio = 1.56%
L2$:
	accesses   = 268924
	misses     = 32077
	miss ratio = 11.93%
	pf accesses   = 16903
	pf misses     = 2426
	pf miss ratio = 14.35%
L3$:
	accesses   = 32077
	misses     = 18418
	miss ratio = 57.42%
	pf accesses   = 2426
	pf misses     = 1316
	pf miss ratio = 54.25%
---------------------------------------------------------------------------------------------------------------------------------------
----------------------------------------------Prefetcher (Full Simulation i.e. No Warmup)----------------------------------------------
Num Trainings :11765054
Num Prefetches generated :1082643
Num Prefetches issued :1708704
Num Prefetches filtered by PF queue :30480
Num untimely prefetches dropped from PF queue :2370
Num prefetches not issued LDST contention :628431
Num prefetches not issued stride 0 :2663696
---------------------------------------------------------------------------------------------------------------------------------------

-------------------------------ILP LIMIT STUDY (Full Simulation i.e. Counts Not Reset When Warmup Ends)--------------------------------
instructions = 40000048
cycles       = 14767692
CycWP        = 5345953
IPC          = 2.7086

---------------------------------------------------------------------------------------------------------------------------------------
Top 10 highest count indices:
Index: 0xFFFFF336E460, Count: 4678
Index: 0xFFFFF33B813C, Count: 1919
Index: 0xFFFFF33B88C0, Count: 1708
Index: 0xFFFFF33FDC2C, Count: 1703
Index: 0xFFFFF33693D0, Count: 1655
Index: 0xFFFFF3242DE8, Count: 1546
Index: 0xFFFFF336E448, Count: 1250
Index: 0xFFFFF3044D60, Count: 1247
Index: 0xFFFFF33B8128, Count: 1205
Index: 0xFFFFF33FF20C, Count: 1125

-----------------------------------------------BRANCH PREDICTION MEASUREMENTS (Full Simulation i.e. Counts Not Reset When Warmup Ends)----------------------------------------------
Type                   NumBr     MispBr        mr     mpki
CondDirect          5944145     231366   3.8923%   5.7841
JumpDirect          1306666          0   0.0000%   0.0000
JumpIndirect         187434          0   0.0000%   0.0000
JumpReturn           730341          0   0.0000%   0.0000
Not control        37609587          0   0.0000%   0.0000
------------------------------------------------------------------------------------------------------------------------------------------------------------------------------------

------------------------------------------------------DIRECT CONDITIONAL BRANCH PREDICTION MEASUREMENTS (Last 10M instructions)-----------------------------------------------------
       Instr       Cycles      IPC      NumBr     MispBr BrPerCyc MispBrPerCyc        MR     MPKI      CycWP   CycWPAvg   CycWPPKI
    10000048      3256772   3.0705    1519822      55295   0.4667       0.0170   3.6383%   5.5295    1189873    21.5186   118.9867
------------------------------------------------------------------------------------------------------------------------------------------------------------------------------------

------------------------------------------------------DIRECT CONDITIONAL BRANCH PREDICTION MEASUREMENTS (Last 25M instructions)-----------------------------------------------------
       Instr       Cycles      IPC      NumBr     MispBr BrPerCyc MispBrPerCyc        MR     MPKI      CycWP   CycWPAvg   CycWPPKI
    25000048      7726143   3.2358    3838854     138990   0.4969       0.0180   3.6206%   5.5596    3129001    22.5124   125.1598
-------------------------------------------------------------------------------------------------------------------------------------------------------------------------------------

---------------------------------------------------------DIRECT CONDITIONAL BRANCH PREDICTION MEASUREMENTS (50 Perc instructions)---------------------------------------------------
       Instr       Cycles      IPC      NumBr     MispBr BrPerCyc MispBrPerCyc        MR     MPKI      CycWP   CycWPAvg   CycWPPKI
    20000048      6340330   3.1544    3000751     112693   0.4733       0.0178   3.7555%   5.6346    2492465    22.1173   124.6230
------------------------------------------------------------------------------------------------------------------------------------------------------------------------------------

-------------------------------------DIRECT CONDITIONAL BRANCH PREDICTION MEASUREMENTS (Full Simulation i.e. Counts Not Reset When Warmup Ends)-------------------------------------
       Instr       Cycles      IPC      NumBr     MispBr BrPerCyc MispBrPerCyc        MR     MPKI      CycWP   CycWPAvg   CycWPPKI
    40000048     14767692   2.7086    5944145     231366   0.4025       0.0157   3.8923%   5.7841    5345953    23.1060   133.6487
------------------------------------------------------------------------------------------------------------------------------------------------------------------------------------
 Read 40000048 instrs 

ExecTime = 212.05250144004822
