CMD:./cbp traces/int/int_1_trace.gz
5000000 instrs 
10000000 instrs 
15000000 instrs 
20000000 instrs 
25000000 instrs 
30000000 instrs 
EOF
WINDOW_SIZE = 1024
FETCH_WIDTH = 16
FETCH_NUM_BRANCH = 16
FETCH_STOP_AT_INDIRECT = 1
FETCH_STOP_AT_TAKEN = 1
FETCH_MODEL_ICACHE = 1
PERFECT_BRANCH_PRED = 0
PERFECT_INDIRECT_PRED = 1
PIPELINE_FILL_LATENCY = 10
NUM_LDST_LANES = 8
NUM_ALU_LANES = 16
MEMORY HIERARCHY CONFIGURATION---------------------
STRIDE Prefetcher = 1
PERFECT_CACHE = 0
WRITE_ALLOCATE = 1
Within-pipeline factors:
	AGEN latency = 1 cycle
	Store Queue (SQ): SQ size = window size, oracle memory disambiguation, store-load forwarding = 1 cycle after store's or load's agen.
	* Note: A store searches the L1$ at commit. The store is released
	* from the SQ and window, whether it hits or misses. Store misses
	* are buffered until the block is allocated and the store is
	* performed in the L1$. While buffered, conflicting loads get
	* the store's data as they would from the SQ.
I$: 128 KB, 8-way set-assoc., 64B block size
L1$: 128 KB, 8-way set-assoc., 64B block size, 3-cycle search latency
L2$: 4 MB, 8-way set-assoc., 64B block size, 12-cycle search latency
L3$: 32 MB, 16-way set-assoc., 128B block size, 50-cycle search latency
Main Memory: 150-cycle fixed search time
---------------------------STORE QUEUE MEASUREMENTS (Full Simulation i.e. Counts Not Reset When Warmup Ends)---------------------------
Number of loads: 9512699
Number of loads that miss in SQ: 8058298 (84.71%)
Number of PFs issued to the memory system 1004436
---------------------------------------------------------------------------------------------------------------------------------------
------------------------MEMORY HIERARCHY MEASUREMENTS (Full Simulation i.e. Counts Not Reset When Warmup Ends)-------------------------
I$:
	accesses   = 32489832
	misses     = 44
	miss ratio = 0.00%
	pf accesses   = 0
	pf misses     = 0
	pf miss ratio = -nan%
L1$:
	accesses   = 16939089
	misses     = 258403
	miss ratio = 1.53%
	pf accesses   = 1004436
	pf misses     = 2812
	pf miss ratio = 0.28%
L2$:
	accesses   = 258447
	misses     = 66490
	miss ratio = 25.73%
	pf accesses   = 2812
	pf misses     = 1083
	pf miss ratio = 38.51%
L3$:
	accesses   = 66490
	misses     = 40356
	miss ratio = 60.69%
	pf accesses   = 1083
	pf misses     = 400
	pf miss ratio = 36.93%
---------------------------------------------------------------------------------------------------------------------------------------
----------------------------------------------Prefetcher (Full Simulation i.e. No Warmup)----------------------------------------------
Num Trainings :9512699
Num Prefetches generated :1007698
Num Prefetches issued :1584645
Num Prefetches filtered by PF queue :38882
Num untimely prefetches dropped from PF queue :3262
Num prefetches not issued LDST contention :580209
Num prefetches not issued stride 0 :2989042
---------------------------------------------------------------------------------------------------------------------------------------

-------------------------------ILP LIMIT STUDY (Full Simulation i.e. Counts Not Reset When Warmup Ends)--------------------------------
instructions = 30000052
cycles       = 17880135
CycWP        = 13994601
IPC          = 1.6778

---------------------------------------------------------------------------------------------------------------------------------------
Top 10 highest count indices:
Index: 0xFFFFF0D8F184, Count: 79526
Index: 0xFFFFF0D8F1D0, Count: 68046
Index: 0xFFFFF0D8F2CC, Count: 43126
Index: 0xFFFFF0D8F240, Count: 19533
Index: 0xFFFFF0D8F288, Count: 19329
Index: 0xFFFFF0D8F220, Count: 14282
Index: 0xFFFFF0D8EEFC, Count: 13853
Index: 0xFFFFF0D8F0AC, Count: 11714
Index: 0xFFFFF0D8EF70, Count: 6603
Index: 0xFFFFF0D8F458, Count: 4996

-----------------------------------------------BRANCH PREDICTION MEASUREMENTS (Full Simulation i.e. Counts Not Reset When Warmup Ends)----------------------------------------------
Type                   NumBr     MispBr        mr     mpki
CondDirect          5301134     290745   5.4846%   9.6915
JumpDirect          1242684          0   0.0000%   0.0000
JumpIndirect          66695          0   0.0000%   0.0000
JumpReturn            83423          0   0.0000%   0.0000
Not control        25795896          0   0.0000%   0.0000
------------------------------------------------------------------------------------------------------------------------------------------------------------------------------------

------------------------------------------------------DIRECT CONDITIONAL BRANCH PREDICTION MEASUREMENTS (Last 10M instructions)-----------------------------------------------------
       Instr       Cycles      IPC      NumBr     MispBr BrPerCyc MispBrPerCyc        MR     MPKI      CycWP   CycWPAvg   CycWPPKI
    10000052      5677876   1.7612    1761166      96547   0.3102       0.0170   5.4820%   9.6546    4405011    45.6256   440.4988
------------------------------------------------------------------------------------------------------------------------------------------------------------------------------------

------------------------------------------------------DIRECT CONDITIONAL BRANCH PREDICTION MEASUREMENTS (Last 25M instructions)-----------------------------------------------------
       Instr       Cycles      IPC      NumBr     MispBr BrPerCyc MispBrPerCyc        MR     MPKI      CycWP   CycWPAvg   CycWPPKI
    25000052     14410220   1.7349    4413492     242393   0.3063       0.0168   5.4921%   9.6957   11196365    46.1910   447.8537
-------------------------------------------------------------------------------------------------------------------------------------------------------------------------------------

---------------------------------------------------------DIRECT CONDITIONAL BRANCH PREDICTION MEASUREMENTS (50 Perc instructions)---------------------------------------------------
       Instr       Cycles      IPC      NumBr     MispBr BrPerCyc MispBrPerCyc        MR     MPKI      CycWP   CycWPAvg   CycWPPKI
    15000052      8517894   1.7610    2642836     144718   0.3103       0.0170   5.4759%   9.6478    6599792    45.6045   439.9846
------------------------------------------------------------------------------------------------------------------------------------------------------------------------------------

-------------------------------------DIRECT CONDITIONAL BRANCH PREDICTION MEASUREMENTS (Full Simulation i.e. Counts Not Reset When Warmup Ends)-------------------------------------
       Instr       Cycles      IPC      NumBr     MispBr BrPerCyc MispBrPerCyc        MR     MPKI      CycWP   CycWPAvg   CycWPPKI
    30000052     17880135   1.6778    5301134     290745   0.2965       0.0163   5.4846%   9.6915   13994601    48.1336   466.4859
------------------------------------------------------------------------------------------------------------------------------------------------------------------------------------
 Read 30000052 instrs 

ExecTime = 163.0704324245453
