CMD:./cbp traces/int/int_20_trace.gz
5000000 instrs 
10000000 instrs 
15000000 instrs 
20000000 instrs 
25000000 instrs 
30000000 instrs 
35000000 instrs 
40000000 instrs 
45000000 instrs 
50000000 instrs 
55000000 instrs 
60000000 instrs 
EOF
WINDOW_SIZE = 1024
FETCH_WIDTH = 16
FETCH_NUM_BRANCH = 16
FETCH_STOP_AT_INDIRECT = 1
FETCH_STOP_AT_TAKEN = 1
FETCH_MODEL_ICACHE = 1
PERFECT_BRANCH_PRED = 0
PERFECT_INDIRECT_PRED = 1
PIPELINE_FILL_LATENCY = 10
NUM_LDST_LANES = 8
NUM_ALU_LANES = 16
MEMORY HIERARCHY CONFIGURATION---------------------
STRIDE Prefetcher = 1
PERFECT_CACHE = 0
WRITE_ALLOCATE = 1
Within-pipeline factors:
	AGEN latency = 1 cycle
	Store Queue (SQ): SQ size = window size, oracle memory disambiguation, store-load forwarding = 1 cycle after store's or load's agen.
	* Note: A store searches the L1$ at commit. The store is released
	* from the SQ and window, whether it hits or misses. Store misses
	* are buffered until the block is allocated and the store is
	* performed in the L1$. While buffered, conflicting loads get
	* the store's data as they would from the SQ.
I$: 128 KB, 8-way set-assoc., 64B block size
L1$: 128 KB, 8-way set-assoc., 64B block size, 3-cycle search latency
L2$: 4 MB, 8-way set-assoc., 64B block size, 12-cycle search latency
L3$: 32 MB, 16-way set-assoc., 128B block size, 50-cycle search latency
Main Memory: 150-cycle fixed search time
---------------------------STORE QUEUE MEASUREMENTS (Full Simulation i.e. Counts Not Reset When Warmup Ends)---------------------------
Number of loads: 18126583
Number of loads that miss in SQ: 12882439 (71.07%)
Number of PFs issued to the memory system 1575205
---------------------------------------------------------------------------------------------------------------------------------------
------------------------MEMORY HIERARCHY MEASUREMENTS (Full Simulation i.e. Counts Not Reset When Warmup Ends)-------------------------
I$:
	accesses   = 68678744
	misses     = 47310
	miss ratio = 0.07%
	pf accesses   = 0
	pf misses     = 0
	pf miss ratio = -nan%
L1$:
	accesses   = 27658271
	misses     = 342347
	miss ratio = 1.24%
	pf accesses   = 1575205
	pf misses     = 122407
	pf miss ratio = 7.77%
L2$:
	accesses   = 389657
	misses     = 56970
	miss ratio = 14.62%
	pf accesses   = 122407
	pf misses     = 10641
	pf miss ratio = 8.69%
L3$:
	accesses   = 56970
	misses     = 34638
	miss ratio = 60.80%
	pf accesses   = 10641
	pf misses     = 5238
	pf miss ratio = 49.22%
---------------------------------------------------------------------------------------------------------------------------------------
----------------------------------------------Prefetcher (Full Simulation i.e. No Warmup)----------------------------------------------
Num Trainings :18126583
Num Prefetches generated :1581431
Num Prefetches issued :3633493
Num Prefetches filtered by PF queue :98178
Num untimely prefetches dropped from PF queue :6226
Num prefetches not issued LDST contention :2058288
Num prefetches not issued stride 0 :4348694
---------------------------------------------------------------------------------------------------------------------------------------

-------------------------------ILP LIMIT STUDY (Full Simulation i.e. Counts Not Reset When Warmup Ends)--------------------------------
instructions = 60000051
cycles       = 17358800
CycWP        = 5329664
IPC          = 3.4565

---------------------------------------------------------------------------------------------------------------------------------------
Top 10 highest count indices:
Index: 0x546EC4, Count: 2660
Index: 0x546C40, Count: 2406
Index: 0x59CBDC, Count: 1291
Index: 0x4980C8, Count: 1213
Index: 0x467580, Count: 1014
Index: 0x52BC18, Count: 845
Index: 0x5317E4, Count: 742
Index: 0x59B6A4, Count: 727
Index: 0x498024, Count: 643
Index: 0x465C84, Count: 591

-----------------------------------------------BRANCH PREDICTION MEASUREMENTS (Full Simulation i.e. Counts Not Reset When Warmup Ends)----------------------------------------------
Type                   NumBr     MispBr        mr     mpki
CondDirect          9561405     168424   1.7615%   2.8071
JumpDirect          1957277          0   0.0000%   0.0000
JumpIndirect         445245          0   0.0000%   0.0000
JumpReturn           908136          0   0.0000%   0.0000
Not control        55806681          0   0.0000%   0.0000
------------------------------------------------------------------------------------------------------------------------------------------------------------------------------------

------------------------------------------------------DIRECT CONDITIONAL BRANCH PREDICTION MEASUREMENTS (Last 10M instructions)-----------------------------------------------------
       Instr       Cycles      IPC      NumBr     MispBr BrPerCyc MispBrPerCyc        MR     MPKI      CycWP   CycWPAvg   CycWPPKI
    10000051      2581966   3.8730    1668734      29419   0.6463       0.0114   1.7630%   2.9419     827065    28.1133    82.7061
------------------------------------------------------------------------------------------------------------------------------------------------------------------------------------

------------------------------------------------------DIRECT CONDITIONAL BRANCH PREDICTION MEASUREMENTS (Last 25M instructions)-----------------------------------------------------
       Instr       Cycles      IPC      NumBr     MispBr BrPerCyc MispBrPerCyc        MR     MPKI      CycWP   CycWPAvg   CycWPPKI
    25000051      5918040   4.2244    4043110      65644   0.6832       0.0111   1.6236%   2.6258    1810761    27.5846    72.4303
-------------------------------------------------------------------------------------------------------------------------------------------------------------------------------------

---------------------------------------------------------DIRECT CONDITIONAL BRANCH PREDICTION MEASUREMENTS (50 Perc instructions)---------------------------------------------------
       Instr       Cycles      IPC      NumBr     MispBr BrPerCyc MispBrPerCyc        MR     MPKI      CycWP   CycWPAvg   CycWPPKI
    30000051      7212179   4.1596    4877083      81526   0.6762       0.0113   1.6716%   2.7175    2271938    27.8676    75.7311
------------------------------------------------------------------------------------------------------------------------------------------------------------------------------------

-------------------------------------DIRECT CONDITIONAL BRANCH PREDICTION MEASUREMENTS (Full Simulation i.e. Counts Not Reset When Warmup Ends)-------------------------------------
       Instr       Cycles      IPC      NumBr     MispBr BrPerCyc MispBrPerCyc        MR     MPKI      CycWP   CycWPAvg   CycWPPKI
    60000051     17358800   3.4565    9561405     168424   0.5508       0.0097   1.7615%   2.8071    5329664    31.6443    88.8277
------------------------------------------------------------------------------------------------------------------------------------------------------------------------------------
 Read 60000051 instrs 

ExecTime = 323.8064215183258
