CMD:./cbp traces/int/int_17_trace.gz
5000000 instrs 
10000000 instrs 
15000000 instrs 
20000000 instrs 
25000000 instrs 
30000000 instrs 
35000000 instrs 
EOF
WINDOW_SIZE = 1024
FETCH_WIDTH = 16
FETCH_NUM_BRANCH = 16
FETCH_STOP_AT_INDIRECT = 1
FETCH_STOP_AT_TAKEN = 1
FETCH_MODEL_ICACHE = 1
PERFECT_BRANCH_PRED = 0
PERFECT_INDIRECT_PRED = 1
PIPELINE_FILL_LATENCY = 10
NUM_LDST_LANES = 8
NUM_ALU_LANES = 16
MEMORY HIERARCHY CONFIGURATION---------------------
STRIDE Prefetcher = 1
PERFECT_CACHE = 0
WRITE_ALLOCATE = 1
Within-pipeline factors:
	AGEN latency = 1 cycle
	Store Queue (SQ): SQ size = window size, oracle memory disambiguation, store-load forwarding = 1 cycle after store's or load's agen.
	* Note: A store searches the L1$ at commit. The store is released
	* from the SQ and window, whether it hits or misses. Store misses
	* are buffered until the block is allocated and the store is
	* performed in the L1$. While buffered, conflicting loads get
	* the store's data as they would from the SQ.
I$: 128 KB, 8-way set-assoc., 64B block size
L1$: 128 KB, 8-way set-assoc., 64B block size, 3-cycle search latency
L2$: 4 MB, 8-way set-assoc., 64B block size, 12-cycle search latency
L3$: 32 MB, 16-way set-assoc., 128B block size, 50-cycle search latency
Main Memory: 150-cycle fixed search time
---------------------------STORE QUEUE MEASUREMENTS (Full Simulation i.e. Counts Not Reset When Warmup Ends)---------------------------
Number of loads: 11797080
Number of loads that miss in SQ: 9128411 (77.38%)
Number of PFs issued to the memory system 953188
---------------------------------------------------------------------------------------------------------------------------------------
------------------------MEMORY HIERARCHY MEASUREMENTS (Full Simulation i.e. Counts Not Reset When Warmup Ends)-------------------------
I$:
	accesses   = 45627854
	misses     = 125741
	miss ratio = 0.28%
	pf accesses   = 0
	pf misses     = 0
	pf miss ratio = -nan%
L1$:
	accesses   = 17932099
	misses     = 106816
	miss ratio = 0.60%
	pf accesses   = 953188
	pf misses     = 35023
	pf miss ratio = 3.67%
L2$:
	accesses   = 232557
	misses     = 47829
	miss ratio = 20.57%
	pf accesses   = 35023
	pf misses     = 6147
	pf miss ratio = 17.55%
L3$:
	accesses   = 47829
	misses     = 28793
	miss ratio = 60.20%
	pf accesses   = 6147
	pf misses     = 2910
	pf miss ratio = 47.34%
---------------------------------------------------------------------------------------------------------------------------------------
----------------------------------------------Prefetcher (Full Simulation i.e. No Warmup)----------------------------------------------
Num Trainings :11797080
Num Prefetches generated :956503
Num Prefetches issued :1834794
Num Prefetches filtered by PF queue :45296
Num untimely prefetches dropped from PF queue :3315
Num prefetches not issued LDST contention :881606
Num prefetches not issued stride 0 :2608149
---------------------------------------------------------------------------------------------------------------------------------------

-------------------------------ILP LIMIT STUDY (Full Simulation i.e. Counts Not Reset When Warmup Ends)--------------------------------
instructions = 39999987
cycles       = 16617321
CycWP        = 5851992
IPC          = 2.4071

---------------------------------------------------------------------------------------------------------------------------------------
Top 10 highest count indices:
Index: 0x4980C8, Count: 1712
Index: 0x465C84, Count: 1492
Index: 0x467580, Count: 1459
Index: 0x498024, Count: 1404
Index: 0xA46DCC, Count: 706
Index: 0x59CCC8, Count: 684
Index: 0x491D24, Count: 657
Index: 0x4672EC, Count: 649
Index: 0xA490C4, Count: 638
Index: 0x46758C, Count: 637

-----------------------------------------------BRANCH PREDICTION MEASUREMENTS (Full Simulation i.e. Counts Not Reset When Warmup Ends)----------------------------------------------
Type                   NumBr     MispBr        mr     mpki
CondDirect          6659971     255689   3.8392%   6.3922
JumpDirect          1207033          0   0.0000%   0.0000
JumpIndirect         260448          0   0.0000%   0.0000
JumpReturn           562896          0   0.0000%   0.0000
Not control        36937506          0   0.0000%   0.0000
------------------------------------------------------------------------------------------------------------------------------------------------------------------------------------

------------------------------------------------------DIRECT CONDITIONAL BRANCH PREDICTION MEASUREMENTS (Last 10M instructions)-----------------------------------------------------
       Instr       Cycles      IPC      NumBr     MispBr BrPerCyc MispBrPerCyc        MR     MPKI      CycWP   CycWPAvg   CycWPPKI
    10999987      3646779   3.0164    1815966      65005   0.4980       0.0178   3.5796%   5.9096    1429012    21.9831   129.9103
------------------------------------------------------------------------------------------------------------------------------------------------------------------------------------

------------------------------------------------------DIRECT CONDITIONAL BRANCH PREDICTION MEASUREMENTS (Last 25M instructions)-----------------------------------------------------
       Instr       Cycles      IPC      NumBr     MispBr BrPerCyc MispBrPerCyc        MR     MPKI      CycWP   CycWPAvg   CycWPPKI
    25999987      8652695   3.0048    4264239     151817   0.4928       0.0175   3.5602%   5.8391    3405941    22.4345   130.9978
-------------------------------------------------------------------------------------------------------------------------------------------------------------------------------------

---------------------------------------------------------DIRECT CONDITIONAL BRANCH PREDICTION MEASUREMENTS (50 Perc instructions)---------------------------------------------------
       Instr       Cycles      IPC      NumBr     MispBr BrPerCyc MispBrPerCyc        MR     MPKI      CycWP   CycWPAvg   CycWPPKI
    20999987      6685149   3.1413    3432362     119696   0.5134       0.0179   3.4873%   5.6998    2624302    21.9247   124.9668
------------------------------------------------------------------------------------------------------------------------------------------------------------------------------------

-------------------------------------DIRECT CONDITIONAL BRANCH PREDICTION MEASUREMENTS (Full Simulation i.e. Counts Not Reset When Warmup Ends)-------------------------------------
       Instr       Cycles      IPC      NumBr     MispBr BrPerCyc MispBrPerCyc        MR     MPKI      CycWP   CycWPAvg   CycWPPKI
    39999987     16617321   2.4071    6659971     255689   0.4008       0.0154   3.8392%   6.3922    5851992    22.8871   146.2998
------------------------------------------------------------------------------------------------------------------------------------------------------------------------------------
 Read 39999987 instrs 

ExecTime = 210.2273998260498
