CMD:./cbp traces/int/int_29_trace.gz
NOTE: Adding new entry to branch table for pc: 0x392bf0 | at index: 0
NOTE: Adding new entry to load table for pc: 0x392bec | at index: 0
NOTE: Adding new entry to branch table for pc: 0x392bf8 | at index: 1
NOTE: Adding new entry to branch table for pc: 0x392cd8 | at index: 2
NOTE: Adding new entry to branch table for pc: 0x392ed0 | at index: 3
NOTE: Adding new entry to load table for pc: 0x392ecc | at index: 1
NOTE: Adding new entry to branch table for pc: 0x39ea24 | at index: 4
NOTE: Adding new entry to branch table for pc: 0x39ed18 | at index: 5
5000000 instrs 
NOTE: Adding new entry to branch table for pc: 0x39ebac | at index: 6
10000000 instrs 
15000000 instrs 
20000000 instrs 
NOTE: Adding new entry to branch table for pc: 0x39ee54 | at index: 7
25000000 instrs 
30000000 instrs 
35000000 instrs 
40000000 instrs 
EOF
WINDOW_SIZE = 1024
FETCH_WIDTH = 16
FETCH_NUM_BRANCH = 16
FETCH_STOP_AT_INDIRECT = 1
FETCH_STOP_AT_TAKEN = 1
FETCH_MODEL_ICACHE = 1
PERFECT_BRANCH_PRED = 0
PERFECT_INDIRECT_PRED = 1
PIPELINE_FILL_LATENCY = 10
NUM_LDST_LANES = 8
NUM_ALU_LANES = 16
MEMORY HIERARCHY CONFIGURATION---------------------
STRIDE Prefetcher = 1
PERFECT_CACHE = 0
WRITE_ALLOCATE = 1
Within-pipeline factors:
	AGEN latency = 1 cycle
	Store Queue (SQ): SQ size = window size, oracle memory disambiguation, store-load forwarding = 1 cycle after store's or load's agen.
	* Note: A store searches the L1$ at commit. The store is released
	* from the SQ and window, whether it hits or misses. Store misses
	* are buffered until the block is allocated and the store is
	* performed in the L1$. While buffered, conflicting loads get
	* the store's data as they would from the SQ.
I$: 128 KB, 8-way set-assoc., 64B block size
L1$: 128 KB, 8-way set-assoc., 64B block size, 3-cycle search latency
L2$: 4 MB, 8-way set-assoc., 64B block size, 12-cycle search latency
L3$: 32 MB, 16-way set-assoc., 128B block size, 50-cycle search latency
Main Memory: 150-cycle fixed search time
---------------------------STORE QUEUE MEASUREMENTS (Full Simulation i.e. Counts Not Reset When Warmup Ends)---------------------------
Number of loads: 13087178
Number of loads that miss in SQ: 11571224 (88.42%)
Number of PFs issued to the memory system 430994
---------------------------------------------------------------------------------------------------------------------------------------
------------------------MEMORY HIERARCHY MEASUREMENTS (Full Simulation i.e. Counts Not Reset When Warmup Ends)-------------------------
I$:
	accesses   = 44549358
	misses     = 421
	miss ratio = 0.00%
	pf accesses   = 0
	pf misses     = 0
	pf miss ratio = -nan%
L1$:
	accesses   = 17697944
	misses     = 28691
	miss ratio = 0.16%
	pf accesses   = 430994
	pf misses     = 3631
	pf miss ratio = 0.84%
L2$:
	accesses   = 29112
	misses     = 3721
	miss ratio = 12.78%
	pf accesses   = 3631
	pf misses     = 1792
	pf miss ratio = 49.35%
L3$:
	accesses   = 3721
	misses     = 2438
	miss ratio = 65.52%
	pf accesses   = 1792
	pf misses     = 895
	pf miss ratio = 49.94%
---------------------------------------------------------------------------------------------------------------------------------------
----------------------------------------------Prefetcher (Full Simulation i.e. No Warmup)----------------------------------------------
Num Trainings :13087178
Num Prefetches generated :446439
Num Prefetches issued :1122238
Num Prefetches filtered by PF queue :58675
Num untimely prefetches dropped from PF queue :15445
Num prefetches not issued LDST contention :691244
Num prefetches not issued stride 0 :3148308
---------------------------------------------------------------------------------------------------------------------------------------

-------------------------------ILP LIMIT STUDY (Full Simulation i.e. Counts Not Reset When Warmup Ends)--------------------------------
instructions = 40000052
cycles       = 15999054
CycWP        = 12153502
IPC          = 2.5002

---------------------------------------------------------------------------------------------------------------------------------------
Top 10 highest count indices:
Index: 0x399A78, Count: 27408
Index: 0x39E99C, Count: 23673
Index: 0x399AF0, Count: 16741
Index: 0x39DF9C, Count: 12839
Index: 0x39DD00, Count: 11492
Index: 0x39EA24, Count: 11426
Index: 0x39ED18, Count: 11301
Index: 0x399B28, Count: 9760
Index: 0x392BF0, Count: 9754
Index: 0x39E7E4, Count: 9317

-----------------------------------------------BRANCH PREDICTION MEASUREMENTS (Full Simulation i.e. Counts Not Reset When Warmup Ends)----------------------------------------------
Type                   NumBr     MispBr        mr     mpki
CondDirect          4048870     501303  12.3813%  12.5326
JumpDirect           635406          0   0.0000%   0.0000
JumpIndirect            463          0   0.0000%   0.0000
JumpReturn           277612          0   0.0000%   0.0000
Not control        39587007          0   0.0000%   0.0000
------------------------------------------------------------------------------------------------------------------------------------------------------------------------------------

------------------------------------------------------DIRECT CONDITIONAL BRANCH PREDICTION MEASUREMENTS (Last 10M instructions)-----------------------------------------------------
       Instr       Cycles      IPC      NumBr     MispBr BrPerCyc MispBrPerCyc        MR     MPKI      CycWP   CycWPAvg   CycWPPKI
    10000052      3879877   2.5774    1009075     122200   0.2601       0.0315  12.1101%  12.2199    2934457    24.0136   293.4442
------------------------------------------------------------------------------------------------------------------------------------------------------------------------------------

------------------------------------------------------DIRECT CONDITIONAL BRANCH PREDICTION MEASUREMENTS (Last 25M instructions)-----------------------------------------------------
       Instr       Cycles      IPC      NumBr     MispBr BrPerCyc MispBrPerCyc        MR     MPKI      CycWP   CycWPAvg   CycWPPKI
    25000052      9703909   2.5763    2528434     305532   0.2606       0.0315  12.0838%  12.2213    7340534    24.0254   293.6207
-------------------------------------------------------------------------------------------------------------------------------------------------------------------------------------

---------------------------------------------------------DIRECT CONDITIONAL BRANCH PREDICTION MEASUREMENTS (50 Perc instructions)---------------------------------------------------
       Instr       Cycles      IPC      NumBr     MispBr BrPerCyc MispBrPerCyc        MR     MPKI      CycWP   CycWPAvg   CycWPPKI
    20000052      7754506   2.5792    2031315     244443   0.2620       0.0315  12.0337%  12.2221    5864518    23.9914   293.2251
------------------------------------------------------------------------------------------------------------------------------------------------------------------------------------

-------------------------------------DIRECT CONDITIONAL BRANCH PREDICTION MEASUREMENTS (Full Simulation i.e. Counts Not Reset When Warmup Ends)-------------------------------------
       Instr       Cycles      IPC      NumBr     MispBr BrPerCyc MispBrPerCyc        MR     MPKI      CycWP   CycWPAvg   CycWPPKI
    40000052     15999054   2.5002    4048870     501303   0.2531       0.0313  12.3813%  12.5326   12153502    24.2438   303.8372
------------------------------------------------------------------------------------------------------------------------------------------------------------------------------------
 Read 40000052 instrs 

ExecTime = 194.96914958953857
