CMD:./cbp traces/int/int_36_trace.gz
NOTE: Adding new entry to branch table for pc: 0x7c2979e27c | at index: 0
5000000 instrs 
10000000 instrs 
15000000 instrs 
NOTE: Adding new entry to branch table for pc: 0xffffff800882a150 | at index: 1
NOTE: Adding new entry to branch table for pc: 0x7ca0bdebb4 | at index: 2
NOTE: Adding new entry to load table for pc: 0x7ca0bdebb0 | at index: 0
NOTE: Adding new entry to branch table for pc: 0x7ca0bded24 | at index: 3
NOTE: Adding new entry to branch table for pc: 0x7ca0bdefd0 | at index: 4
NOTE: Adding new entry to branch table for pc: 0x7ca0bdf028 | at index: 5
NOTE: Adding new entry to load table for pc: 0x7ca0bdf018 | at index: 1
NOTE: Adding new entry to branch table for pc: 0x7ca0bdf210 | at index: 6
NOTE: Adding new entry to load table for pc: 0x70d982e0 | at index: 2
20000000 instrs 
25000000 instrs 
NOTE: Adding new entry to load table for pc: 0x7005f20c | at index: 3
30000000 instrs 
NOTE: Adding new entry to branch table for pc: 0xffffff8008496ad4 | at index: 7
NOTE: Adding new entry to branch table for pc: 0x7ca148c990 | at index: 8
NOTE: Adding new entry to branch table for pc: 0x7ca148c9cc | at index: 9
35000000 instrs 
40000000 instrs 
NOTE: Adding new entry to load table for pc: 0x7005f264 | at index: 4
45000000 instrs 
NOTE: Adding new entry to branch table for pc: 0x7ca302b538 | at index: 10
NOTE: Adding new entry to branch table for pc: 0x7c1ddac968 | at index: 11
NOTE: Adding new entry to load table for pc: 0x7ca302b534 | at index: 5
50000000 instrs 
EOF
WINDOW_SIZE = 1024
FETCH_WIDTH = 16
FETCH_NUM_BRANCH = 16
FETCH_STOP_AT_INDIRECT = 1
FETCH_STOP_AT_TAKEN = 1
FETCH_MODEL_ICACHE = 1
PERFECT_BRANCH_PRED = 0
PERFECT_INDIRECT_PRED = 1
PIPELINE_FILL_LATENCY = 10
NUM_LDST_LANES = 8
NUM_ALU_LANES = 16
MEMORY HIERARCHY CONFIGURATION---------------------
STRIDE Prefetcher = 1
PERFECT_CACHE = 0
WRITE_ALLOCATE = 1
Within-pipeline factors:
	AGEN latency = 1 cycle
	Store Queue (SQ): SQ size = window size, oracle memory disambiguation, store-load forwarding = 1 cycle after store's or load's agen.
	* Note: A store searches the L1$ at commit. The store is released
	* from the SQ and window, whether it hits or misses. Store misses
	* are buffered until the block is allocated and the store is
	* performed in the L1$. While buffered, conflicting loads get
	* the store's data as they would from the SQ.
I$: 128 KB, 8-way set-assoc., 64B block size
L1$: 128 KB, 8-way set-assoc., 64B block size, 3-cycle search latency
L2$: 4 MB, 8-way set-assoc., 64B block size, 12-cycle search latency
L3$: 32 MB, 16-way set-assoc., 128B block size, 50-cycle search latency
Main Memory: 150-cycle fixed search time
---------------------------STORE QUEUE MEASUREMENTS (Full Simulation i.e. Counts Not Reset When Warmup Ends)---------------------------
Number of loads: 16097187
Number of loads that miss in SQ: 11686553 (72.60%)
Number of PFs issued to the memory system 1318830
---------------------------------------------------------------------------------------------------------------------------------------
------------------------MEMORY HIERARCHY MEASUREMENTS (Full Simulation i.e. Counts Not Reset When Warmup Ends)-------------------------
I$:
	accesses   = 62889815
	misses     = 453631
	miss ratio = 0.72%
	pf accesses   = 0
	pf misses     = 0
	pf miss ratio = -nan%
L1$:
	accesses   = 25589321
	misses     = 507363
	miss ratio = 1.98%
	pf accesses   = 1318830
	pf misses     = 103218
	pf miss ratio = 7.83%
L2$:
	accesses   = 960994
	misses     = 381728
	miss ratio = 39.72%
	pf accesses   = 103218
	pf misses     = 60940
	pf miss ratio = 59.04%
L3$:
	accesses   = 381728
	misses     = 171305
	miss ratio = 44.88%
	pf accesses   = 60940
	pf misses     = 25784
	pf miss ratio = 42.31%
---------------------------------------------------------------------------------------------------------------------------------------
----------------------------------------------Prefetcher (Full Simulation i.e. No Warmup)----------------------------------------------
Num Trainings :16097187
Num Prefetches generated :1323106
Num Prefetches issued :2515636
Num Prefetches filtered by PF queue :101511
Num untimely prefetches dropped from PF queue :4276
Num prefetches not issued LDST contention :1196806
Num prefetches not issued stride 0 :3867764
---------------------------------------------------------------------------------------------------------------------------------------

-------------------------------ILP LIMIT STUDY (Full Simulation i.e. Counts Not Reset When Warmup Ends)--------------------------------
instructions = 53761949
cycles       = 35588654
CycWP        = 9795457
IPC          = 1.5106

---------------------------------------------------------------------------------------------------------------------------------------
Top 10 highest count indices:
Index: 0x7CA302B538, Count: 3973
Index: 0xFFFFFF800827D59C, Count: 3078
Index: 0x7CA148C990, Count: 1333
Index: 0xFFFFFF8008270548, Count: 1297
Index: 0x7C1DDAC968, Count: 1251
Index: 0x7CA148C9CC, Count: 1242
Index: 0xFFFFFF800827D5AC, Count: 1032
Index: 0xFFFFFF80085109CC, Count: 1028
Index: 0x7C1DEE4E80, Count: 980
Index: 0x7C1DEE4EAC, Count: 979

-----------------------------------------------BRANCH PREDICTION MEASUREMENTS (Full Simulation i.e. Counts Not Reset When Warmup Ends)----------------------------------------------
Type                   NumBr     MispBr        mr     mpki
CondDirect          7755130     214495   2.7658%   3.9897
JumpDirect          1734977          0   0.0000%   0.0000
JumpIndirect         511447          0   0.0000%   0.0000
JumpReturn          1265090          0   0.0000%   0.0000
Not control        51623171          0   0.0000%   0.0000
------------------------------------------------------------------------------------------------------------------------------------------------------------------------------------

------------------------------------------------------DIRECT CONDITIONAL BRANCH PREDICTION MEASUREMENTS (Last 10M instructions)-----------------------------------------------------
       Instr       Cycles      IPC      NumBr     MispBr BrPerCyc MispBrPerCyc        MR     MPKI      CycWP   CycWPAvg   CycWPPKI
    10761949      5832117   1.8453    1611180      45887   0.2763       0.0079   2.8480%   4.2638    1917782    41.7936   178.2002
------------------------------------------------------------------------------------------------------------------------------------------------------------------------------------

------------------------------------------------------DIRECT CONDITIONAL BRANCH PREDICTION MEASUREMENTS (Last 25M instructions)-----------------------------------------------------
       Instr       Cycles      IPC      NumBr     MispBr BrPerCyc MispBrPerCyc        MR     MPKI      CycWP   CycWPAvg   CycWPPKI
    25761949     14037269   1.8353    3841981      96039   0.2737       0.0068   2.4997%   3.7279    3990487    41.5507   154.8985
-------------------------------------------------------------------------------------------------------------------------------------------------------------------------------------

---------------------------------------------------------DIRECT CONDITIONAL BRANCH PREDICTION MEASUREMENTS (50 Perc instructions)---------------------------------------------------
       Instr       Cycles      IPC      NumBr     MispBr BrPerCyc MispBrPerCyc        MR     MPKI      CycWP   CycWPAvg   CycWPPKI
    27761949     15404368   1.8022    4116890     105656   0.2673       0.0069   2.5664%   3.8058    4363855    41.3025   157.1884
------------------------------------------------------------------------------------------------------------------------------------------------------------------------------------

-------------------------------------DIRECT CONDITIONAL BRANCH PREDICTION MEASUREMENTS (Full Simulation i.e. Counts Not Reset When Warmup Ends)-------------------------------------
       Instr       Cycles      IPC      NumBr     MispBr BrPerCyc MispBrPerCyc        MR     MPKI      CycWP   CycWPAvg   CycWPPKI
    53761949     35588654   1.5106    7755130     214495   0.2179       0.0060   2.7658%   3.9897    9795457    45.6675   182.2006
------------------------------------------------------------------------------------------------------------------------------------------------------------------------------------
 Read 53761949 instrs 

ExecTime = 298.8432619571686
