CMD:./cbp traces/int/int_26_trace.gz
NOTE: Adding new entry to branch table for pc: 0x2e085c | at index: 0
NOTE: Adding new entry to load table for pc: 0x2e0854 | at index: 0
NOTE: Adding new entry to branch table for pc: 0x2e6838 | at index: 1
NOTE: Adding new entry to branch table for pc: 0x2d497c | at index: 2
NOTE: Adding new entry to branch table for pc: 0x2edb9c | at index: 3
5000000 instrs 
10000000 instrs 
15000000 instrs 
NOTE: Adding new entry to branch table for pc: 0x2db774 | at index: 4
NOTE: Adding new entry to branch table for pc: 0x2db760 | at index: 5
20000000 instrs 
NOTE: Adding new entry to branch table for pc: 0x311628 | at index: 6
NOTE: Adding new entry to load table for pc: 0x311624 | at index: 1
25000000 instrs 
30000000 instrs 
35000000 instrs 
40000000 instrs 
EOF
WINDOW_SIZE = 1024
FETCH_WIDTH = 16
FETCH_NUM_BRANCH = 16
FETCH_STOP_AT_INDIRECT = 1
FETCH_STOP_AT_TAKEN = 1
FETCH_MODEL_ICACHE = 1
PERFECT_BRANCH_PRED = 0
PERFECT_INDIRECT_PRED = 1
PIPELINE_FILL_LATENCY = 10
NUM_LDST_LANES = 8
NUM_ALU_LANES = 16
MEMORY HIERARCHY CONFIGURATION---------------------
STRIDE Prefetcher = 1
PERFECT_CACHE = 0
WRITE_ALLOCATE = 1
Within-pipeline factors:
	AGEN latency = 1 cycle
	Store Queue (SQ): SQ size = window size, oracle memory disambiguation, store-load forwarding = 1 cycle after store's or load's agen.
	* Note: A store searches the L1$ at commit. The store is released
	* from the SQ and window, whether it hits or misses. Store misses
	* are buffered until the block is allocated and the store is
	* performed in the L1$. While buffered, conflicting loads get
	* the store's data as they would from the SQ.
I$: 128 KB, 8-way set-assoc., 64B block size
L1$: 128 KB, 8-way set-assoc., 64B block size, 3-cycle search latency
L2$: 4 MB, 8-way set-assoc., 64B block size, 12-cycle search latency
L3$: 32 MB, 16-way set-assoc., 128B block size, 50-cycle search latency
Main Memory: 150-cycle fixed search time
---------------------------STORE QUEUE MEASUREMENTS (Full Simulation i.e. Counts Not Reset When Warmup Ends)---------------------------
Number of loads: 7737147
Number of loads that miss in SQ: 7069624 (91.37%)
Number of PFs issued to the memory system 1097389
---------------------------------------------------------------------------------------------------------------------------------------
------------------------MEMORY HIERARCHY MEASUREMENTS (Full Simulation i.e. Counts Not Reset When Warmup Ends)-------------------------
I$:
	accesses   = 50527735
	misses     = 26311
	miss ratio = 0.05%
	pf accesses   = 0
	pf misses     = 0
	pf miss ratio = -nan%
L1$:
	accesses   = 9478443
	misses     = 18021
	miss ratio = 0.19%
	pf accesses   = 1097389
	pf misses     = 1667
	pf miss ratio = 0.15%
L2$:
	accesses   = 44332
	misses     = 14941
	miss ratio = 33.70%
	pf accesses   = 1667
	pf misses     = 1026
	pf miss ratio = 61.55%
L3$:
	accesses   = 14941
	misses     = 8808
	miss ratio = 58.95%
	pf accesses   = 1026
	pf misses     = 610
	pf miss ratio = 59.45%
---------------------------------------------------------------------------------------------------------------------------------------
----------------------------------------------Prefetcher (Full Simulation i.e. No Warmup)----------------------------------------------
Num Trainings :7737147
Num Prefetches generated :1114506
Num Prefetches issued :4094976
Num Prefetches filtered by PF queue :354936
Num untimely prefetches dropped from PF queue :17117
Num prefetches not issued LDST contention :2997587
Num prefetches not issued stride 0 :1475892
---------------------------------------------------------------------------------------------------------------------------------------

-------------------------------ILP LIMIT STUDY (Full Simulation i.e. Counts Not Reset When Warmup Ends)--------------------------------
instructions = 40000052
cycles       = 6839508
CycWP        = 1830949
IPC          = 5.8484

---------------------------------------------------------------------------------------------------------------------------------------
Top 10 highest count indices:
Index: 0x2E085C, Count: 2674
Index: 0x2B6C74, Count: 2547
Index: 0x2D497C, Count: 1186
Index: 0x2E64A4, Count: 1013
Index: 0x2EDB9C, Count: 811
Index: 0x2E6838, Count: 809
Index: 0x2E69E0, Count: 762
Index: 0x2E0944, Count: 736
Index: 0x2D49CC, Count: 721
Index: 0x2F92C8, Count: 706

-----------------------------------------------BRANCH PREDICTION MEASUREMENTS (Full Simulation i.e. Counts Not Reset When Warmup Ends)----------------------------------------------
Type                   NumBr     MispBr        mr     mpki
CondDirect          2130479      54680   2.5666%   1.3670
JumpDirect           446325          0   0.0000%   0.0000
JumpIndirect         145993          0   0.0000%   0.0000
JumpReturn           178174          0   0.0000%   0.0000
Not control        47626764          0   0.0000%   0.0000
------------------------------------------------------------------------------------------------------------------------------------------------------------------------------------

------------------------------------------------------DIRECT CONDITIONAL BRANCH PREDICTION MEASUREMENTS (Last 10M instructions)-----------------------------------------------------
       Instr       Cycles      IPC      NumBr     MispBr BrPerCyc MispBrPerCyc        MR     MPKI      CycWP   CycWPAvg   CycWPPKI
    10000052      1583257   6.3161     550654      11635   0.3478       0.0073   2.1129%   1.1635     399525    34.3382    39.9523
------------------------------------------------------------------------------------------------------------------------------------------------------------------------------------

------------------------------------------------------DIRECT CONDITIONAL BRANCH PREDICTION MEASUREMENTS (Last 25M instructions)-----------------------------------------------------
       Instr       Cycles      IPC      NumBr     MispBr BrPerCyc MispBrPerCyc        MR     MPKI      CycWP   CycWPAvg   CycWPPKI
    25000052      4050617   6.1719    1347413      32006   0.3326       0.0079   2.3754%   1.2802    1085103    33.9031    43.4040
-------------------------------------------------------------------------------------------------------------------------------------------------------------------------------------

---------------------------------------------------------DIRECT CONDITIONAL BRANCH PREDICTION MEASUREMENTS (50 Perc instructions)---------------------------------------------------
       Instr       Cycles      IPC      NumBr     MispBr BrPerCyc MispBrPerCyc        MR     MPKI      CycWP   CycWPAvg   CycWPPKI
    20000052      3210473   6.2296    1067816      25384   0.3326       0.0079   2.3772%   1.2692     869813    34.2662    43.4905
------------------------------------------------------------------------------------------------------------------------------------------------------------------------------------

-------------------------------------DIRECT CONDITIONAL BRANCH PREDICTION MEASUREMENTS (Full Simulation i.e. Counts Not Reset When Warmup Ends)-------------------------------------
       Instr       Cycles      IPC      NumBr     MispBr BrPerCyc MispBrPerCyc        MR     MPKI      CycWP   CycWPAvg   CycWPPKI
    40000052      6839508   5.8484    2130479      54680   0.3115       0.0080   2.5666%   1.3670    1830949    33.4848    45.7737
------------------------------------------------------------------------------------------------------------------------------------------------------------------------------------
 Read 40000052 instrs 

ExecTime = 211.6668405532837
