CMD:./cbp traces/int/int_21_trace.gz
NOTE: Adding new entry to branch table for pc: 0x2a32d0 | at index: 0
NOTE: Adding new entry to branch table for pc: 0x2a3328 | at index: 1
NOTE: Adding new entry to branch table for pc: 0x2a32d4 | at index: 2
NOTE: Adding new entry to branch table for pc: 0x2a332c | at index: 3
NOTE: Adding new entry to branch table for pc: 0x2a32ec | at index: 4
NOTE: Adding new entry to branch table for pc: 0x2a3344 | at index: 5
NOTE: Adding new entry to branch table for pc: 0x29fc2c | at index: 6
NOTE: Adding new entry to branch table for pc: 0x2a39e8 | at index: 7
5000000 instrs 
10000000 instrs 
15000000 instrs 
20000000 instrs 
25000000 instrs 
NOTE: Adding new entry to branch table for pc: 0x29fe78 | at index: 8
NOTE: Adding new entry to branch table for pc: 0x29fe90 | at index: 9
30000000 instrs 
35000000 instrs 
40000000 instrs 
EOF
WINDOW_SIZE = 1024
FETCH_WIDTH = 16
FETCH_NUM_BRANCH = 16
FETCH_STOP_AT_INDIRECT = 1
FETCH_STOP_AT_TAKEN = 1
FETCH_MODEL_ICACHE = 1
PERFECT_BRANCH_PRED = 0
PERFECT_INDIRECT_PRED = 1
PIPELINE_FILL_LATENCY = 10
NUM_LDST_LANES = 8
NUM_ALU_LANES = 16
MEMORY HIERARCHY CONFIGURATION---------------------
STRIDE Prefetcher = 1
PERFECT_CACHE = 0
WRITE_ALLOCATE = 1
Within-pipeline factors:
	AGEN latency = 1 cycle
	Store Queue (SQ): SQ size = window size, oracle memory disambiguation, store-load forwarding = 1 cycle after store's or load's agen.
	* Note: A store searches the L1$ at commit. The store is released
	* from the SQ and window, whether it hits or misses. Store misses
	* are buffered until the block is allocated and the store is
	* performed in the L1$. While buffered, conflicting loads get
	* the store's data as they would from the SQ.
I$: 128 KB, 8-way set-assoc., 64B block size
L1$: 128 KB, 8-way set-assoc., 64B block size, 3-cycle search latency
L2$: 4 MB, 8-way set-assoc., 64B block size, 12-cycle search latency
L3$: 32 MB, 16-way set-assoc., 128B block size, 50-cycle search latency
Main Memory: 150-cycle fixed search time
---------------------------STORE QUEUE MEASUREMENTS (Full Simulation i.e. Counts Not Reset When Warmup Ends)---------------------------
Number of loads: 13297026
Number of loads that miss in SQ: 12639532 (95.06%)
Number of PFs issued to the memory system 3399672
---------------------------------------------------------------------------------------------------------------------------------------
------------------------MEMORY HIERARCHY MEASUREMENTS (Full Simulation i.e. Counts Not Reset When Warmup Ends)-------------------------
I$:
	accesses   = 41916369
	misses     = 88
	miss ratio = 0.00%
	pf accesses   = 0
	pf misses     = 0
	pf miss ratio = -nan%
L1$:
	accesses   = 15499272
	misses     = 1395324
	miss ratio = 9.00%
	pf accesses   = 3399672
	pf misses     = 682914
	pf miss ratio = 20.09%
L2$:
	accesses   = 1395412
	misses     = 58713
	miss ratio = 4.21%
	pf accesses   = 682914
	pf misses     = 619179
	pf miss ratio = 90.67%
L3$:
	accesses   = 58713
	misses     = 21728
	miss ratio = 37.01%
	pf accesses   = 619179
	pf misses     = 310158
	pf miss ratio = 50.09%
---------------------------------------------------------------------------------------------------------------------------------------
----------------------------------------------Prefetcher (Full Simulation i.e. No Warmup)----------------------------------------------
Num Trainings :13297026
Num Prefetches generated :3407126
Num Prefetches issued :4070713
Num Prefetches filtered by PF queue :40278
Num untimely prefetches dropped from PF queue :7454
Num prefetches not issued LDST contention :671041
Num prefetches not issued stride 0 :2538221
---------------------------------------------------------------------------------------------------------------------------------------

-------------------------------ILP LIMIT STUDY (Full Simulation i.e. Counts Not Reset When Warmup Ends)--------------------------------
instructions = 40000052
cycles       = 46437161
CycWP        = 41560537
IPC          = 0.8614

---------------------------------------------------------------------------------------------------------------------------------------
Top 10 highest count indices:
Index: 0x2A3328, Count: 189313
Index: 0x2A32D0, Count: 162242
Index: 0x29FC2C, Count: 128222
Index: 0x2A32D4, Count: 64998
Index: 0x2A332C, Count: 55166
Index: 0x2A32EC, Count: 51691
Index: 0x2A3344, Count: 46208
Index: 0x2A2BD4, Count: 38762
Index: 0x2A2B7C, Count: 20661
Index: 0x2A3318, Count: 18926

-----------------------------------------------BRANCH PREDICTION MEASUREMENTS (Full Simulation i.e. Counts Not Reset When Warmup Ends)----------------------------------------------
Type                   NumBr     MispBr        mr     mpki
CondDirect          9059172     966011  10.6633%  24.1502
JumpDirect          1640026          0   0.0000%   0.0000
JumpIndirect              2          0   0.0000%   0.0000
JumpReturn            29284          0   0.0000%   0.0000
Not control        31187885          0   0.0000%   0.0000
------------------------------------------------------------------------------------------------------------------------------------------------------------------------------------

------------------------------------------------------DIRECT CONDITIONAL BRANCH PREDICTION MEASUREMENTS (Last 10M instructions)-----------------------------------------------------
       Instr       Cycles      IPC      NumBr     MispBr BrPerCyc MispBrPerCyc        MR     MPKI      CycWP   CycWPAvg   CycWPPKI
    10000052     10587230   0.9445    2236186     257738   0.2112       0.0243  11.5258%  25.7737    9327573    36.1901   932.7524
------------------------------------------------------------------------------------------------------------------------------------------------------------------------------------

------------------------------------------------------DIRECT CONDITIONAL BRANCH PREDICTION MEASUREMENTS (Last 25M instructions)-----------------------------------------------------
       Instr       Cycles      IPC      NumBr     MispBr BrPerCyc MispBrPerCyc        MR     MPKI      CycWP   CycWPAvg   CycWPPKI
    25000052     28496642   0.8773    5643767     611041   0.1981       0.0214  10.8268%  24.4416   25430243    41.6179  1017.2076
-------------------------------------------------------------------------------------------------------------------------------------------------------------------------------------

---------------------------------------------------------DIRECT CONDITIONAL BRANCH PREDICTION MEASUREMENTS (50 Perc instructions)---------------------------------------------------
       Instr       Cycles      IPC      NumBr     MispBr BrPerCyc MispBrPerCyc        MR     MPKI      CycWP   CycWPAvg   CycWPPKI
    20000052     22847486   0.8754    4504449     495434   0.1972       0.0217  10.9988%  24.7716   20377013    41.1296  1018.8480
------------------------------------------------------------------------------------------------------------------------------------------------------------------------------------

-------------------------------------DIRECT CONDITIONAL BRANCH PREDICTION MEASUREMENTS (Full Simulation i.e. Counts Not Reset When Warmup Ends)-------------------------------------
       Instr       Cycles      IPC      NumBr     MispBr BrPerCyc MispBrPerCyc        MR     MPKI      CycWP   CycWPAvg   CycWPPKI
    40000052     46437161   0.8614    9059172     966011   0.1951       0.0208  10.6633%  24.1502   41560537    43.0228  1039.0121
------------------------------------------------------------------------------------------------------------------------------------------------------------------------------------
 Read 40000052 instrs 

ExecTime = 196.30317091941833
