CMD:./cbp traces/int/int_20_trace.gz
NOTE: Adding new entry to branch table for pc: 0x52bbf4 | at index: 0
NOTE: Adding new entry to branch table for pc: 0x52bc18 | at index: 1
NOTE: Adding new entry to load table for pc: 0x52bc14 | at index: 0
NOTE: Adding new entry to branch table for pc: 0x52b2d8 | at index: 2
NOTE: Adding new entry to branch table for pc: 0xa49398 | at index: 3
NOTE: Adding new entry to branch table for pc: 0x961e00 | at index: 4
NOTE: Adding new entry to branch table for pc: 0x961e0c | at index: 5
NOTE: Adding new entry to load table for pc: 0x961e08 | at index: 1
NOTE: Adding new entry to branch table for pc: 0x530044 | at index: 6
NOTE: Adding new entry to branch table for pc: 0x5568c0 | at index: 7
5000000 instrs 
NOTE: Adding new entry to branch table for pc: 0x962a48 | at index: 8
NOTE: Adding new entry to branch table for pc: 0x65e860 | at index: 9
NOTE: Adding new entry to branch table for pc: 0x65ea7c | at index: 10
10000000 instrs 
NOTE: Adding new entry to branch table for pc: 0x5d1ad4 | at index: 11
NOTE: Adding new entry to branch table for pc: 0x5c97cc | at index: 12
NOTE: Adding new entry to load table for pc: 0x5c97c8 | at index: 2
NOTE: Adding new entry to branch table for pc: 0xc09548 | at index: 13
NOTE: Adding new entry to branch table for pc: 0xc0998c | at index: 14
NOTE: Adding new entry to branch table for pc: 0x464c78 | at index: 15
NOTE: Adding new entry to load table for pc: 0x464c3c | at index: 3
15000000 instrs 
20000000 instrs 
NOTE: Adding new entry to load table for pc: 0x5d68bc | at index: 4
25000000 instrs 
30000000 instrs 
35000000 instrs 
40000000 instrs 
45000000 instrs 
50000000 instrs 
55000000 instrs 
60000000 instrs 
EOF
WINDOW_SIZE = 1024
FETCH_WIDTH = 16
FETCH_NUM_BRANCH = 16
FETCH_STOP_AT_INDIRECT = 1
FETCH_STOP_AT_TAKEN = 1
FETCH_MODEL_ICACHE = 1
PERFECT_BRANCH_PRED = 0
PERFECT_INDIRECT_PRED = 1
PIPELINE_FILL_LATENCY = 10
NUM_LDST_LANES = 8
NUM_ALU_LANES = 16
MEMORY HIERARCHY CONFIGURATION---------------------
STRIDE Prefetcher = 1
PERFECT_CACHE = 0
WRITE_ALLOCATE = 1
Within-pipeline factors:
	AGEN latency = 1 cycle
	Store Queue (SQ): SQ size = window size, oracle memory disambiguation, store-load forwarding = 1 cycle after store's or load's agen.
	* Note: A store searches the L1$ at commit. The store is released
	* from the SQ and window, whether it hits or misses. Store misses
	* are buffered until the block is allocated and the store is
	* performed in the L1$. While buffered, conflicting loads get
	* the store's data as they would from the SQ.
I$: 128 KB, 8-way set-assoc., 64B block size
L1$: 128 KB, 8-way set-assoc., 64B block size, 3-cycle search latency
L2$: 4 MB, 8-way set-assoc., 64B block size, 12-cycle search latency
L3$: 32 MB, 16-way set-assoc., 128B block size, 50-cycle search latency
Main Memory: 150-cycle fixed search time
---------------------------STORE QUEUE MEASUREMENTS (Full Simulation i.e. Counts Not Reset When Warmup Ends)---------------------------
Number of loads: 18126583
Number of loads that miss in SQ: 12887956 (71.10%)
Number of PFs issued to the memory system 1575297
---------------------------------------------------------------------------------------------------------------------------------------
------------------------MEMORY HIERARCHY MEASUREMENTS (Full Simulation i.e. Counts Not Reset When Warmup Ends)-------------------------
I$:
	accesses   = 68678744
	misses     = 47310
	miss ratio = 0.07%
	pf accesses   = 0
	pf misses     = 0
	pf miss ratio = -nan%
L1$:
	accesses   = 27658271
	misses     = 342341
	miss ratio = 1.24%
	pf accesses   = 1575297
	pf misses     = 122411
	pf miss ratio = 7.77%
L2$:
	accesses   = 389651
	misses     = 56990
	miss ratio = 14.63%
	pf accesses   = 122411
	pf misses     = 10621
	pf miss ratio = 8.68%
L3$:
	accesses   = 56990
	misses     = 34648
	miss ratio = 60.80%
	pf accesses   = 10621
	pf misses     = 5228
	pf miss ratio = 49.22%
---------------------------------------------------------------------------------------------------------------------------------------
----------------------------------------------Prefetcher (Full Simulation i.e. No Warmup)----------------------------------------------
Num Trainings :18126583
Num Prefetches generated :1581655
Num Prefetches issued :3630077
Num Prefetches filtered by PF queue :97954
Num untimely prefetches dropped from PF queue :6358
Num prefetches not issued LDST contention :2054780
Num prefetches not issued stride 0 :4348694
---------------------------------------------------------------------------------------------------------------------------------------

-------------------------------ILP LIMIT STUDY (Full Simulation i.e. Counts Not Reset When Warmup Ends)--------------------------------
instructions = 60000051
cycles       = 17412083
CycWP        = 5389718
IPC          = 3.4459

---------------------------------------------------------------------------------------------------------------------------------------
Top 10 highest count indices:
Index: 0x9E4C78, Count: 3612
Index: 0x546EC4, Count: 2690
Index: 0x546C40, Count: 2360
Index: 0x464C78, Count: 1478
Index: 0x59CBDC, Count: 1320
Index: 0x4980C8, Count: 1232
Index: 0x467580, Count: 1030
Index: 0x5317E4, Count: 769
Index: 0x59B6A4, Count: 764
Index: 0x498024, Count: 686

-----------------------------------------------BRANCH PREDICTION MEASUREMENTS (Full Simulation i.e. Counts Not Reset When Warmup Ends)----------------------------------------------
Type                   NumBr     MispBr        mr     mpki
CondDirect          9561405     172831   1.8076%   2.8805
JumpDirect          1957277          0   0.0000%   0.0000
JumpIndirect         445245          0   0.0000%   0.0000
JumpReturn           908136          0   0.0000%   0.0000
Not control        55806681          0   0.0000%   0.0000
------------------------------------------------------------------------------------------------------------------------------------------------------------------------------------

------------------------------------------------------DIRECT CONDITIONAL BRANCH PREDICTION MEASUREMENTS (Last 10M instructions)-----------------------------------------------------
       Instr       Cycles      IPC      NumBr     MispBr BrPerCyc MispBrPerCyc        MR     MPKI      CycWP   CycWPAvg   CycWPPKI
    10000051      2589771   3.8614    1668734      30106   0.6444       0.0116   1.8041%   3.0106     838530    27.8526    83.8526
------------------------------------------------------------------------------------------------------------------------------------------------------------------------------------

------------------------------------------------------DIRECT CONDITIONAL BRANCH PREDICTION MEASUREMENTS (Last 25M instructions)-----------------------------------------------------
       Instr       Cycles      IPC      NumBr     MispBr BrPerCyc MispBrPerCyc        MR     MPKI      CycWP   CycWPAvg   CycWPPKI
    25000051      5928492   4.2169    4043110      66822   0.6820       0.0113   1.6527%   2.6729    1824808    27.3085    72.9922
-------------------------------------------------------------------------------------------------------------------------------------------------------------------------------------

---------------------------------------------------------DIRECT CONDITIONAL BRANCH PREDICTION MEASUREMENTS (50 Perc instructions)---------------------------------------------------
       Instr       Cycles      IPC      NumBr     MispBr BrPerCyc MispBrPerCyc        MR     MPKI      CycWP   CycWPAvg   CycWPPKI
    30000051      7225183   4.1522    4877083      82845   0.6750       0.0115   1.6987%   2.7615    2288166    27.6198    76.2721
------------------------------------------------------------------------------------------------------------------------------------------------------------------------------------

-------------------------------------DIRECT CONDITIONAL BRANCH PREDICTION MEASUREMENTS (Full Simulation i.e. Counts Not Reset When Warmup Ends)-------------------------------------
       Instr       Cycles      IPC      NumBr     MispBr BrPerCyc MispBrPerCyc        MR     MPKI      CycWP   CycWPAvg   CycWPPKI
    60000051     17412083   3.4459    9561405     172831   0.5491       0.0099   1.8076%   2.8805    5389718    31.1849    89.8286
------------------------------------------------------------------------------------------------------------------------------------------------------------------------------------
 Read 60000051 instrs 

ExecTime = 315.8613712787628
