CMD:./cbp traces/int/int_30_trace.gz
NOTE: Adding new entry to branch table for pc: 0x39ea24 | at index: 0
NOTE: Adding new entry to branch table for pc: 0x392bf8 | at index: 1
NOTE: Adding new entry to branch table for pc: 0x392bf0 | at index: 2
NOTE: Adding new entry to load table for pc: 0x392bec | at index: 0
NOTE: Adding new entry to branch table for pc: 0x392cd8 | at index: 3
NOTE: Adding new entry to branch table for pc: 0x392ed0 | at index: 4
NOTE: Adding new entry to load table for pc: 0x392ecc | at index: 1
NOTE: Adding new entry to branch table for pc: 0x39ed18 | at index: 5
5000000 instrs 
10000000 instrs 
NOTE: Adding new entry to branch table for pc: 0x39ee54 | at index: 6
15000000 instrs 
NOTE: Adding new entry to branch table for pc: 0x39ebac | at index: 7
20000000 instrs 
25000000 instrs 
30000000 instrs 
35000000 instrs 
40000000 instrs 
EOF
WINDOW_SIZE = 1024
FETCH_WIDTH = 16
FETCH_NUM_BRANCH = 16
FETCH_STOP_AT_INDIRECT = 1
FETCH_STOP_AT_TAKEN = 1
FETCH_MODEL_ICACHE = 1
PERFECT_BRANCH_PRED = 0
PERFECT_INDIRECT_PRED = 1
PIPELINE_FILL_LATENCY = 10
NUM_LDST_LANES = 8
NUM_ALU_LANES = 16
MEMORY HIERARCHY CONFIGURATION---------------------
STRIDE Prefetcher = 1
PERFECT_CACHE = 0
WRITE_ALLOCATE = 1
Within-pipeline factors:
	AGEN latency = 1 cycle
	Store Queue (SQ): SQ size = window size, oracle memory disambiguation, store-load forwarding = 1 cycle after store's or load's agen.
	* Note: A store searches the L1$ at commit. The store is released
	* from the SQ and window, whether it hits or misses. Store misses
	* are buffered until the block is allocated and the store is
	* performed in the L1$. While buffered, conflicting loads get
	* the store's data as they would from the SQ.
I$: 128 KB, 8-way set-assoc., 64B block size
L1$: 128 KB, 8-way set-assoc., 64B block size, 3-cycle search latency
L2$: 4 MB, 8-way set-assoc., 64B block size, 12-cycle search latency
L3$: 32 MB, 16-way set-assoc., 128B block size, 50-cycle search latency
Main Memory: 150-cycle fixed search time
---------------------------STORE QUEUE MEASUREMENTS (Full Simulation i.e. Counts Not Reset When Warmup Ends)---------------------------
Number of loads: 12907977
Number of loads that miss in SQ: 11541545 (89.41%)
Number of PFs issued to the memory system 465744
---------------------------------------------------------------------------------------------------------------------------------------
------------------------MEMORY HIERARCHY MEASUREMENTS (Full Simulation i.e. Counts Not Reset When Warmup Ends)-------------------------
I$:
	accesses   = 44517645
	misses     = 426
	miss ratio = 0.00%
	pf accesses   = 0
	pf misses     = 0
	pf miss ratio = -nan%
L1$:
	accesses   = 17454480
	misses     = 29007
	miss ratio = 0.17%
	pf accesses   = 465744
	pf misses     = 3217
	pf miss ratio = 0.69%
L2$:
	accesses   = 29433
	misses     = 3682
	miss ratio = 12.51%
	pf accesses   = 3217
	pf misses     = 664
	pf miss ratio = 20.64%
L3$:
	accesses   = 3682
	misses     = 2412
	miss ratio = 65.51%
	pf accesses   = 664
	pf misses     = 332
	pf miss ratio = 50.00%
---------------------------------------------------------------------------------------------------------------------------------------
----------------------------------------------Prefetcher (Full Simulation i.e. No Warmup)----------------------------------------------
Num Trainings :12907977
Num Prefetches generated :484163
Num Prefetches issued :1156016
Num Prefetches filtered by PF queue :73659
Num untimely prefetches dropped from PF queue :18419
Num prefetches not issued LDST contention :690272
Num prefetches not issued stride 0 :3057515
---------------------------------------------------------------------------------------------------------------------------------------

-------------------------------ILP LIMIT STUDY (Full Simulation i.e. Counts Not Reset When Warmup Ends)--------------------------------
instructions = 40000052
cycles       = 16358254
CycWP        = 12467166
IPC          = 2.4453

---------------------------------------------------------------------------------------------------------------------------------------
Top 10 highest count indices:
Index: 0x399A78, Count: 28000
Index: 0x39E99C, Count: 24549
Index: 0x399AF0, Count: 17821
Index: 0x39ED18, Count: 12418
Index: 0x39EA24, Count: 12277
Index: 0x392BF0, Count: 11866
Index: 0x39DD00, Count: 11097
Index: 0x399B28, Count: 10523
Index: 0x39DF9C, Count: 10077
Index: 0x39E7E4, Count: 9587

-----------------------------------------------BRANCH PREDICTION MEASUREMENTS (Full Simulation i.e. Counts Not Reset When Warmup Ends)----------------------------------------------
Type                   NumBr     MispBr        mr     mpki
CondDirect          4219863     521511  12.3585%  13.0378
JumpDirect           650994          0   0.0000%   0.0000
JumpIndirect            557          0   0.0000%   0.0000
JumpReturn           275846          0   0.0000%   0.0000
Not control        39370385          0   0.0000%   0.0000
------------------------------------------------------------------------------------------------------------------------------------------------------------------------------------

------------------------------------------------------DIRECT CONDITIONAL BRANCH PREDICTION MEASUREMENTS (Last 10M instructions)-----------------------------------------------------
       Instr       Cycles      IPC      NumBr     MispBr BrPerCyc MispBrPerCyc        MR     MPKI      CycWP   CycWPAvg   CycWPPKI
    10000052      3929559   2.5448    1054703     124976   0.2684       0.0318  11.8494%  12.4975    2971812    23.7791   297.1797
------------------------------------------------------------------------------------------------------------------------------------------------------------------------------------

------------------------------------------------------DIRECT CONDITIONAL BRANCH PREDICTION MEASUREMENTS (Last 25M instructions)-----------------------------------------------------
       Instr       Cycles      IPC      NumBr     MispBr BrPerCyc MispBrPerCyc        MR     MPKI      CycWP   CycWPAvg   CycWPPKI
    25000052      9953124   2.5118    2627322     317730   0.2640       0.0319  12.0933%  12.7092    7557898    23.7872   302.3153
-------------------------------------------------------------------------------------------------------------------------------------------------------------------------------------

---------------------------------------------------------DIRECT CONDITIONAL BRANCH PREDICTION MEASUREMENTS (50 Perc instructions)---------------------------------------------------
       Instr       Cycles      IPC      NumBr     MispBr BrPerCyc MispBrPerCyc        MR     MPKI      CycWP   CycWPAvg   CycWPPKI
    20000052      7943038   2.5179    2099953     253043   0.2644       0.0319  12.0499%  12.6521    6026795    23.8173   301.3390
------------------------------------------------------------------------------------------------------------------------------------------------------------------------------------

-------------------------------------DIRECT CONDITIONAL BRANCH PREDICTION MEASUREMENTS (Full Simulation i.e. Counts Not Reset When Warmup Ends)-------------------------------------
       Instr       Cycles      IPC      NumBr     MispBr BrPerCyc MispBrPerCyc        MR     MPKI      CycWP   CycWPAvg   CycWPPKI
    40000052     16358254   2.4453    4219863     521511   0.2580       0.0319  12.3585%  13.0378   12467166    23.9059   311.6787
------------------------------------------------------------------------------------------------------------------------------------------------------------------------------------
 Read 40000052 instrs 

ExecTime = 197.6087462902069
