CMD:./cbp traces/int/int_1_trace.gz
NOTE: Adding new entry to branch table for pc: 0xfffff0d8f288 | at index: 0
NOTE: Adding new entry to load table for pc: 0xfffff0d8f284 | at index: 0
NOTE: Adding new entry to branch table for pc: 0xfffff0d8f1d0 | at index: 1
NOTE: Adding new entry to load table for pc: 0xfffff0d8f1cc | at index: 1
NOTE: Adding new entry to branch table for pc: 0xfffff0d8f184 | at index: 2
NOTE: Adding new entry to load table for pc: 0xfffff0d8f180 | at index: 2
5000000 instrs 
10000000 instrs 
15000000 instrs 
20000000 instrs 
25000000 instrs 
30000000 instrs 
EOF
WINDOW_SIZE = 1024
FETCH_WIDTH = 16
FETCH_NUM_BRANCH = 16
FETCH_STOP_AT_INDIRECT = 1
FETCH_STOP_AT_TAKEN = 1
FETCH_MODEL_ICACHE = 1
PERFECT_BRANCH_PRED = 0
PERFECT_INDIRECT_PRED = 1
PIPELINE_FILL_LATENCY = 10
NUM_LDST_LANES = 8
NUM_ALU_LANES = 16
MEMORY HIERARCHY CONFIGURATION---------------------
STRIDE Prefetcher = 1
PERFECT_CACHE = 0
WRITE_ALLOCATE = 1
Within-pipeline factors:
	AGEN latency = 1 cycle
	Store Queue (SQ): SQ size = window size, oracle memory disambiguation, store-load forwarding = 1 cycle after store's or load's agen.
	* Note: A store searches the L1$ at commit. The store is released
	* from the SQ and window, whether it hits or misses. Store misses
	* are buffered until the block is allocated and the store is
	* performed in the L1$. While buffered, conflicting loads get
	* the store's data as they would from the SQ.
I$: 128 KB, 8-way set-assoc., 64B block size
L1$: 128 KB, 8-way set-assoc., 64B block size, 3-cycle search latency
L2$: 4 MB, 8-way set-assoc., 64B block size, 12-cycle search latency
L3$: 32 MB, 16-way set-assoc., 128B block size, 50-cycle search latency
Main Memory: 150-cycle fixed search time
---------------------------STORE QUEUE MEASUREMENTS (Full Simulation i.e. Counts Not Reset When Warmup Ends)---------------------------
Number of loads: 9512699
Number of loads that miss in SQ: 7968021 (83.76%)
Number of PFs issued to the memory system 1003971
---------------------------------------------------------------------------------------------------------------------------------------
------------------------MEMORY HIERARCHY MEASUREMENTS (Full Simulation i.e. Counts Not Reset When Warmup Ends)-------------------------
I$:
	accesses   = 32489832
	misses     = 44
	miss ratio = 0.00%
	pf accesses   = 0
	pf misses     = 0
	pf miss ratio = -nan%
L1$:
	accesses   = 16939089
	misses     = 258404
	miss ratio = 1.53%
	pf accesses   = 1003971
	pf misses     = 2808
	pf miss ratio = 0.28%
L2$:
	accesses   = 258448
	misses     = 66490
	miss ratio = 25.73%
	pf accesses   = 2808
	pf misses     = 1083
	pf miss ratio = 38.57%
L3$:
	accesses   = 66490
	misses     = 40358
	miss ratio = 60.70%
	pf accesses   = 1083
	pf misses     = 398
	pf miss ratio = 36.75%
---------------------------------------------------------------------------------------------------------------------------------------
----------------------------------------------Prefetcher (Full Simulation i.e. No Warmup)----------------------------------------------
Num Trainings :9512699
Num Prefetches generated :1007185
Num Prefetches issued :1606324
Num Prefetches filtered by PF queue :39395
Num untimely prefetches dropped from PF queue :3214
Num prefetches not issued LDST contention :602353
Num prefetches not issued stride 0 :2989042
---------------------------------------------------------------------------------------------------------------------------------------

-------------------------------ILP LIMIT STUDY (Full Simulation i.e. Counts Not Reset When Warmup Ends)--------------------------------
instructions = 30000052
cycles       = 16367221
CycWP        = 12335348
IPC          = 1.8329

---------------------------------------------------------------------------------------------------------------------------------------
Top 10 highest count indices:
Index: 0xFFFFF0D8F184, Count: 53619
Index: 0xFFFFF0D8F2CC, Count: 43117
Index: 0xFFFFF0D8F240, Count: 19560
Index: 0xFFFFF0D8F288, Count: 17449
Index: 0xFFFFF0D8F220, Count: 14353
Index: 0xFFFFF0D8EEFC, Count: 13941
Index: 0xFFFFF0D8F1D0, Count: 12326
Index: 0xFFFFF0D8F0AC, Count: 11667
Index: 0xFFFFF0D8EF70, Count: 6598
Index: 0xFFFFF0D8F458, Count: 5012

-----------------------------------------------BRANCH PREDICTION MEASUREMENTS (Full Simulation i.e. Counts Not Reset When Warmup Ends)----------------------------------------------
Type                   NumBr     MispBr        mr     mpki
CondDirect          5301134     207307   3.9106%   6.9102
JumpDirect          1242684          0   0.0000%   0.0000
JumpIndirect          66695          0   0.0000%   0.0000
JumpReturn            83423          0   0.0000%   0.0000
Not control        25795896          0   0.0000%   0.0000
------------------------------------------------------------------------------------------------------------------------------------------------------------------------------------

------------------------------------------------------DIRECT CONDITIONAL BRANCH PREDICTION MEASUREMENTS (Last 10M instructions)-----------------------------------------------------
       Instr       Cycles      IPC      NumBr     MispBr BrPerCyc MispBrPerCyc        MR     MPKI      CycWP   CycWPAvg   CycWPPKI
    10000052      5164294   1.9364    1761166      68569   0.3410       0.0133   3.8934%   6.8569    3849560    56.1414   384.9540
------------------------------------------------------------------------------------------------------------------------------------------------------------------------------------

------------------------------------------------------DIRECT CONDITIONAL BRANCH PREDICTION MEASUREMENTS (Last 25M instructions)-----------------------------------------------------
       Instr       Cycles      IPC      NumBr     MispBr BrPerCyc MispBrPerCyc        MR     MPKI      CycWP   CycWPAvg   CycWPPKI
    25000052     13143737   1.9021    4413492     172882   0.3358       0.0132   3.9171%   6.9153    9815047    56.7731   392.6011
-------------------------------------------------------------------------------------------------------------------------------------------------------------------------------------

---------------------------------------------------------DIRECT CONDITIONAL BRANCH PREDICTION MEASUREMENTS (50 Perc instructions)---------------------------------------------------
       Instr       Cycles      IPC      NumBr     MispBr BrPerCyc MispBrPerCyc        MR     MPKI      CycWP   CycWPAvg   CycWPPKI
    15000052      7753447   1.9346    2642836     102985   0.3409       0.0133   3.8968%   6.8656    5772506    56.0519   384.8324
------------------------------------------------------------------------------------------------------------------------------------------------------------------------------------

-------------------------------------DIRECT CONDITIONAL BRANCH PREDICTION MEASUREMENTS (Full Simulation i.e. Counts Not Reset When Warmup Ends)-------------------------------------
       Instr       Cycles      IPC      NumBr     MispBr BrPerCyc MispBrPerCyc        MR     MPKI      CycWP   CycWPAvg   CycWPPKI
    30000052     16367221   1.8329    5301134     207307   0.3239       0.0127   3.9106%   6.9102   12335348    59.5028   411.1776
------------------------------------------------------------------------------------------------------------------------------------------------------------------------------------
 Read 30000052 instrs 

ExecTime = 158.86976861953735
