CMD:./cbp traces/int/int_7_trace.gz
NOTE: Adding new entry to branch table for pc: 0xfffff33b813c | at index: 0
NOTE: Adding new entry to branch table for pc: 0xfffff3044d60 | at index: 1
NOTE: Adding new entry to branch table for pc: 0xfffff31d4e3c | at index: 2
NOTE: Adding new entry to branch table for pc: 0xfffff31d81f4 | at index: 3
NOTE: Adding new entry to branch table for pc: 0xfffff30449f0 | at index: 4
NOTE: Adding new entry to branch table for pc: 0xfffff3110b5c | at index: 5
NOTE: Adding new entry to branch table for pc: 0xfffff3046aa8 | at index: 6
NOTE: Adding new entry to branch table for pc: 0xfffff3069994 | at index: 7
NOTE: Adding new entry to branch table for pc: 0xfffff319dafc | at index: 8
NOTE: Adding new entry to branch table for pc: 0xfffff3087f0c | at index: 9
NOTE: Adding new entry to branch table for pc: 0xfffff34c00b4 | at index: 10
NOTE: Adding new entry to branch table for pc: 0xfffff34c1a3c | at index: 11
NOTE: Adding new entry to branch table for pc: 0xfffff317d3c8 | at index: 12
NOTE: Adding new entry to branch table for pc: 0xfffff34aa61c | at index: 13
NOTE: Adding new entry to branch table for pc: 0xfffff3180274 | at index: 14
5000000 instrs 
NOTE: Adding new entry to branch table for pc: 0xfffff324b9a0 | at index: 15
10000000 instrs 
15000000 instrs 
NOTE: Adding new entry to load table for pc: 0xfffff3187ed4 | at index: 0
20000000 instrs 
NOTE: Adding new entry to load table for pc: 0xfffff319daf8 | at index: 1
25000000 instrs 
30000000 instrs 
35000000 instrs 
40000000 instrs 
EOF
WINDOW_SIZE = 1024
FETCH_WIDTH = 16
FETCH_NUM_BRANCH = 16
FETCH_STOP_AT_INDIRECT = 1
FETCH_STOP_AT_TAKEN = 1
FETCH_MODEL_ICACHE = 1
PERFECT_BRANCH_PRED = 0
PERFECT_INDIRECT_PRED = 1
PIPELINE_FILL_LATENCY = 10
NUM_LDST_LANES = 8
NUM_ALU_LANES = 16
MEMORY HIERARCHY CONFIGURATION---------------------
STRIDE Prefetcher = 1
PERFECT_CACHE = 0
WRITE_ALLOCATE = 1
Within-pipeline factors:
	AGEN latency = 1 cycle
	Store Queue (SQ): SQ size = window size, oracle memory disambiguation, store-load forwarding = 1 cycle after store's or load's agen.
	* Note: A store searches the L1$ at commit. The store is released
	* from the SQ and window, whether it hits or misses. Store misses
	* are buffered until the block is allocated and the store is
	* performed in the L1$. While buffered, conflicting loads get
	* the store's data as they would from the SQ.
I$: 128 KB, 8-way set-assoc., 64B block size
L1$: 128 KB, 8-way set-assoc., 64B block size, 3-cycle search latency
L2$: 4 MB, 8-way set-assoc., 64B block size, 12-cycle search latency
L3$: 32 MB, 16-way set-assoc., 128B block size, 50-cycle search latency
Main Memory: 150-cycle fixed search time
---------------------------STORE QUEUE MEASUREMENTS (Full Simulation i.e. Counts Not Reset When Warmup Ends)---------------------------
Number of loads: 11765054
Number of loads that miss in SQ: 9350923 (79.48%)
Number of PFs issued to the memory system 1080562
---------------------------------------------------------------------------------------------------------------------------------------
------------------------MEMORY HIERARCHY MEASUREMENTS (Full Simulation i.e. Counts Not Reset When Warmup Ends)-------------------------
I$:
	accesses   = 45778173
	misses     = 173851
	miss ratio = 0.38%
	pf accesses   = 0
	pf misses     = 0
	pf miss ratio = -nan%
L1$:
	accesses   = 17953537
	misses     = 95076
	miss ratio = 0.53%
	pf accesses   = 1080562
	pf misses     = 16896
	pf miss ratio = 1.56%
L2$:
	accesses   = 268927
	misses     = 32076
	miss ratio = 11.93%
	pf accesses   = 16896
	pf misses     = 2426
	pf miss ratio = 14.36%
L3$:
	accesses   = 32076
	misses     = 18418
	miss ratio = 57.42%
	pf accesses   = 2426
	pf misses     = 1316
	pf miss ratio = 54.25%
---------------------------------------------------------------------------------------------------------------------------------------
----------------------------------------------Prefetcher (Full Simulation i.e. No Warmup)----------------------------------------------
Num Trainings :11765054
Num Prefetches generated :1082909
Num Prefetches issued :1705650
Num Prefetches filtered by PF queue :30214
Num untimely prefetches dropped from PF queue :2347
Num prefetches not issued LDST contention :625088
Num prefetches not issued stride 0 :2663696
---------------------------------------------------------------------------------------------------------------------------------------

-------------------------------ILP LIMIT STUDY (Full Simulation i.e. Counts Not Reset When Warmup Ends)--------------------------------
instructions = 40000048
cycles       = 14746892
CycWP        = 5325357
IPC          = 2.7124

---------------------------------------------------------------------------------------------------------------------------------------
Top 10 highest count indices:
Index: 0xFFFFF336E460, Count: 4602
Index: 0xFFFFF33B813C, Count: 1913
Index: 0xFFFFF33B88C0, Count: 1725
Index: 0xFFFFF33FDC2C, Count: 1693
Index: 0xFFFFF3242DE8, Count: 1573
Index: 0xFFFFF336E448, Count: 1261
Index: 0xFFFFF3044D60, Count: 1222
Index: 0xFFFFF33B8128, Count: 1212
Index: 0xFFFFF33FF20C, Count: 1111
Index: 0xFFFFF33B88A4, Count: 1089

-----------------------------------------------BRANCH PREDICTION MEASUREMENTS (Full Simulation i.e. Counts Not Reset When Warmup Ends)----------------------------------------------
Type                   NumBr     MispBr        mr     mpki
CondDirect          5944145     230575   3.8790%   5.7644
JumpDirect          1306666          0   0.0000%   0.0000
JumpIndirect         187434          0   0.0000%   0.0000
JumpReturn           730341          0   0.0000%   0.0000
Not control        37609587          0   0.0000%   0.0000
------------------------------------------------------------------------------------------------------------------------------------------------------------------------------------

------------------------------------------------------DIRECT CONDITIONAL BRANCH PREDICTION MEASUREMENTS (Last 10M instructions)-----------------------------------------------------
       Instr       Cycles      IPC      NumBr     MispBr BrPerCyc MispBrPerCyc        MR     MPKI      CycWP   CycWPAvg   CycWPPKI
    10000048      3249072   3.0778    1519822      55009   0.4678       0.0169   3.6194%   5.5009    1182623    21.4987   118.2617
------------------------------------------------------------------------------------------------------------------------------------------------------------------------------------

------------------------------------------------------DIRECT CONDITIONAL BRANCH PREDICTION MEASUREMENTS (Last 25M instructions)-----------------------------------------------------
       Instr       Cycles      IPC      NumBr     MispBr BrPerCyc MispBrPerCyc        MR     MPKI      CycWP   CycWPAvg   CycWPPKI
    25000048      7714850   3.2405    3838854     138630   0.4976       0.0180   3.6112%   5.5452    3118162    22.4927   124.7262
-------------------------------------------------------------------------------------------------------------------------------------------------------------------------------------

---------------------------------------------------------DIRECT CONDITIONAL BRANCH PREDICTION MEASUREMENTS (50 Perc instructions)---------------------------------------------------
       Instr       Cycles      IPC      NumBr     MispBr BrPerCyc MispBrPerCyc        MR     MPKI      CycWP   CycWPAvg   CycWPPKI
    20000048      6330253   3.1594    3000751     112290   0.4740       0.0177   3.7421%   5.6145    2482723    22.1099   124.1359
------------------------------------------------------------------------------------------------------------------------------------------------------------------------------------

-------------------------------------DIRECT CONDITIONAL BRANCH PREDICTION MEASUREMENTS (Full Simulation i.e. Counts Not Reset When Warmup Ends)-------------------------------------
       Instr       Cycles      IPC      NumBr     MispBr BrPerCyc MispBrPerCyc        MR     MPKI      CycWP   CycWPAvg   CycWPPKI
    40000048     14746892   2.7124    5944145     230575   0.4031       0.0156   3.8790%   5.7644    5325357    23.0960   133.1338
------------------------------------------------------------------------------------------------------------------------------------------------------------------------------------
 Read 40000048 instrs 

ExecTime = 209.16165041923523
