CMD:./cbp traces/infra/infra_5_trace.gz
5000000 instrs 
10000000 instrs 
15000000 instrs 
20000000 instrs 
25000000 instrs 
30000000 instrs 
35000000 instrs 
40000000 instrs 
EOF
WINDOW_SIZE = 1024
FETCH_WIDTH = 16
FETCH_NUM_BRANCH = 16
FETCH_STOP_AT_INDIRECT = 1
FETCH_STOP_AT_TAKEN = 1
FETCH_MODEL_ICACHE = 1
PERFECT_BRANCH_PRED = 0
PERFECT_INDIRECT_PRED = 1
PIPELINE_FILL_LATENCY = 10
NUM_LDST_LANES = 8
NUM_ALU_LANES = 16
MEMORY HIERARCHY CONFIGURATION---------------------
STRIDE Prefetcher = 1
PERFECT_CACHE = 0
WRITE_ALLOCATE = 1
Within-pipeline factors:
	AGEN latency = 1 cycle
	Store Queue (SQ): SQ size = window size, oracle memory disambiguation, store-load forwarding = 1 cycle after store's or load's agen.
	* Note: A store searches the L1$ at commit. The store is released
	* from the SQ and window, whether it hits or misses. Store misses
	* are buffered until the block is allocated and the store is
	* performed in the L1$. While buffered, conflicting loads get
	* the store's data as they would from the SQ.
I$: 128 KB, 8-way set-assoc., 64B block size
L1$: 128 KB, 8-way set-assoc., 64B block size, 3-cycle search latency
L2$: 4 MB, 8-way set-assoc., 64B block size, 12-cycle search latency
L3$: 32 MB, 16-way set-assoc., 128B block size, 50-cycle search latency
Main Memory: 150-cycle fixed search time
---------------------------STORE QUEUE MEASUREMENTS (Full Simulation i.e. Counts Not Reset When Warmup Ends)---------------------------
Number of loads: 9946691
Number of loads that miss in SQ: 5931348 (59.63%)
Number of PFs issued to the memory system 1812901
---------------------------------------------------------------------------------------------------------------------------------------
------------------------MEMORY HIERARCHY MEASUREMENTS (Full Simulation i.e. Counts Not Reset When Warmup Ends)-------------------------
I$:
	accesses   = 44638609
	misses     = 153
	miss ratio = 0.00%
	pf accesses   = 0
	pf misses     = 0
	pf miss ratio = -nan%
L1$:
	accesses   = 17155283
	misses     = 469781
	miss ratio = 2.74%
	pf accesses   = 1812901
	pf misses     = 310638
	pf miss ratio = 17.13%
L2$:
	accesses   = 469934
	misses     = 436806
	miss ratio = 92.95%
	pf accesses   = 310638
	pf misses     = 310625
	pf miss ratio = 100.00%
L3$:
	accesses   = 436806
	misses     = 197766
	miss ratio = 45.28%
	pf accesses   = 310625
	pf misses     = 151217
	pf miss ratio = 48.68%
---------------------------------------------------------------------------------------------------------------------------------------
----------------------------------------------Prefetcher (Full Simulation i.e. No Warmup)----------------------------------------------
Num Trainings :9946691
Num Prefetches generated :1814126
Num Prefetches issued :2179327
Num Prefetches filtered by PF queue :7807
Num untimely prefetches dropped from PF queue :1225
Num prefetches not issued LDST contention :366426
Num prefetches not issued stride 0 :3192925
---------------------------------------------------------------------------------------------------------------------------------------

-------------------------------ILP LIMIT STUDY (Full Simulation i.e. Counts Not Reset When Warmup Ends)--------------------------------
instructions = 40000016
cycles       = 34999547
CycWP        = 26851863
IPC          = 1.1429

---------------------------------------------------------------------------------------------------------------------------------------
Top 10 highest count indices:
Index: 0x4000006AFE94, Count: 47432
Index: 0x4000006AFF94, Count: 22225
Index: 0x4000006B001C, Count: 16924
Index: 0x4000006AFFB4, Count: 6541
Index: 0x40000015C5EC, Count: 483
Index: 0x462BA4, Count: 226
Index: 0x4000006BEF5C, Count: 136
Index: 0x4000006BEFDC, Count: 123
Index: 0x4000006BEF78, Count: 52
Index: 0x4000006AFE9C, Count: 27

-----------------------------------------------BRANCH PREDICTION MEASUREMENTS (Full Simulation i.e. Counts Not Reset When Warmup Ends)----------------------------------------------
Type                   NumBr     MispBr        mr     mpki
CondDirect          7268207      94340   1.2980%   2.3585
JumpDirect          1334211          0   0.0000%   0.0000
JumpIndirect          74309          0   0.0000%   0.0000
JumpReturn           740077          0   0.0000%   0.0000
Not control        35221805          0   0.0000%   0.0000
------------------------------------------------------------------------------------------------------------------------------------------------------------------------------------

------------------------------------------------------DIRECT CONDITIONAL BRANCH PREDICTION MEASUREMENTS (Last 10M instructions)-----------------------------------------------------
       Instr       Cycles      IPC      NumBr     MispBr BrPerCyc MispBrPerCyc        MR     MPKI      CycWP   CycWPAvg   CycWPPKI
    10000016     10392546   0.9622    1676519      31362   0.1613       0.0030   1.8707%   3.1362    8564407   273.0823   856.4393
------------------------------------------------------------------------------------------------------------------------------------------------------------------------------------

------------------------------------------------------DIRECT CONDITIONAL BRANCH PREDICTION MEASUREMENTS (Last 25M instructions)-----------------------------------------------------
       Instr       Cycles      IPC      NumBr     MispBr BrPerCyc MispBrPerCyc        MR     MPKI      CycWP   CycWPAvg   CycWPPKI
    25000016     25691758   0.9731    4471613      75072   0.1740       0.0029   1.6789%   3.0029   20796704   277.0234   831.8676
-------------------------------------------------------------------------------------------------------------------------------------------------------------------------------------

---------------------------------------------------------DIRECT CONDITIONAL BRANCH PREDICTION MEASUREMENTS (50 Perc instructions)---------------------------------------------------
       Instr       Cycles      IPC      NumBr     MispBr BrPerCyc MispBrPerCyc        MR     MPKI      CycWP   CycWPAvg   CycWPPKI
    20000016     22665320   0.8824    3539219      68954   0.1562       0.0030   1.9483%   3.4477   18859975   273.5153   942.9980
------------------------------------------------------------------------------------------------------------------------------------------------------------------------------------

-------------------------------------DIRECT CONDITIONAL BRANCH PREDICTION MEASUREMENTS (Full Simulation i.e. Counts Not Reset When Warmup Ends)-------------------------------------
       Instr       Cycles      IPC      NumBr     MispBr BrPerCyc MispBrPerCyc        MR     MPKI      CycWP   CycWPAvg   CycWPPKI
    40000016     34999547   1.1429    7268207      94340   0.2077       0.0027   1.2980%   2.3585   26851863   284.6286   671.2963
------------------------------------------------------------------------------------------------------------------------------------------------------------------------------------
 Read 40000016 instrs 

ExecTime = 258.2967174053192
