CMD:./cbp traces/infra/infra_6_trace.gz
5000000 instrs 
10000000 instrs 
15000000 instrs 
20000000 instrs 
25000000 instrs 
30000000 instrs 
35000000 instrs 
40000000 instrs 
45000000 instrs 
50000000 instrs 
55000000 instrs 
60000000 instrs 
EOF
WINDOW_SIZE = 1024
FETCH_WIDTH = 16
FETCH_NUM_BRANCH = 16
FETCH_STOP_AT_INDIRECT = 1
FETCH_STOP_AT_TAKEN = 1
FETCH_MODEL_ICACHE = 1
PERFECT_BRANCH_PRED = 0
PERFECT_INDIRECT_PRED = 1
PIPELINE_FILL_LATENCY = 10
NUM_LDST_LANES = 8
NUM_ALU_LANES = 16
MEMORY HIERARCHY CONFIGURATION---------------------
STRIDE Prefetcher = 1
PERFECT_CACHE = 0
WRITE_ALLOCATE = 1
Within-pipeline factors:
	AGEN latency = 1 cycle
	Store Queue (SQ): SQ size = window size, oracle memory disambiguation, store-load forwarding = 1 cycle after store's or load's agen.
	* Note: A store searches the L1$ at commit. The store is released
	* from the SQ and window, whether it hits or misses. Store misses
	* are buffered until the block is allocated and the store is
	* performed in the L1$. While buffered, conflicting loads get
	* the store's data as they would from the SQ.
I$: 128 KB, 8-way set-assoc., 64B block size
L1$: 128 KB, 8-way set-assoc., 64B block size, 3-cycle search latency
L2$: 4 MB, 8-way set-assoc., 64B block size, 12-cycle search latency
L3$: 32 MB, 16-way set-assoc., 128B block size, 50-cycle search latency
Main Memory: 150-cycle fixed search time
---------------------------STORE QUEUE MEASUREMENTS (Full Simulation i.e. Counts Not Reset When Warmup Ends)---------------------------
Number of loads: 17254842
Number of loads that miss in SQ: 12152563 (70.43%)
Number of PFs issued to the memory system 1856123
---------------------------------------------------------------------------------------------------------------------------------------
------------------------MEMORY HIERARCHY MEASUREMENTS (Full Simulation i.e. Counts Not Reset When Warmup Ends)-------------------------
I$:
	accesses   = 75302050
	misses     = 17636
	miss ratio = 0.02%
	pf accesses   = 0
	pf misses     = 0
	pf miss ratio = -nan%
L1$:
	accesses   = 29340899
	misses     = 530239
	miss ratio = 1.81%
	pf accesses   = 1856123
	pf misses     = 51859
	pf miss ratio = 2.79%
L2$:
	accesses   = 547875
	misses     = 258891
	miss ratio = 47.25%
	pf accesses   = 51859
	pf misses     = 41967
	pf miss ratio = 80.93%
L3$:
	accesses   = 258891
	misses     = 79573
	miss ratio = 30.74%
	pf accesses   = 41967
	pf misses     = 17295
	pf miss ratio = 41.21%
---------------------------------------------------------------------------------------------------------------------------------------
----------------------------------------------Prefetcher (Full Simulation i.e. No Warmup)----------------------------------------------
Num Trainings :17254842
Num Prefetches generated :1877068
Num Prefetches issued :3204007
Num Prefetches filtered by PF queue :268316
Num untimely prefetches dropped from PF queue :20945
Num prefetches not issued LDST contention :1347884
Num prefetches not issued stride 0 :5546092
---------------------------------------------------------------------------------------------------------------------------------------

-------------------------------ILP LIMIT STUDY (Full Simulation i.e. Counts Not Reset When Warmup Ends)--------------------------------
instructions = 64718349
cycles       = 15426099
CycWP        = 3389969
IPC          = 4.1954

---------------------------------------------------------------------------------------------------------------------------------------
Top 10 highest count indices:
Index: 0x4000006B001C, Count: 12150
Index: 0x4000006AFF94, Count: 7163
Index: 0x4000006AFE94, Count: 3677
Index: 0x40000012429C, Count: 3464
Index: 0x4000006B3724, Count: 2710
Index: 0x400000124280, Count: 2486
Index: 0x4000004920DC, Count: 2121
Index: 0x4000006BEEF8, Count: 1579
Index: 0x4000006B22F8, Count: 1445
Index: 0x417BA0, Count: 1344

-----------------------------------------------BRANCH PREDICTION MEASUREMENTS (Full Simulation i.e. Counts Not Reset When Warmup Ends)----------------------------------------------
Type                   NumBr     MispBr        mr     mpki
CondDirect          9187928      85549   0.9311%   1.3219
JumpDirect          2345056          0   0.0000%   0.0000
JumpIndirect         933841          0   0.0000%   0.0000
JumpReturn          1333400          0   0.0000%   0.0000
Not control        61501825          0   0.0000%   0.0000
------------------------------------------------------------------------------------------------------------------------------------------------------------------------------------

------------------------------------------------------DIRECT CONDITIONAL BRANCH PREDICTION MEASUREMENTS (Last 10M instructions)-----------------------------------------------------
       Instr       Cycles      IPC      NumBr     MispBr BrPerCyc MispBrPerCyc        MR     MPKI      CycWP   CycWPAvg   CycWPPKI
    10718349      3032497   3.5345    1869033      23204   0.6163       0.0077   1.2415%   2.1649    1021542    44.0244    95.3078
------------------------------------------------------------------------------------------------------------------------------------------------------------------------------------

------------------------------------------------------DIRECT CONDITIONAL BRANCH PREDICTION MEASUREMENTS (Last 25M instructions)-----------------------------------------------------
       Instr       Cycles      IPC      NumBr     MispBr BrPerCyc MispBrPerCyc        MR     MPKI      CycWP   CycWPAvg   CycWPPKI
    25718349      6628587   3.8799    4120305      38982   0.6216       0.0059   0.9461%   1.5157    1899048    48.7160    73.8402
-------------------------------------------------------------------------------------------------------------------------------------------------------------------------------------

---------------------------------------------------------DIRECT CONDITIONAL BRANCH PREDICTION MEASUREMENTS (50 Perc instructions)---------------------------------------------------
       Instr       Cycles      IPC      NumBr     MispBr BrPerCyc MispBrPerCyc        MR     MPKI      CycWP   CycWPAvg   CycWPPKI
    32718349      7772351   4.2096    5004718      43029   0.6439       0.0055   0.8598%   1.3151    2016285    46.8587    61.6255
------------------------------------------------------------------------------------------------------------------------------------------------------------------------------------

-------------------------------------DIRECT CONDITIONAL BRANCH PREDICTION MEASUREMENTS (Full Simulation i.e. Counts Not Reset When Warmup Ends)-------------------------------------
       Instr       Cycles      IPC      NumBr     MispBr BrPerCyc MispBrPerCyc        MR     MPKI      CycWP   CycWPAvg   CycWPPKI
    64718349     15426099   4.1954    9187928      85549   0.5956       0.0055   0.9311%   1.3219    3389969    39.6261    52.3803
------------------------------------------------------------------------------------------------------------------------------------------------------------------------------------
 Read 64718349 instrs 

ExecTime = 346.6888515949249
