CMD:./cbp traces/web/web_4_trace.gz
5000000 instrs 
10000000 instrs 
15000000 instrs 
20000000 instrs 
25000000 instrs 
30000000 instrs 
35000000 instrs 
EOF
WINDOW_SIZE = 1024
FETCH_WIDTH = 16
FETCH_NUM_BRANCH = 16
FETCH_STOP_AT_INDIRECT = 1
FETCH_STOP_AT_TAKEN = 1
FETCH_MODEL_ICACHE = 1
PERFECT_BRANCH_PRED = 0
PERFECT_INDIRECT_PRED = 1
PIPELINE_FILL_LATENCY = 10
NUM_LDST_LANES = 8
NUM_ALU_LANES = 16
MEMORY HIERARCHY CONFIGURATION---------------------
STRIDE Prefetcher = 1
PERFECT_CACHE = 0
WRITE_ALLOCATE = 1
Within-pipeline factors:
	AGEN latency = 1 cycle
	Store Queue (SQ): SQ size = window size, oracle memory disambiguation, store-load forwarding = 1 cycle after store's or load's agen.
	* Note: A store searches the L1$ at commit. The store is released
	* from the SQ and window, whether it hits or misses. Store misses
	* are buffered until the block is allocated and the store is
	* performed in the L1$. While buffered, conflicting loads get
	* the store's data as they would from the SQ.
I$: 128 KB, 8-way set-assoc., 64B block size
L1$: 128 KB, 8-way set-assoc., 64B block size, 3-cycle search latency
L2$: 4 MB, 8-way set-assoc., 64B block size, 12-cycle search latency
L3$: 32 MB, 16-way set-assoc., 128B block size, 50-cycle search latency
Main Memory: 150-cycle fixed search time
---------------------------STORE QUEUE MEASUREMENTS (Full Simulation i.e. Counts Not Reset When Warmup Ends)---------------------------
Number of loads: 11509873
Number of loads that miss in SQ: 9286095 (80.68%)
Number of PFs issued to the memory system 1229923
---------------------------------------------------------------------------------------------------------------------------------------
------------------------MEMORY HIERARCHY MEASUREMENTS (Full Simulation i.e. Counts Not Reset When Warmup Ends)-------------------------
I$:
	accesses   = 44605831
	misses     = 31553
	miss ratio = 0.07%
	pf accesses   = 0
	pf misses     = 0
	pf miss ratio = -nan%
L1$:
	accesses   = 16323089
	misses     = 179398
	miss ratio = 1.10%
	pf accesses   = 1229923
	pf misses     = 20996
	pf miss ratio = 1.71%
L2$:
	accesses   = 210951
	misses     = 36280
	miss ratio = 17.20%
	pf accesses   = 20996
	pf misses     = 2964
	pf miss ratio = 14.12%
L3$:
	accesses   = 36280
	misses     = 20183
	miss ratio = 55.63%
	pf accesses   = 2964
	pf misses     = 1482
	pf miss ratio = 50.00%
---------------------------------------------------------------------------------------------------------------------------------------
----------------------------------------------Prefetcher (Full Simulation i.e. No Warmup)----------------------------------------------
Num Trainings :11509873
Num Prefetches generated :1232367
Num Prefetches issued :1794616
Num Prefetches filtered by PF queue :23669
Num untimely prefetches dropped from PF queue :2444
Num prefetches not issued LDST contention :564693
Num prefetches not issued stride 0 :3599147
---------------------------------------------------------------------------------------------------------------------------------------

-------------------------------ILP LIMIT STUDY (Full Simulation i.e. Counts Not Reset When Warmup Ends)--------------------------------
instructions = 39999718
cycles       = 13516558
CycWP        = 5258713
IPC          = 2.9593

---------------------------------------------------------------------------------------------------------------------------------------
Top 10 highest count indices:
Index: 0xAAAAAB3B425C, Count: 6571
Index: 0xAAAAAB3B3908, Count: 6158
Index: 0xAAAAAB3B40B4, Count: 4093
Index: 0xAAAAAB3B38E8, Count: 4021
Index: 0xAAAAAB3B40A0, Count: 2940
Index: 0xAAAAAB49BBF0, Count: 2623
Index: 0xAAAAAB468BA8, Count: 1985
Index: 0xAAAAAB3B38DC, Count: 1789
Index: 0xAAAAAB3B4280, Count: 1685
Index: 0xAAAAAB10A074, Count: 1600

-----------------------------------------------BRANCH PREDICTION MEASUREMENTS (Full Simulation i.e. Counts Not Reset When Warmup Ends)----------------------------------------------
Type                   NumBr     MispBr        mr     mpki
CondDirect          6265226     184587   2.9462%   4.6147
JumpDirect          1417311          0   0.0000%   0.0000
JumpIndirect         150119          0   0.0000%   0.0000
JumpReturn          1022980          0   0.0000%   0.0000
Not control        35750195          0   0.0000%   0.0000
------------------------------------------------------------------------------------------------------------------------------------------------------------------------------------

------------------------------------------------------DIRECT CONDITIONAL BRANCH PREDICTION MEASUREMENTS (Last 10M instructions)-----------------------------------------------------
       Instr       Cycles      IPC      NumBr     MispBr BrPerCyc MispBrPerCyc        MR     MPKI      CycWP   CycWPAvg   CycWPPKI
    10999718      3035726   3.6234    1699783      42075   0.5599       0.0139   2.4753%   3.8251    1177180    27.9781   107.0191
------------------------------------------------------------------------------------------------------------------------------------------------------------------------------------

------------------------------------------------------DIRECT CONDITIONAL BRANCH PREDICTION MEASUREMENTS (Last 25M instructions)-----------------------------------------------------
       Instr       Cycles      IPC      NumBr     MispBr BrPerCyc MispBrPerCyc        MR     MPKI      CycWP   CycWPAvg   CycWPPKI
    25999718      8318021   3.1257    4128521     122092   0.4963       0.0147   2.9573%   4.6959    3327776    27.2563   127.9928
-------------------------------------------------------------------------------------------------------------------------------------------------------------------------------------

---------------------------------------------------------DIRECT CONDITIONAL BRANCH PREDICTION MEASUREMENTS (50 Perc instructions)---------------------------------------------------
       Instr       Cycles      IPC      NumBr     MispBr BrPerCyc MispBrPerCyc        MR     MPKI      CycWP   CycWPAvg   CycWPPKI
    20999718      6449366   3.2561    3426349      88011   0.5313       0.0136   2.5687%   4.1911    2347416    26.6718   111.7832
------------------------------------------------------------------------------------------------------------------------------------------------------------------------------------

-------------------------------------DIRECT CONDITIONAL BRANCH PREDICTION MEASUREMENTS (Full Simulation i.e. Counts Not Reset When Warmup Ends)-------------------------------------
       Instr       Cycles      IPC      NumBr     MispBr BrPerCyc MispBrPerCyc        MR     MPKI      CycWP   CycWPAvg   CycWPPKI
    39999718     13516558   2.9593    6265226     184587   0.4635       0.0137   2.9462%   4.6147    5258713    28.4891   131.4688
------------------------------------------------------------------------------------------------------------------------------------------------------------------------------------
 Read 39999718 instrs 

ExecTime = 210.83884382247925
