CMD:./cbp traces/web/web_19_trace.gz
5000000 instrs 
10000000 instrs 
15000000 instrs 
EOF
WINDOW_SIZE = 1024
FETCH_WIDTH = 16
FETCH_NUM_BRANCH = 16
FETCH_STOP_AT_INDIRECT = 1
FETCH_STOP_AT_TAKEN = 1
FETCH_MODEL_ICACHE = 1
PERFECT_BRANCH_PRED = 0
PERFECT_INDIRECT_PRED = 1
PIPELINE_FILL_LATENCY = 10
NUM_LDST_LANES = 8
NUM_ALU_LANES = 16
MEMORY HIERARCHY CONFIGURATION---------------------
STRIDE Prefetcher = 1
PERFECT_CACHE = 0
WRITE_ALLOCATE = 1
Within-pipeline factors:
	AGEN latency = 1 cycle
	Store Queue (SQ): SQ size = window size, oracle memory disambiguation, store-load forwarding = 1 cycle after store's or load's agen.
	* Note: A store searches the L1$ at commit. The store is released
	* from the SQ and window, whether it hits or misses. Store misses
	* are buffered until the block is allocated and the store is
	* performed in the L1$. While buffered, conflicting loads get
	* the store's data as they would from the SQ.
I$: 128 KB, 8-way set-assoc., 64B block size
L1$: 128 KB, 8-way set-assoc., 64B block size, 3-cycle search latency
L2$: 4 MB, 8-way set-assoc., 64B block size, 12-cycle search latency
L3$: 32 MB, 16-way set-assoc., 128B block size, 50-cycle search latency
Main Memory: 150-cycle fixed search time
---------------------------STORE QUEUE MEASUREMENTS (Full Simulation i.e. Counts Not Reset When Warmup Ends)---------------------------
Number of loads: 4198118
Number of loads that miss in SQ: 3420606 (81.48%)
Number of PFs issued to the memory system 303802
---------------------------------------------------------------------------------------------------------------------------------------
------------------------MEMORY HIERARCHY MEASUREMENTS (Full Simulation i.e. Counts Not Reset When Warmup Ends)-------------------------
I$:
	accesses   = 16653833
	misses     = 85591
	miss ratio = 0.51%
	pf accesses   = 0
	pf misses     = 0
	pf miss ratio = -nan%
L1$:
	accesses   = 6084931
	misses     = 80928
	miss ratio = 1.33%
	pf accesses   = 303802
	pf misses     = 10415
	pf miss ratio = 3.43%
L2$:
	accesses   = 166519
	misses     = 67899
	miss ratio = 40.78%
	pf accesses   = 10415
	pf misses     = 6415
	pf miss ratio = 61.59%
L3$:
	accesses   = 67899
	misses     = 39278
	miss ratio = 57.85%
	pf accesses   = 6415
	pf misses     = 3293
	pf miss ratio = 51.33%
---------------------------------------------------------------------------------------------------------------------------------------
----------------------------------------------Prefetcher (Full Simulation i.e. No Warmup)----------------------------------------------
Num Trainings :4198118
Num Prefetches generated :305541
Num Prefetches issued :698198
Num Prefetches filtered by PF queue :16203
Num untimely prefetches dropped from PF queue :1739
Num prefetches not issued LDST contention :394396
Num prefetches not issued stride 0 :1319287
---------------------------------------------------------------------------------------------------------------------------------------

-------------------------------ILP LIMIT STUDY (Full Simulation i.e. Counts Not Reset When Warmup Ends)--------------------------------
instructions = 15000016
cycles       = 9707813
CycWP        = 2650455
IPC          = 1.5451

---------------------------------------------------------------------------------------------------------------------------------------
Top 10 highest count indices:
Index: 0xAAAAB17FAE14, Count: 1205
Index: 0xAAAAB17FAE24, Count: 857
Index: 0xAAAAAE2B6F38, Count: 661
Index: 0xAAAAAE2B0DDC, Count: 566
Index: 0xAAAAAE2B0C50, Count: 537
Index: 0xAAAAAE2B7104, Count: 380
Index: 0xAAAAACECA0B4, Count: 294
Index: 0xAAAAB1A88E9C, Count: 279
Index: 0xAAAAAE2B0C3C, Count: 273
Index: 0xAAAAB1A88E88, Count: 251

-----------------------------------------------BRANCH PREDICTION MEASUREMENTS (Full Simulation i.e. Counts Not Reset When Warmup Ends)----------------------------------------------
Type                   NumBr     MispBr        mr     mpki
CondDirect          2562002      90302   3.5247%   6.0201
JumpDirect           354292          0   0.0000%   0.0000
JumpIndirect          96038          0   0.0000%   0.0000
JumpReturn           193495          0   0.0000%   0.0000
Not control        13448006          0   0.0000%   0.0000
------------------------------------------------------------------------------------------------------------------------------------------------------------------------------------

------------------------------------------------------DIRECT CONDITIONAL BRANCH PREDICTION MEASUREMENTS (Last 10M instructions)-----------------------------------------------------
       Instr       Cycles      IPC      NumBr     MispBr BrPerCyc MispBrPerCyc        MR     MPKI      CycWP   CycWPAvg   CycWPPKI
    10000016      6639788   1.5061    1714065      74180   0.2582       0.0112   4.3277%   7.4180    1906097    25.6956   190.6094
------------------------------------------------------------------------------------------------------------------------------------------------------------------------------------

------------------------------------------------------DIRECT CONDITIONAL BRANCH PREDICTION MEASUREMENTS (Last 25M instructions)-----------------------------------------------------
       Instr       Cycles      IPC      NumBr     MispBr BrPerCyc MispBrPerCyc        MR     MPKI      CycWP   CycWPAvg   CycWPPKI
    15000016      9707813   1.5451    2562002      90302   0.2639       0.0093   3.5247%   6.0201    2650455    29.3510   176.6968
-------------------------------------------------------------------------------------------------------------------------------------------------------------------------------------

---------------------------------------------------------DIRECT CONDITIONAL BRANCH PREDICTION MEASUREMENTS (50 Perc instructions)---------------------------------------------------
       Instr       Cycles      IPC      NumBr     MispBr BrPerCyc MispBrPerCyc        MR     MPKI      CycWP   CycWPAvg   CycWPPKI
     8000016      4478561   1.7863    1380363      60174   0.3082       0.0134   4.3593%   7.5217    1395264    23.1872   174.4077
------------------------------------------------------------------------------------------------------------------------------------------------------------------------------------

-------------------------------------DIRECT CONDITIONAL BRANCH PREDICTION MEASUREMENTS (Full Simulation i.e. Counts Not Reset When Warmup Ends)-------------------------------------
       Instr       Cycles      IPC      NumBr     MispBr BrPerCyc MispBrPerCyc        MR     MPKI      CycWP   CycWPAvg   CycWPPKI
    15000016      9707813   1.5451    2562002      90302   0.2639       0.0093   3.5247%   6.0201    2650455    29.3510   176.6968
------------------------------------------------------------------------------------------------------------------------------------------------------------------------------------
 Read 15000016 instrs 

ExecTime = 84.49939727783203
