CMD:./cbp traces/web/web_5_trace.gz
5000000 instrs 
10000000 instrs 
15000000 instrs 
20000000 instrs 
25000000 instrs 
30000000 instrs 
35000000 instrs 
EOF
WINDOW_SIZE = 1024
FETCH_WIDTH = 16
FETCH_NUM_BRANCH = 16
FETCH_STOP_AT_INDIRECT = 1
FETCH_STOP_AT_TAKEN = 1
FETCH_MODEL_ICACHE = 1
PERFECT_BRANCH_PRED = 0
PERFECT_INDIRECT_PRED = 1
PIPELINE_FILL_LATENCY = 10
NUM_LDST_LANES = 8
NUM_ALU_LANES = 16
MEMORY HIERARCHY CONFIGURATION---------------------
STRIDE Prefetcher = 1
PERFECT_CACHE = 0
WRITE_ALLOCATE = 1
Within-pipeline factors:
	AGEN latency = 1 cycle
	Store Queue (SQ): SQ size = window size, oracle memory disambiguation, store-load forwarding = 1 cycle after store's or load's agen.
	* Note: A store searches the L1$ at commit. The store is released
	* from the SQ and window, whether it hits or misses. Store misses
	* are buffered until the block is allocated and the store is
	* performed in the L1$. While buffered, conflicting loads get
	* the store's data as they would from the SQ.
I$: 128 KB, 8-way set-assoc., 64B block size
L1$: 128 KB, 8-way set-assoc., 64B block size, 3-cycle search latency
L2$: 4 MB, 8-way set-assoc., 64B block size, 12-cycle search latency
L3$: 32 MB, 16-way set-assoc., 128B block size, 50-cycle search latency
Main Memory: 150-cycle fixed search time
---------------------------STORE QUEUE MEASUREMENTS (Full Simulation i.e. Counts Not Reset When Warmup Ends)---------------------------
Number of loads: 11405820
Number of loads that miss in SQ: 9380666 (82.24%)
Number of PFs issued to the memory system 974126
---------------------------------------------------------------------------------------------------------------------------------------
------------------------MEMORY HIERARCHY MEASUREMENTS (Full Simulation i.e. Counts Not Reset When Warmup Ends)-------------------------
I$:
	accesses   = 44343703
	misses     = 28810
	miss ratio = 0.06%
	pf accesses   = 0
	pf misses     = 0
	pf miss ratio = -nan%
L1$:
	accesses   = 15962930
	misses     = 116876
	miss ratio = 0.73%
	pf accesses   = 974126
	pf misses     = 14416
	pf miss ratio = 1.48%
L2$:
	accesses   = 145686
	misses     = 32280
	miss ratio = 22.16%
	pf accesses   = 14416
	pf misses     = 1634
	pf miss ratio = 11.33%
L3$:
	accesses   = 32280
	misses     = 17979
	miss ratio = 55.70%
	pf accesses   = 1634
	pf misses     = 781
	pf miss ratio = 47.80%
---------------------------------------------------------------------------------------------------------------------------------------
----------------------------------------------Prefetcher (Full Simulation i.e. No Warmup)----------------------------------------------
Num Trainings :11405820
Num Prefetches generated :977172
Num Prefetches issued :1452204
Num Prefetches filtered by PF queue :22649
Num untimely prefetches dropped from PF queue :3046
Num prefetches not issued LDST contention :478078
Num prefetches not issued stride 0 :4040954
---------------------------------------------------------------------------------------------------------------------------------------

-------------------------------ILP LIMIT STUDY (Full Simulation i.e. Counts Not Reset When Warmup Ends)--------------------------------
instructions = 39999694
cycles       = 12610278
CycWP        = 4968287
IPC          = 3.1720

---------------------------------------------------------------------------------------------------------------------------------------
Top 10 highest count indices:
Index: 0xAAAAAB3B425C, Count: 5867
Index: 0xAAAAAB3B3908, Count: 5496
Index: 0xAAAAAB3B38E8, Count: 5301
Index: 0xAAAAAB3B40B4, Count: 3454
Index: 0xAAAAAB4BD76C, Count: 3158
Index: 0xAAAAAB3B40A0, Count: 2788
Index: 0xAAAAAB3B38DC, Count: 2162
Index: 0xAAAAAB49BBF0, Count: 2052
Index: 0xAAAAAB49BBE4, Count: 2006
Index: 0xAAAAAB4BD7C8, Count: 1794

-----------------------------------------------BRANCH PREDICTION MEASUREMENTS (Full Simulation i.e. Counts Not Reset When Warmup Ends)----------------------------------------------
Type                   NumBr     MispBr        mr     mpki
CondDirect          6198022     196110   3.1641%   4.9028
JumpDirect          1406941          0   0.0000%   0.0000
JumpIndirect         236471          0   0.0000%   0.0000
JumpReturn           866875          0   0.0000%   0.0000
Not control        35635394          0   0.0000%   0.0000
------------------------------------------------------------------------------------------------------------------------------------------------------------------------------------

------------------------------------------------------DIRECT CONDITIONAL BRANCH PREDICTION MEASUREMENTS (Last 10M instructions)-----------------------------------------------------
       Instr       Cycles      IPC      NumBr     MispBr BrPerCyc MispBrPerCyc        MR     MPKI      CycWP   CycWPAvg   CycWPPKI
    10999694      3092237   3.5572    1729840      49574   0.5594       0.0160   2.8658%   4.5069    1139689    22.9897   103.6110
------------------------------------------------------------------------------------------------------------------------------------------------------------------------------------

------------------------------------------------------DIRECT CONDITIONAL BRANCH PREDICTION MEASUREMENTS (Last 25M instructions)-----------------------------------------------------
       Instr       Cycles      IPC      NumBr     MispBr BrPerCyc MispBrPerCyc        MR     MPKI      CycWP   CycWPAvg   CycWPPKI
    25999694      8560947   3.0370    4057851     154975   0.4740       0.0181   3.8191%   5.9606    3865037    24.9397   148.6570
-------------------------------------------------------------------------------------------------------------------------------------------------------------------------------------

---------------------------------------------------------DIRECT CONDITIONAL BRANCH PREDICTION MEASUREMENTS (50 Perc instructions)---------------------------------------------------
       Instr       Cycles      IPC      NumBr     MispBr BrPerCyc MispBrPerCyc        MR     MPKI      CycWP   CycWPAvg   CycWPPKI
    20999694      6614691   3.1747    3330435     118853   0.5035       0.0180   3.5687%   5.6597    2910947    24.4920   138.6185
------------------------------------------------------------------------------------------------------------------------------------------------------------------------------------

-------------------------------------DIRECT CONDITIONAL BRANCH PREDICTION MEASUREMENTS (Full Simulation i.e. Counts Not Reset When Warmup Ends)-------------------------------------
       Instr       Cycles      IPC      NumBr     MispBr BrPerCyc MispBrPerCyc        MR     MPKI      CycWP   CycWPAvg   CycWPPKI
    39999694     12610278   3.1720    6198022     196110   0.4915       0.0156   3.1641%   4.9028    4968287    25.3342   124.2081
------------------------------------------------------------------------------------------------------------------------------------------------------------------------------------
 Read 39999694 instrs 

ExecTime = 210.8112452030182
