CMD:./cbp traces/web/web_3_trace.gz
5000000 instrs 
10000000 instrs 
15000000 instrs 
20000000 instrs 
25000000 instrs 
30000000 instrs 
35000000 instrs 
EOF
WINDOW_SIZE = 1024
FETCH_WIDTH = 16
FETCH_NUM_BRANCH = 16
FETCH_STOP_AT_INDIRECT = 1
FETCH_STOP_AT_TAKEN = 1
FETCH_MODEL_ICACHE = 1
PERFECT_BRANCH_PRED = 0
PERFECT_INDIRECT_PRED = 1
PIPELINE_FILL_LATENCY = 10
NUM_LDST_LANES = 8
NUM_ALU_LANES = 16
MEMORY HIERARCHY CONFIGURATION---------------------
STRIDE Prefetcher = 1
PERFECT_CACHE = 0
WRITE_ALLOCATE = 1
Within-pipeline factors:
	AGEN latency = 1 cycle
	Store Queue (SQ): SQ size = window size, oracle memory disambiguation, store-load forwarding = 1 cycle after store's or load's agen.
	* Note: A store searches the L1$ at commit. The store is released
	* from the SQ and window, whether it hits or misses. Store misses
	* are buffered until the block is allocated and the store is
	* performed in the L1$. While buffered, conflicting loads get
	* the store's data as they would from the SQ.
I$: 128 KB, 8-way set-assoc., 64B block size
L1$: 128 KB, 8-way set-assoc., 64B block size, 3-cycle search latency
L2$: 4 MB, 8-way set-assoc., 64B block size, 12-cycle search latency
L3$: 32 MB, 16-way set-assoc., 128B block size, 50-cycle search latency
Main Memory: 150-cycle fixed search time
---------------------------STORE QUEUE MEASUREMENTS (Full Simulation i.e. Counts Not Reset When Warmup Ends)---------------------------
Number of loads: 11413025
Number of loads that miss in SQ: 9154837 (80.21%)
Number of PFs issued to the memory system 748959
---------------------------------------------------------------------------------------------------------------------------------------
------------------------MEMORY HIERARCHY MEASUREMENTS (Full Simulation i.e. Counts Not Reset When Warmup Ends)-------------------------
I$:
	accesses   = 44776292
	misses     = 31152
	miss ratio = 0.07%
	pf accesses   = 0
	pf misses     = 0
	pf miss ratio = -nan%
L1$:
	accesses   = 15994579
	misses     = 88987
	miss ratio = 0.56%
	pf accesses   = 748959
	pf misses     = 32058
	pf miss ratio = 4.28%
L2$:
	accesses   = 120139
	misses     = 38390
	miss ratio = 31.95%
	pf accesses   = 32058
	pf misses     = 8238
	pf miss ratio = 25.70%
L3$:
	accesses   = 38390
	misses     = 20426
	miss ratio = 53.21%
	pf accesses   = 8238
	pf misses     = 5161
	pf miss ratio = 62.65%
---------------------------------------------------------------------------------------------------------------------------------------
----------------------------------------------Prefetcher (Full Simulation i.e. No Warmup)----------------------------------------------
Num Trainings :11413025
Num Prefetches generated :750838
Num Prefetches issued :1327511
Num Prefetches filtered by PF queue :24200
Num untimely prefetches dropped from PF queue :1879
Num prefetches not issued LDST contention :578552
Num prefetches not issued stride 0 :4626312
---------------------------------------------------------------------------------------------------------------------------------------

-------------------------------ILP LIMIT STUDY (Full Simulation i.e. Counts Not Reset When Warmup Ends)--------------------------------
instructions = 39999981
cycles       = 12398621
CycWP        = 4731494
IPC          = 3.2262

---------------------------------------------------------------------------------------------------------------------------------------
Top 10 highest count indices:
Index: 0xAAAAAB3B425C, Count: 6964
Index: 0xAAAAAB3B3908, Count: 4467
Index: 0xAAAAAB3B38E8, Count: 3518
Index: 0xAAAAAB3B40B4, Count: 3010
Index: 0xAAAAAB49BBF0, Count: 2074
Index: 0xAAAAAB3B40A0, Count: 1879
Index: 0x40010009836C, Count: 1562
Index: 0xAAAAAB4BD76C, Count: 1493
Index: 0xAAAAAB3B38DC, Count: 1466
Index: 0x4001000982B8, Count: 1379

-----------------------------------------------BRANCH PREDICTION MEASUREMENTS (Full Simulation i.e. Counts Not Reset When Warmup Ends)----------------------------------------------
Type                   NumBr     MispBr        mr     mpki
CondDirect          6018442     163236   2.7123%   4.0809
JumpDirect          1066191          0   0.0000%   0.0000
JumpIndirect         306179          0   0.0000%   0.0000
JumpReturn           735123          0   0.0000%   0.0000
Not control        36650357          0   0.0000%   0.0000
------------------------------------------------------------------------------------------------------------------------------------------------------------------------------------

------------------------------------------------------DIRECT CONDITIONAL BRANCH PREDICTION MEASUREMENTS (Last 10M instructions)-----------------------------------------------------
       Instr       Cycles      IPC      NumBr     MispBr BrPerCyc MispBrPerCyc        MR     MPKI      CycWP   CycWPAvg   CycWPPKI
    10999981      2641000   4.1651    1726890      31236   0.6539       0.0118   1.8088%   2.8396     994829    31.8488    90.4392
------------------------------------------------------------------------------------------------------------------------------------------------------------------------------------

------------------------------------------------------DIRECT CONDITIONAL BRANCH PREDICTION MEASUREMENTS (Last 25M instructions)-----------------------------------------------------
       Instr       Cycles      IPC      NumBr     MispBr BrPerCyc MispBrPerCyc        MR     MPKI      CycWP   CycWPAvg   CycWPPKI
    25999981      7587590   3.4266    4101245     117013   0.5405       0.0154   2.8531%   4.5005    3600517    30.7702   138.4815
-------------------------------------------------------------------------------------------------------------------------------------------------------------------------------------

---------------------------------------------------------DIRECT CONDITIONAL BRANCH PREDICTION MEASUREMENTS (50 Perc instructions)---------------------------------------------------
       Instr       Cycles      IPC      NumBr     MispBr BrPerCyc MispBrPerCyc        MR     MPKI      CycWP   CycWPAvg   CycWPPKI
    20999981      5675145   3.7003    3382696      74626   0.5961       0.0131   2.2061%   3.5536    2527709    33.8717   120.3672
------------------------------------------------------------------------------------------------------------------------------------------------------------------------------------

-------------------------------------DIRECT CONDITIONAL BRANCH PREDICTION MEASUREMENTS (Full Simulation i.e. Counts Not Reset When Warmup Ends)-------------------------------------
       Instr       Cycles      IPC      NumBr     MispBr BrPerCyc MispBrPerCyc        MR     MPKI      CycWP   CycWPAvg   CycWPPKI
    39999981     12398621   3.2262    6018442     163236   0.4854       0.0132   2.7123%   4.0809    4731494    28.9856   118.2874
------------------------------------------------------------------------------------------------------------------------------------------------------------------------------------
 Read 39999981 instrs 

ExecTime = 217.42121720314026
