CMD:./cbp traces/web/web_6_trace.gz
5000000 instrs 
10000000 instrs 
15000000 instrs 
20000000 instrs 
25000000 instrs 
30000000 instrs 
35000000 instrs 
40000000 instrs 
EOF
WINDOW_SIZE = 1024
FETCH_WIDTH = 16
FETCH_NUM_BRANCH = 16
FETCH_STOP_AT_INDIRECT = 1
FETCH_STOP_AT_TAKEN = 1
FETCH_MODEL_ICACHE = 1
PERFECT_BRANCH_PRED = 0
PERFECT_INDIRECT_PRED = 1
PIPELINE_FILL_LATENCY = 10
NUM_LDST_LANES = 8
NUM_ALU_LANES = 16
MEMORY HIERARCHY CONFIGURATION---------------------
STRIDE Prefetcher = 1
PERFECT_CACHE = 0
WRITE_ALLOCATE = 1
Within-pipeline factors:
	AGEN latency = 1 cycle
	Store Queue (SQ): SQ size = window size, oracle memory disambiguation, store-load forwarding = 1 cycle after store's or load's agen.
	* Note: A store searches the L1$ at commit. The store is released
	* from the SQ and window, whether it hits or misses. Store misses
	* are buffered until the block is allocated and the store is
	* performed in the L1$. While buffered, conflicting loads get
	* the store's data as they would from the SQ.
I$: 128 KB, 8-way set-assoc., 64B block size
L1$: 128 KB, 8-way set-assoc., 64B block size, 3-cycle search latency
L2$: 4 MB, 8-way set-assoc., 64B block size, 12-cycle search latency
L3$: 32 MB, 16-way set-assoc., 128B block size, 50-cycle search latency
Main Memory: 150-cycle fixed search time
---------------------------STORE QUEUE MEASUREMENTS (Full Simulation i.e. Counts Not Reset When Warmup Ends)---------------------------
Number of loads: 11955308
Number of loads that miss in SQ: 9557066 (79.94%)
Number of PFs issued to the memory system 957167
---------------------------------------------------------------------------------------------------------------------------------------
------------------------MEMORY HIERARCHY MEASUREMENTS (Full Simulation i.e. Counts Not Reset When Warmup Ends)-------------------------
I$:
	accesses   = 45357017
	misses     = 17914
	miss ratio = 0.04%
	pf accesses   = 0
	pf misses     = 0
	pf miss ratio = -nan%
L1$:
	accesses   = 17360024
	misses     = 209735
	miss ratio = 1.21%
	pf accesses   = 957167
	pf misses     = 24223
	pf miss ratio = 2.53%
L2$:
	accesses   = 227649
	misses     = 44907
	miss ratio = 19.73%
	pf accesses   = 24223
	pf misses     = 2687
	pf miss ratio = 11.09%
L3$:
	accesses   = 44907
	misses     = 24049
	miss ratio = 53.55%
	pf accesses   = 2687
	pf misses     = 1447
	pf miss ratio = 53.85%
---------------------------------------------------------------------------------------------------------------------------------------
----------------------------------------------Prefetcher (Full Simulation i.e. No Warmup)----------------------------------------------
Num Trainings :11955308
Num Prefetches generated :961022
Num Prefetches issued :1617537
Num Prefetches filtered by PF queue :25121
Num untimely prefetches dropped from PF queue :3855
Num prefetches not issued LDST contention :660370
Num prefetches not issued stride 0 :3306443
---------------------------------------------------------------------------------------------------------------------------------------

-------------------------------ILP LIMIT STUDY (Full Simulation i.e. Counts Not Reset When Warmup Ends)--------------------------------
instructions = 40000022
cycles       = 13215143
CycWP        = 5727528
IPC          = 3.0268

---------------------------------------------------------------------------------------------------------------------------------------
Top 10 highest count indices:
Index: 0xAAAAAB3B3908, Count: 7300
Index: 0xAAAAAB3B425C, Count: 6673
Index: 0xAAAAAB3B38E8, Count: 4918
Index: 0xAAAAAB3B40B4, Count: 4612
Index: 0xAAAAAB3B40A0, Count: 3446
Index: 0xAAAAAB4BD76C, Count: 3085
Index: 0xAAAAAB4B3024, Count: 2152
Index: 0xAAAAAB3B4234, Count: 2125
Index: 0xAAAAAB10A074, Count: 1986
Index: 0xAAAAAB4BD7C8, Count: 1839

-----------------------------------------------BRANCH PREDICTION MEASUREMENTS (Full Simulation i.e. Counts Not Reset When Warmup Ends)----------------------------------------------
Type                   NumBr     MispBr        mr     mpki
CondDirect          6002648     199049   3.3160%   4.9762
JumpDirect          1518631          0   0.0000%   0.0000
JumpIndirect         155535          0   0.0000%   0.0000
JumpReturn          1105549          0   0.0000%   0.0000
Not control        36574654          0   0.0000%   0.0000
------------------------------------------------------------------------------------------------------------------------------------------------------------------------------------

------------------------------------------------------DIRECT CONDITIONAL BRANCH PREDICTION MEASUREMENTS (Last 10M instructions)-----------------------------------------------------
       Instr       Cycles      IPC      NumBr     MispBr BrPerCyc MispBrPerCyc        MR     MPKI      CycWP   CycWPAvg   CycWPPKI
    10000022      3466397   2.8848    1565176      66233   0.4515       0.0191   4.2317%   6.6233    1783014    26.9203   178.3010
------------------------------------------------------------------------------------------------------------------------------------------------------------------------------------

------------------------------------------------------DIRECT CONDITIONAL BRANCH PREDICTION MEASUREMENTS (Last 25M instructions)-----------------------------------------------------
       Instr       Cycles      IPC      NumBr     MispBr BrPerCyc MispBrPerCyc        MR     MPKI      CycWP   CycWPAvg   CycWPPKI
    25000022      8548819   2.9244    3842017     150227   0.4494       0.0176   3.9101%   6.0091    4203938    27.9839   168.1574
-------------------------------------------------------------------------------------------------------------------------------------------------------------------------------------

---------------------------------------------------------DIRECT CONDITIONAL BRANCH PREDICTION MEASUREMENTS (50 Perc instructions)---------------------------------------------------
       Instr       Cycles      IPC      NumBr     MispBr BrPerCyc MispBrPerCyc        MR     MPKI      CycWP   CycWPAvg   CycWPPKI
    20000022      6933594   2.8845    2962421     124144   0.4273       0.0179   4.1906%   6.2072    3526735    28.4084   176.3366
------------------------------------------------------------------------------------------------------------------------------------------------------------------------------------

-------------------------------------DIRECT CONDITIONAL BRANCH PREDICTION MEASUREMENTS (Full Simulation i.e. Counts Not Reset When Warmup Ends)-------------------------------------
       Instr       Cycles      IPC      NumBr     MispBr BrPerCyc MispBrPerCyc        MR     MPKI      CycWP   CycWPAvg   CycWPPKI
    40000022     13215143   3.0268    6002648     199049   0.4542       0.0151   3.3160%   4.9762    5727528    28.7745   143.1881
------------------------------------------------------------------------------------------------------------------------------------------------------------------------------------
 Read 40000022 instrs 

ExecTime = 169.56323266029358
