CMD:./cbp traces/web/web_0_trace.gz
5000000 instrs 
10000000 instrs 
15000000 instrs 
20000000 instrs 
25000000 instrs 
30000000 instrs 
35000000 instrs 
EOF
WINDOW_SIZE = 1024
FETCH_WIDTH = 16
FETCH_NUM_BRANCH = 16
FETCH_STOP_AT_INDIRECT = 1
FETCH_STOP_AT_TAKEN = 1
FETCH_MODEL_ICACHE = 1
PERFECT_BRANCH_PRED = 0
PERFECT_INDIRECT_PRED = 1
PIPELINE_FILL_LATENCY = 10
NUM_LDST_LANES = 8
NUM_ALU_LANES = 16
MEMORY HIERARCHY CONFIGURATION---------------------
STRIDE Prefetcher = 1
PERFECT_CACHE = 0
WRITE_ALLOCATE = 1
Within-pipeline factors:
	AGEN latency = 1 cycle
	Store Queue (SQ): SQ size = window size, oracle memory disambiguation, store-load forwarding = 1 cycle after store's or load's agen.
	* Note: A store searches the L1$ at commit. The store is released
	* from the SQ and window, whether it hits or misses. Store misses
	* are buffered until the block is allocated and the store is
	* performed in the L1$. While buffered, conflicting loads get
	* the store's data as they would from the SQ.
I$: 128 KB, 8-way set-assoc., 64B block size
L1$: 128 KB, 8-way set-assoc., 64B block size, 3-cycle search latency
L2$: 4 MB, 8-way set-assoc., 64B block size, 12-cycle search latency
L3$: 32 MB, 16-way set-assoc., 128B block size, 50-cycle search latency
Main Memory: 150-cycle fixed search time
---------------------------STORE QUEUE MEASUREMENTS (Full Simulation i.e. Counts Not Reset When Warmup Ends)---------------------------
Number of loads: 15376704
Number of loads that miss in SQ: 14720404 (95.73%)
Number of PFs issued to the memory system 1163801
---------------------------------------------------------------------------------------------------------------------------------------
------------------------MEMORY HIERARCHY MEASUREMENTS (Full Simulation i.e. Counts Not Reset When Warmup Ends)-------------------------
I$:
	accesses   = 40912710
	misses     = 862
	miss ratio = 0.00%
	pf accesses   = 0
	pf misses     = 0
	pf miss ratio = -nan%
L1$:
	accesses   = 16916912
	misses     = 824020
	miss ratio = 4.87%
	pf accesses   = 1163801
	pf misses     = 103860
	pf miss ratio = 8.92%
L2$:
	accesses   = 824882
	misses     = 54865
	miss ratio = 6.65%
	pf accesses   = 103860
	pf misses     = 18086
	pf miss ratio = 17.41%
L3$:
	accesses   = 54865
	misses     = 29376
	miss ratio = 53.54%
	pf accesses   = 18086
	pf misses     = 9977
	pf miss ratio = 55.16%
---------------------------------------------------------------------------------------------------------------------------------------
----------------------------------------------Prefetcher (Full Simulation i.e. No Warmup)----------------------------------------------
Num Trainings :15376704
Num Prefetches generated :1165988
Num Prefetches issued :1444781
Num Prefetches filtered by PF queue :9776
Num untimely prefetches dropped from PF queue :2187
Num prefetches not issued LDST contention :280980
Num prefetches not issued stride 0 :1466032
---------------------------------------------------------------------------------------------------------------------------------------

-------------------------------ILP LIMIT STUDY (Full Simulation i.e. Counts Not Reset When Warmup Ends)--------------------------------
instructions = 39999493
cycles       = 19887941
CycWP        = 6557606
IPC          = 2.0112

---------------------------------------------------------------------------------------------------------------------------------------
Top 10 highest count indices:
Index: 0xAAAAAB3529D8, Count: 4577
Index: 0xAAAAAB352CD0, Count: 3701
Index: 0xAAAAAB351370, Count: 3623
Index: 0xAAAAAB347FC0, Count: 1842
Index: 0xAAAAAB3452C4, Count: 1359
Index: 0xAAAAAB3479E8, Count: 1073
Index: 0xAAAAAB3483AC, Count: 978
Index: 0xAAAAAB3529E4, Count: 922
Index: 0xAAAAAB3452B0, Count: 806
Index: 0xAAAAAB352A7C, Count: 803

-----------------------------------------------BRANCH PREDICTION MEASUREMENTS (Full Simulation i.e. Counts Not Reset When Warmup Ends)----------------------------------------------
Type                   NumBr     MispBr        mr     mpki
CondDirect         11904941      59689   0.5014%   1.4922
JumpDirect           583527          0   0.0000%   0.0000
JumpIndirect           7550          0   0.0000%   0.0000
JumpReturn           293329          0   0.0000%   0.0000
Not control        28123363          0   0.0000%   0.0000
------------------------------------------------------------------------------------------------------------------------------------------------------------------------------------

------------------------------------------------------DIRECT CONDITIONAL BRANCH PREDICTION MEASUREMENTS (Last 10M instructions)-----------------------------------------------------
       Instr       Cycles      IPC      NumBr     MispBr BrPerCyc MispBrPerCyc        MR     MPKI      CycWP   CycWPAvg   CycWPPKI
    10999493      6172015   1.7822    3743607      12628   0.6065       0.0020   0.3373%   1.1481     874526    69.2529    79.5060
------------------------------------------------------------------------------------------------------------------------------------------------------------------------------------

------------------------------------------------------DIRECT CONDITIONAL BRANCH PREDICTION MEASUREMENTS (Last 25M instructions)-----------------------------------------------------
       Instr       Cycles      IPC      NumBr     MispBr BrPerCyc MispBrPerCyc        MR     MPKI      CycWP   CycWPAvg   CycWPPKI
    25999493     12301156   2.1136    8164825      25394   0.6637       0.0021   0.3110%   0.9767    3040498   119.7329   116.9445
-------------------------------------------------------------------------------------------------------------------------------------------------------------------------------------

---------------------------------------------------------DIRECT CONDITIONAL BRANCH PREDICTION MEASUREMENTS (50 Perc instructions)---------------------------------------------------
       Instr       Cycles      IPC      NumBr     MispBr BrPerCyc MispBrPerCyc        MR     MPKI      CycWP   CycWPAvg   CycWPPKI
    20999493      9837513   2.1346    6370198      23928   0.6475       0.0024   0.3756%   1.1395    2343619    97.9446   111.6036
------------------------------------------------------------------------------------------------------------------------------------------------------------------------------------

-------------------------------------DIRECT CONDITIONAL BRANCH PREDICTION MEASUREMENTS (Full Simulation i.e. Counts Not Reset When Warmup Ends)-------------------------------------
       Instr       Cycles      IPC      NumBr     MispBr BrPerCyc MispBrPerCyc        MR     MPKI      CycWP   CycWPAvg   CycWPPKI
    39999493     19887941   2.0112   11904941      59689   0.5986       0.0030   0.5014%   1.4922    6557606   109.8629   163.9422
------------------------------------------------------------------------------------------------------------------------------------------------------------------------------------
 Read 39999493 instrs 

ExecTime = 263.44591546058655
