CMD:./cbp traces/infra/infra_9_trace.gz
NOTE: Adding new entry to branch table for pc: 0x400007eb79d0 | at index: 0
NOTE: Adding new entry to branch table for pc: 0x4000080b95b4 | at index: 1
5000000 instrs 
10000000 instrs 
15000000 instrs 
NOTE: Adding new entry to branch table for pc: 0x400007f3ca00 | at index: 2
20000000 instrs 
NOTE: Adding new entry to branch table for pc: 0x400007db60bc | at index: 3
NOTE: Adding new entry to load table for pc: 0x400007db609c | at index: 0
NOTE: Adding new entry to branch table for pc: 0x400007db6064 | at index: 4
NOTE: Adding new entry to load table for pc: 0x400007db6048 | at index: 1
NOTE: Adding new entry to branch table for pc: 0x400007eb7afc | at index: 5
NOTE: Adding new entry to branch table for pc: 0x400007eb79e0 | at index: 6
NOTE: Adding new entry to load table for pc: 0x400007eb79dc | at index: 2
25000000 instrs 
30000000 instrs 
35000000 instrs 
40000000 instrs 
45000000 instrs 
50000000 instrs 
EOF
WINDOW_SIZE = 1024
FETCH_WIDTH = 16
FETCH_NUM_BRANCH = 16
FETCH_STOP_AT_INDIRECT = 1
FETCH_STOP_AT_TAKEN = 1
FETCH_MODEL_ICACHE = 1
PERFECT_BRANCH_PRED = 0
PERFECT_INDIRECT_PRED = 1
PIPELINE_FILL_LATENCY = 10
NUM_LDST_LANES = 8
NUM_ALU_LANES = 16
MEMORY HIERARCHY CONFIGURATION---------------------
STRIDE Prefetcher = 1
PERFECT_CACHE = 0
WRITE_ALLOCATE = 1
Within-pipeline factors:
	AGEN latency = 1 cycle
	Store Queue (SQ): SQ size = window size, oracle memory disambiguation, store-load forwarding = 1 cycle after store's or load's agen.
	* Note: A store searches the L1$ at commit. The store is released
	* from the SQ and window, whether it hits or misses. Store misses
	* are buffered until the block is allocated and the store is
	* performed in the L1$. While buffered, conflicting loads get
	* the store's data as they would from the SQ.
I$: 128 KB, 8-way set-assoc., 64B block size
L1$: 128 KB, 8-way set-assoc., 64B block size, 3-cycle search latency
L2$: 4 MB, 8-way set-assoc., 64B block size, 12-cycle search latency
L3$: 32 MB, 16-way set-assoc., 128B block size, 50-cycle search latency
Main Memory: 150-cycle fixed search time
---------------------------STORE QUEUE MEASUREMENTS (Full Simulation i.e. Counts Not Reset When Warmup Ends)---------------------------
Number of loads: 12763809
Number of loads that miss in SQ: 9355636 (73.30%)
Number of PFs issued to the memory system 937732
---------------------------------------------------------------------------------------------------------------------------------------
------------------------MEMORY HIERARCHY MEASUREMENTS (Full Simulation i.e. Counts Not Reset When Warmup Ends)-------------------------
I$:
	accesses   = 53316366
	misses     = 148996
	miss ratio = 0.28%
	pf accesses   = 0
	pf misses     = 0
	pf miss ratio = -nan%
L1$:
	accesses   = 19968562
	misses     = 609050
	miss ratio = 3.05%
	pf accesses   = 937732
	pf misses     = 139568
	pf miss ratio = 14.88%
L2$:
	accesses   = 758046
	misses     = 299499
	miss ratio = 39.51%
	pf accesses   = 139568
	pf misses     = 130021
	pf miss ratio = 93.16%
L3$:
	accesses   = 299499
	misses     = 134255
	miss ratio = 44.83%
	pf accesses   = 130021
	pf misses     = 99076
	pf miss ratio = 76.20%
---------------------------------------------------------------------------------------------------------------------------------------
----------------------------------------------Prefetcher (Full Simulation i.e. No Warmup)----------------------------------------------
Num Trainings :12763809
Num Prefetches generated :938164
Num Prefetches issued :1818731
Num Prefetches filtered by PF queue :70842
Num untimely prefetches dropped from PF queue :432
Num prefetches not issued LDST contention :880999
Num prefetches not issued stride 0 :5560655
---------------------------------------------------------------------------------------------------------------------------------------

-------------------------------ILP LIMIT STUDY (Full Simulation i.e. Counts Not Reset When Warmup Ends)--------------------------------
instructions = 50000052
cycles       = 29911250
CycWP        = 20358620
IPC          = 1.6716

---------------------------------------------------------------------------------------------------------------------------------------
Top 10 highest count indices:
Index: 0x400007EB79D0, Count: 65878
Index: 0x400007EB3E58, Count: 29230
Index: 0x400007EB7AFC, Count: 26925
Index: 0x400007EB79E0, Count: 25715
Index: 0x400007EB4164, Count: 22887
Index: 0x400007EB4208, Count: 12016
Index: 0x400007EB7A6C, Count: 6782
Index: 0x400007EB4234, Count: 6326
Index: 0x400007EB42B4, Count: 2929
Index: 0x4000080B95B4, Count: 2136

-----------------------------------------------BRANCH PREDICTION MEASUREMENTS (Full Simulation i.e. Counts Not Reset When Warmup Ends)----------------------------------------------
Type                   NumBr     MispBr        mr     mpki
CondDirect          7203244     231681   3.2163%   4.6336
JumpDirect           990227          0   0.0000%   0.0000
JumpIndirect          80877          0   0.0000%   0.0000
JumpReturn           543134          0   0.0000%   0.0000
Not control        44498884          0   0.0000%   0.0000
------------------------------------------------------------------------------------------------------------------------------------------------------------------------------------

------------------------------------------------------DIRECT CONDITIONAL BRANCH PREDICTION MEASUREMENTS (Last 10M instructions)-----------------------------------------------------
       Instr       Cycles      IPC      NumBr     MispBr BrPerCyc MispBrPerCyc        MR     MPKI      CycWP   CycWPAvg   CycWPPKI
    10000052      8095320   1.2353    1413669      87219   0.1746       0.0108   6.1697%   8.7219    6988308    80.1237   698.8272
------------------------------------------------------------------------------------------------------------------------------------------------------------------------------------

------------------------------------------------------DIRECT CONDITIONAL BRANCH PREDICTION MEASUREMENTS (Last 25M instructions)-----------------------------------------------------
       Instr       Cycles      IPC      NumBr     MispBr BrPerCyc MispBrPerCyc        MR     MPKI      CycWP   CycWPAvg   CycWPPKI
    25000052     17912426   1.3957    3405201     174201   0.1901       0.0097   5.1157%   6.9680   15297802    87.8170   611.9108
-------------------------------------------------------------------------------------------------------------------------------------------------------------------------------------

---------------------------------------------------------DIRECT CONDITIONAL BRANCH PREDICTION MEASUREMENTS (50 Perc instructions)---------------------------------------------------
       Instr       Cycles      IPC      NumBr     MispBr BrPerCyc MispBrPerCyc        MR     MPKI      CycWP   CycWPAvg   CycWPPKI
    25000052     17912426   1.3957    3405201     174201   0.1901       0.0097   5.1157%   6.9680   15297802    87.8170   611.9108
------------------------------------------------------------------------------------------------------------------------------------------------------------------------------------

-------------------------------------DIRECT CONDITIONAL BRANCH PREDICTION MEASUREMENTS (Full Simulation i.e. Counts Not Reset When Warmup Ends)-------------------------------------
       Instr       Cycles      IPC      NumBr     MispBr BrPerCyc MispBrPerCyc        MR     MPKI      CycWP   CycWPAvg   CycWPPKI
    50000052     29911250   1.6716    7203244     231681   0.2408       0.0077   3.2163%   4.6336   20358620    87.8735   407.1720
------------------------------------------------------------------------------------------------------------------------------------------------------------------------------------
 Read 50000052 instrs 

ExecTime = 249.25007033348083
