CMD:./cbp traces/int/int_20_trace.gz
5000000 instrs 
10000000 instrs 
15000000 instrs 
20000000 instrs 
25000000 instrs 
30000000 instrs 
35000000 instrs 
40000000 instrs 
45000000 instrs 
50000000 instrs 
55000000 instrs 
60000000 instrs 
EOF
WINDOW_SIZE = 1024
FETCH_WIDTH = 16
FETCH_NUM_BRANCH = 16
FETCH_STOP_AT_INDIRECT = 1
FETCH_STOP_AT_TAKEN = 1
FETCH_MODEL_ICACHE = 1
PERFECT_BRANCH_PRED = 0
PERFECT_INDIRECT_PRED = 1
PIPELINE_FILL_LATENCY = 10
NUM_LDST_LANES = 8
NUM_ALU_LANES = 16
MEMORY HIERARCHY CONFIGURATION---------------------
STRIDE Prefetcher = 1
PERFECT_CACHE = 0
WRITE_ALLOCATE = 1
Within-pipeline factors:
	AGEN latency = 1 cycle
	Store Queue (SQ): SQ size = window size, oracle memory disambiguation, store-load forwarding = 1 cycle after store's or load's agen.
	* Note: A store searches the L1$ at commit. The store is released
	* from the SQ and window, whether it hits or misses. Store misses
	* are buffered until the block is allocated and the store is
	* performed in the L1$. While buffered, conflicting loads get
	* the store's data as they would from the SQ.
I$: 128 KB, 8-way set-assoc., 64B block size
L1$: 128 KB, 8-way set-assoc., 64B block size, 3-cycle search latency
L2$: 4 MB, 8-way set-assoc., 64B block size, 12-cycle search latency
L3$: 32 MB, 16-way set-assoc., 128B block size, 50-cycle search latency
Main Memory: 150-cycle fixed search time
---------------------------STORE QUEUE MEASUREMENTS (Full Simulation i.e. Counts Not Reset When Warmup Ends)---------------------------
Number of loads: 18126583
Number of loads that miss in SQ: 12879716 (71.05%)
Number of PFs issued to the memory system 1575342
---------------------------------------------------------------------------------------------------------------------------------------
------------------------MEMORY HIERARCHY MEASUREMENTS (Full Simulation i.e. Counts Not Reset When Warmup Ends)-------------------------
I$:
	accesses   = 68678744
	misses     = 47310
	miss ratio = 0.07%
	pf accesses   = 0
	pf misses     = 0
	pf miss ratio = -nan%
L1$:
	accesses   = 27658271
	misses     = 342270
	miss ratio = 1.24%
	pf accesses   = 1575342
	pf misses     = 122471
	pf miss ratio = 7.77%
L2$:
	accesses   = 389580
	misses     = 56988
	miss ratio = 14.63%
	pf accesses   = 122471
	pf misses     = 10622
	pf miss ratio = 8.67%
L3$:
	accesses   = 56988
	misses     = 34651
	miss ratio = 60.80%
	pf accesses   = 10622
	pf misses     = 5225
	pf miss ratio = 49.19%
---------------------------------------------------------------------------------------------------------------------------------------
----------------------------------------------Prefetcher (Full Simulation i.e. No Warmup)----------------------------------------------
Num Trainings :18126583
Num Prefetches generated :1581638
Num Prefetches issued :3632318
Num Prefetches filtered by PF queue :97971
Num untimely prefetches dropped from PF queue :6296
Num prefetches not issued LDST contention :2056976
Num prefetches not issued stride 0 :4348694
---------------------------------------------------------------------------------------------------------------------------------------

-------------------------------ILP LIMIT STUDY (Full Simulation i.e. Counts Not Reset When Warmup Ends)--------------------------------
instructions = 60000051
cycles       = 17314691
CycWP        = 5281877
IPC          = 3.4653

---------------------------------------------------------------------------------------------------------------------------------------
Top 10 highest count indices:
Index: 0x546EC4, Count: 2690
Index: 0x546C40, Count: 2360
Index: 0x59CBDC, Count: 1334
Index: 0x4980C8, Count: 1235
Index: 0x467580, Count: 1028
Index: 0x5317E4, Count: 770
Index: 0x59B6A4, Count: 755
Index: 0x498024, Count: 656
Index: 0x5D1AD4, Count: 608
Index: 0x491D24, Count: 588

-----------------------------------------------BRANCH PREDICTION MEASUREMENTS (Full Simulation i.e. Counts Not Reset When Warmup Ends)----------------------------------------------
Type                   NumBr     MispBr        mr     mpki
CondDirect          9561405     167187   1.7486%   2.7864
JumpDirect          1957277          0   0.0000%   0.0000
JumpIndirect         445245          0   0.0000%   0.0000
JumpReturn           908136          0   0.0000%   0.0000
Not control        55806681          0   0.0000%   0.0000
------------------------------------------------------------------------------------------------------------------------------------------------------------------------------------

------------------------------------------------------DIRECT CONDITIONAL BRANCH PREDICTION MEASUREMENTS (Last 10M instructions)-----------------------------------------------------
       Instr       Cycles      IPC      NumBr     MispBr BrPerCyc MispBrPerCyc        MR     MPKI      CycWP   CycWPAvg   CycWPPKI
    10000051      2572410   3.8874    1668734      29065   0.6487       0.0113   1.7417%   2.9065     818379    28.1569    81.8375
------------------------------------------------------------------------------------------------------------------------------------------------------------------------------------

------------------------------------------------------DIRECT CONDITIONAL BRANCH PREDICTION MEASUREMENTS (Last 25M instructions)-----------------------------------------------------
       Instr       Cycles      IPC      NumBr     MispBr BrPerCyc MispBrPerCyc        MR     MPKI      CycWP   CycWPAvg   CycWPPKI
    25000051      5893442   4.2420    4043110      64769   0.6860       0.0110   1.6020%   2.5908    1785992    27.5748    71.4395
-------------------------------------------------------------------------------------------------------------------------------------------------------------------------------------

---------------------------------------------------------DIRECT CONDITIONAL BRANCH PREDICTION MEASUREMENTS (50 Perc instructions)---------------------------------------------------
       Instr       Cycles      IPC      NumBr     MispBr BrPerCyc MispBrPerCyc        MR     MPKI      CycWP   CycWPAvg   CycWPPKI
    30000051      7182878   4.1766    4877083      80425   0.6790       0.0112   1.6490%   2.6808    2242046    27.8775    74.7347
------------------------------------------------------------------------------------------------------------------------------------------------------------------------------------

-------------------------------------DIRECT CONDITIONAL BRANCH PREDICTION MEASUREMENTS (Full Simulation i.e. Counts Not Reset When Warmup Ends)-------------------------------------
       Instr       Cycles      IPC      NumBr     MispBr BrPerCyc MispBrPerCyc        MR     MPKI      CycWP   CycWPAvg   CycWPPKI
    60000051     17314691   3.4653    9561405     167187   0.5522       0.0097   1.7486%   2.7864    5281877    31.5926    88.0312
------------------------------------------------------------------------------------------------------------------------------------------------------------------------------------
 Read 60000051 instrs 

ExecTime = 325.1436529159546
